../Core/Src/main.c:93:5:main	16	static
../Core/Src/main.c:229:6:SystemClock_Config	88	static
../Core/Src/main.c:275:13:MX_I2C1_Init	8	static
../Core/Src/main.c:309:13:MX_TIM1_Init	56	static
../Core/Src/main.c:359:13:MX_TIM2_Init	64	static
../Core/Src/main.c:422:13:MX_TIM4_Init	56	static
../Core/Src/main.c:471:13:MX_USART3_UART_Init	8	static
../Core/Src/main.c:504:13:MX_USART6_UART_Init	8	static
../Core/Src/main.c:535:13:MX_DMA_Init	16	static
../Core/Src/main.c:553:13:MX_GPIO_Init	56	static
../Core/Src/main.c:639:6:Error_Handler	4	static,ignoring_inline_asm
