<html>
<body>
<pre>
<h1>µVision Build Log</h1>
<h2>Tool Versions:</h2>
IDE-Version: µVision V5.31.0.0
Copyright (C) 2020 ARM Ltd and ARM Germany GmbH. All rights reserved.
License Information: a anmh1205@gmail.com, b, LIC=D0D7S-L3MWT-456T5-G2U2M-B9KMA-Y4GD2
 
Tool Versions:
Toolchain:       MDK-ARM Plus  Version: 5.31.0.0
Toolchain Path:  C:\Keil_v5\ARM\ARMCC\Bin
C Compiler:      Armcc.exe V5.06 update 6 (build 750)
Assembler:       Armasm.exe V5.06 update 6 (build 750)
Linker/Locator:  ArmLink.exe V5.06 update 6 (build 750)
Library Manager: ArmAr.exe V5.06 update 6 (build 750)
Hex Converter:   FromElf.exe V5.06 update 6 (build 750)
CPU DLL:         SARMCM3.DLL V5.31.0.0
Dialog DLL:      DCM.DLL V1.17.3.0
Target DLL:      STLink\ST-LINKIII-KEIL_SWO.dll V3.0.7.0
Dialog DLL:      TCM.DLL V1.46.0.0
 
<h2>Project:</h2>
E:\1. Phenikaa University\AML\0. Project\7. MicroMouse_2024\1. MicroMouse Code\2. MicroMouse - STM32F407VGT6\PCB_AIO_V2_CODE\MDK-ARM\PCB_AIO_V2_CODE.uvprojx
Project File Date:  01/15/2025

<h2>Output:</h2>
*** Using Compiler 'V5.06 update 6 (build 750)', folder: 'C:\Keil_v5\ARM\ARMCC\Bin'
Build target 'PCB_AIO_V2_CODE'
compiling solver.c...
../Core/Inc/queue.h(8): warning:  #1295-D: Deprecated declaration queue_create - give arg types
  queue queue_create();
../Core/Inc/queue.h(30): warning:  #1-D: last line of file ends without a newline
  #endif
..\Core\Src\solver.c(54): warning:  #1295-D: Deprecated declaration initialize - give arg types
  void initialize();
..\Core\Src\solver.c(55): warning:  #1295-D: Deprecated declaration updateMaze - give arg types
  void updateMaze();
..\Core\Src\solver.c(58): warning:  #1295-D: Deprecated declaration updateDistances - give arg types
  void updateDistances();
..\Core\Src\solver.c(59): warning:  #1295-D: Deprecated declaration resetDistances - give arg types
  void resetDistances();
..\Core\Src\solver.c(64): warning:  #1295-D: Deprecated declaration solver - give arg types
  Action solver();
..\Core\Src\solver.c(65): warning:  #1295-D: Deprecated declaration fastRunSolver - give arg types
  Action fastRunSolver();
..\Core\Src\solver.c(66): warning:  #1295-D: Deprecated declaration floodFill - give arg types
  Action floodFill();
..\Core\Src\solver.c(69): warning:  #1295-D: Deprecated declaration fastRunWithVariableVelocity - give arg types
  void fastRunWithVariableVelocity();
..\Core\Src\solver.c(70): warning:  #1295-D: Deprecated declaration getReachingCenter - give arg types
  int getReachingCenter();
..\Core\Src\solver.c(228): warning:  #188-D: enumerated type mixed with another type
      heading = direction;
..\Core\Src\solver.c: 12 warnings, 0 errors
linking...
Program Size: Code=37406 RO-data=906 RW-data=1572 ZI-data=5484  
FromELF: creating hex file...
"PCB_AIO_V2_CODE\PCB_AIO_V2_CODE.axf" - 0 Error(s), 12 Warning(s).

<h2>Software Packages used:</h2>

Package Vendor: ARM
                http://www.keil.com/pack/ARM.CMSIS.5.7.0.pack
                ARM.CMSIS.5.7.0
                CMSIS (Cortex Microcontroller Software Interface Standard)
   * Component: CORE Version: 5.4.0

Package Vendor: Keil
                http://www.keil.com/pack/Keil.STM32H7xx_DFP.2.5.0.pack
                Keil.STM32H7xx_DFP.2.5.0
                STMicroelectronics STM32H7 Series Device Support and Examples

<h2>Collection of Component include folders:</h2>
  .\RTE\_PCB_AIO_V2_CODE
  D:\ARM\CMSIS\5.7.0\CMSIS\Core\Include
  D:\Keil\STM32H7xx_DFP\2.5.0\Drivers\CMSIS\Device\ST\STM32H7xx\Include

<h2>Collection of Component Files used:</h2>

   * Component: ARM::CMSIS:CORE:5.4.0
Build Time Elapsed:  00:00:01
</pre>
</body>
</html>
