Component: ARM Compiler 5.06 update 6 (build 750) Tool: armlink [4d35ed]

==============================================================================

Section Cross References

    startup_stm32h743xx.o(STACK) refers (Special) to heapauxi.o(.text) for __use_two_region_memory
    startup_stm32h743xx.o(HEAP) refers (Special) to heapauxi.o(.text) for __use_two_region_memory
    startup_stm32h743xx.o(RESET) refers (Special) to heapauxi.o(.text) for __use_two_region_memory
    startup_stm32h743xx.o(RESET) refers to startup_stm32h743xx.o(STACK) for __initial_sp
    startup_stm32h743xx.o(RESET) refers to startup_stm32h743xx.o(.text) for Reset_Handler
    startup_stm32h743xx.o(RESET) refers to stm32h7xx_it.o(i.NMI_Handler) for NMI_Handler
    startup_stm32h743xx.o(RESET) refers to stm32h7xx_it.o(i.HardFault_Handler) for HardFault_Handler
    startup_stm32h743xx.o(RESET) refers to stm32h7xx_it.o(i.MemManage_Handler) for MemManage_Handler
    startup_stm32h743xx.o(RESET) refers to stm32h7xx_it.o(i.BusFault_Handler) for BusFault_Handler
    startup_stm32h743xx.o(RESET) refers to stm32h7xx_it.o(i.UsageFault_Handler) for UsageFault_Handler
    startup_stm32h743xx.o(RESET) refers to stm32h7xx_it.o(i.SVC_Handler) for SVC_Handler
    startup_stm32h743xx.o(RESET) refers to stm32h7xx_it.o(i.DebugMon_Handler) for DebugMon_Handler
    startup_stm32h743xx.o(RESET) refers to stm32h7xx_it.o(i.PendSV_Handler) for PendSV_Handler
    startup_stm32h743xx.o(RESET) refers to stm32h7xx_it.o(i.SysTick_Handler) for SysTick_Handler
    startup_stm32h743xx.o(RESET) refers to stm32h7xx_it.o(i.DMA1_Stream0_IRQHandler) for DMA1_Stream0_IRQHandler
    startup_stm32h743xx.o(RESET) refers to stm32h7xx_it.o(i.USART1_IRQHandler) for USART1_IRQHandler
    startup_stm32h743xx.o(.text) refers (Special) to heapauxi.o(.text) for __use_two_region_memory
    startup_stm32h743xx.o(.text) refers to system_stm32h7xx.o(i.SystemInit) for SystemInit
    startup_stm32h743xx.o(.text) refers to __main.o(!!!main) for __main
    startup_stm32h743xx.o(.text) refers to startup_stm32h743xx.o(HEAP) for Heap_Mem
    startup_stm32h743xx.o(.text) refers to startup_stm32h743xx.o(STACK) for Stack_Mem
    main.o(i.MX_ADC2_Init) refers to rt_memclr_w.o(.text) for __aeabi_memclr4
    main.o(i.MX_ADC2_Init) refers to stm32h7xx_hal_adc.o(i.HAL_ADC_Init) for HAL_ADC_Init
    main.o(i.MX_ADC2_Init) refers to stm32h7xx_hal_adc.o(i.HAL_ADC_ConfigChannel) for HAL_ADC_ConfigChannel
    main.o(i.MX_ADC2_Init) refers to main.o(.bss) for .bss
    main.o(i.MX_GPIO_Init) refers to rt_memclr_w.o(.text) for __aeabi_memclr4
    main.o(i.MX_GPIO_Init) refers to stm32h7xx_hal_gpio.o(i.HAL_GPIO_WritePin) for HAL_GPIO_WritePin
    main.o(i.MX_GPIO_Init) refers to stm32h7xx_hal_gpio.o(i.HAL_GPIO_Init) for HAL_GPIO_Init
    main.o(i.MX_I2C1_Init) refers to stm32h7xx_hal_i2c.o(i.HAL_I2C_Init) for HAL_I2C_Init
    main.o(i.MX_I2C1_Init) refers to stm32h7xx_hal_i2c_ex.o(i.HAL_I2CEx_ConfigAnalogFilter) for HAL_I2CEx_ConfigAnalogFilter
    main.o(i.MX_I2C1_Init) refers to stm32h7xx_hal_i2c_ex.o(i.HAL_I2CEx_ConfigDigitalFilter) for HAL_I2CEx_ConfigDigitalFilter
    main.o(i.MX_I2C1_Init) refers to main.o(.bss) for .bss
    main.o(i.MX_TIM1_Init) refers to rt_memclr_w.o(.text) for __aeabi_memclr4
    main.o(i.MX_TIM1_Init) refers to stm32h7xx_hal_tim.o(i.HAL_TIM_PWM_Init) for HAL_TIM_PWM_Init
    main.o(i.MX_TIM1_Init) refers to stm32h7xx_hal_tim_ex.o(i.HAL_TIMEx_MasterConfigSynchronization) for HAL_TIMEx_MasterConfigSynchronization
    main.o(i.MX_TIM1_Init) refers to stm32h7xx_hal_tim.o(i.HAL_TIM_PWM_ConfigChannel) for HAL_TIM_PWM_ConfigChannel
    main.o(i.MX_TIM1_Init) refers to stm32h7xx_hal_tim_ex.o(i.HAL_TIMEx_ConfigBreakDeadTime) for HAL_TIMEx_ConfigBreakDeadTime
    main.o(i.MX_TIM1_Init) refers to stm32h7xx_hal_msp.o(i.HAL_TIM_MspPostInit) for HAL_TIM_MspPostInit
    main.o(i.MX_TIM1_Init) refers to main.o(.bss) for .bss
    main.o(i.MX_TIM2_Init) refers to rt_memclr_w.o(.text) for __aeabi_memclr4
    main.o(i.MX_TIM2_Init) refers to stm32h7xx_hal_tim.o(i.HAL_TIM_Encoder_Init) for HAL_TIM_Encoder_Init
    main.o(i.MX_TIM2_Init) refers to stm32h7xx_hal_tim_ex.o(i.HAL_TIMEx_MasterConfigSynchronization) for HAL_TIMEx_MasterConfigSynchronization
    main.o(i.MX_TIM2_Init) refers to main.o(.bss) for .bss
    main.o(i.MX_TIM3_Init) refers to rt_memclr_w.o(.text) for __aeabi_memclr4
    main.o(i.MX_TIM3_Init) refers to stm32h7xx_hal_tim.o(i.HAL_TIM_PWM_Init) for HAL_TIM_PWM_Init
    main.o(i.MX_TIM3_Init) refers to stm32h7xx_hal_tim_ex.o(i.HAL_TIMEx_MasterConfigSynchronization) for HAL_TIMEx_MasterConfigSynchronization
    main.o(i.MX_TIM3_Init) refers to stm32h7xx_hal_tim.o(i.HAL_TIM_PWM_ConfigChannel) for HAL_TIM_PWM_ConfigChannel
    main.o(i.MX_TIM3_Init) refers to stm32h7xx_hal_msp.o(i.HAL_TIM_MspPostInit) for HAL_TIM_MspPostInit
    main.o(i.MX_TIM3_Init) refers to main.o(.bss) for .bss
    main.o(i.MX_TIM5_Init) refers to rt_memclr_w.o(.text) for __aeabi_memclr4
[...]
    i.HAL_RCC_GetSysClockFreq                0x0800432c   Section        0  stm32h7xx_hal_rcc.o(i.HAL_RCC_GetSysClockFreq)
    i.HAL_RCC_OscConfig                      0x08004464   Section        0  stm32h7xx_hal_rcc.o(i.HAL_RCC_OscConfig)
    i.HAL_SYSTICK_Config                     0x080049e6   Section        0  stm32h7xx_hal_cortex.o(i.HAL_SYSTICK_Config)
    i.HAL_TIMEx_ConfigBreakDeadTime          0x08004a0c   Section        0  stm32h7xx_hal_tim_ex.o(i.HAL_TIMEx_ConfigBreakDeadTime)
    i.HAL_TIMEx_MasterConfigSynchronization  0x08004aac   Section        0  stm32h7xx_hal_tim_ex.o(i.HAL_TIMEx_MasterConfigSynchronization)
    i.HAL_TIM_Base_Start                     0x08004b50   Section        0  stm32h7xx_hal_tim.o(i.HAL_TIM_Base_Start)
    i.HAL_TIM_Encoder_Init                   0x08004bd0   Section        0  stm32h7xx_hal_tim.o(i.HAL_TIM_Encoder_Init)
    i.HAL_TIM_Encoder_MspInit                0x08004c8c   Section        0  stm32h7xx_hal_msp.o(i.HAL_TIM_Encoder_MspInit)
    i.HAL_TIM_Encoder_Start                  0x08004d54   Section        0  stm32h7xx_hal_tim.o(i.HAL_TIM_Encoder_Start)
    i.HAL_TIM_MspPostInit                    0x08004de4   Section        0  stm32h7xx_hal_msp.o(i.HAL_TIM_MspPostInit)
    i.HAL_TIM_PWM_ConfigChannel              0x08004e6c   Section        0  stm32h7xx_hal_tim.o(i.HAL_TIM_PWM_ConfigChannel)
    i.HAL_TIM_PWM_Init                       0x08004f90   Section        0  stm32h7xx_hal_tim.o(i.HAL_TIM_PWM_Init)
    i.HAL_TIM_PWM_MspInit                    0x08004ff4   Section        0  stm32h7xx_hal_msp.o(i.HAL_TIM_PWM_MspInit)
    i.HAL_TIM_PWM_Start                      0x08005038   Section        0  stm32h7xx_hal_tim.o(i.HAL_TIM_PWM_Start)
    i.HAL_TIM_PWM_Stop                       0x08005148   Section        0  stm32h7xx_hal_tim.o(i.HAL_TIM_PWM_Stop)
    i.HAL_UARTEx_DisableFifoMode             0x080051f8   Section        0  stm32h7xx_hal_uart_ex.o(i.HAL_UARTEx_DisableFifoMode)
    i.HAL_UARTEx_RxEventCallback             0x08005238   Section        0  stm32h7xx_hal_uart.o(i.HAL_UARTEx_RxEventCallback)
    i.HAL_UARTEx_RxFifoFullCallback          0x0800523a   Section        0  stm32h7xx_hal_uart_ex.o(i.HAL_UARTEx_RxFifoFullCallback)
    i.HAL_UARTEx_SetRxFifoThreshold          0x0800523c   Section        0  stm32h7xx_hal_uart_ex.o(i.HAL_UARTEx_SetRxFifoThreshold)
    i.HAL_UARTEx_SetTxFifoThreshold          0x08005288   Section        0  stm32h7xx_hal_uart_ex.o(i.HAL_UARTEx_SetTxFifoThreshold)
    i.HAL_UARTEx_TxFifoEmptyCallback         0x080052d4   Section        0  stm32h7xx_hal_uart_ex.o(i.HAL_UARTEx_TxFifoEmptyCallback)
    i.HAL_UARTEx_WakeupCallback              0x080052d6   Section        0  stm32h7xx_hal_uart_ex.o(i.HAL_UARTEx_WakeupCallback)
    i.HAL_UART_DMAStop                       0x080052d8   Section        0  stm32h7xx_hal_uart.o(i.HAL_UART_DMAStop)
    i.HAL_UART_ErrorCallback                 0x0800536a   Section        0  stm32h7xx_hal_uart.o(i.HAL_UART_ErrorCallback)
    i.HAL_UART_IRQHandler                    0x0800536c   Section        0  stm32h7xx_hal_uart.o(i.HAL_UART_IRQHandler)
    i.HAL_UART_Init                          0x080056f4   Section        0  stm32h7xx_hal_uart.o(i.HAL_UART_Init)
    i.HAL_UART_MspInit                       0x08005760   Section        0  stm32h7xx_hal_msp.o(i.HAL_UART_MspInit)
    i.HAL_UART_Receive                       0x0800588c   Section        0  stm32h7xx_hal_uart.o(i.HAL_UART_Receive)
    i.HAL_UART_Receive_DMA                   0x08005974   Section        0  stm32h7xx_hal_uart.o(i.HAL_UART_Receive_DMA)
    i.HAL_UART_RxCpltCallback                0x080059bc   Section        0  aml_mpusensor.o(i.HAL_UART_RxCpltCallback)
    i.HAL_UART_RxHalfCpltCallback            0x08005a90   Section        0  stm32h7xx_hal_uart.o(i.HAL_UART_RxHalfCpltCallback)
    i.HAL_UART_Transmit                      0x08005a92   Section        0  stm32h7xx_hal_uart.o(i.HAL_UART_Transmit)
    i.HAL_UART_TxCpltCallback                0x08005b42   Section        0  stm32h7xx_hal_uart.o(i.HAL_UART_TxCpltCallback)
    i.HardFault_Handler                      0x08005b44   Section        0  stm32h7xx_it.o(i.HardFault_Handler)
    i.LL_ADC_INJ_IsConversionOngoing         0x08005b46   Section        0  stm32h7xx_hal_adc.o(i.LL_ADC_INJ_IsConversionOngoing)
    LL_ADC_INJ_IsConversionOngoing           0x08005b47   Thumb Code     8  stm32h7xx_hal_adc.o(i.LL_ADC_INJ_IsConversionOngoing)
    i.LL_ADC_REG_IsConversionOngoing         0x08005b4e   Section        0  stm32h7xx_hal_adc.o(i.LL_ADC_REG_IsConversionOngoing)
    LL_ADC_REG_IsConversionOngoing           0x08005b4f   Thumb Code     8  stm32h7xx_hal_adc.o(i.LL_ADC_REG_IsConversionOngoing)
    i.LL_ADC_SetChannelSamplingTime          0x08005b56   Section        0  stm32h7xx_hal_adc.o(i.LL_ADC_SetChannelSamplingTime)
    LL_ADC_SetChannelSamplingTime            0x08005b57   Thumb Code    30  stm32h7xx_hal_adc.o(i.LL_ADC_SetChannelSamplingTime)
    i.MX_ADC2_Init                           0x08005b74   Section        0  main.o(i.MX_ADC2_Init)
    MX_ADC2_Init                             0x08005b75   Thumb Code   122  main.o(i.MX_ADC2_Init)
    i.MX_GPIO_Init                           0x08005bfc   Section        0  main.o(i.MX_GPIO_Init)
    MX_GPIO_Init                             0x08005bfd   Thumb Code   222  main.o(i.MX_GPIO_Init)
    i.MX_I2C1_Init                           0x08005ce8   Section        0  main.o(i.MX_I2C1_Init)
    MX_I2C1_Init                             0x08005ce9   Thumb Code    72  main.o(i.MX_I2C1_Init)
    i.MX_TIM1_Init                           0x08005d3c   Section        0  main.o(i.MX_TIM1_Init)
    MX_TIM1_Init                             0x08005d3d   Thumb Code   180  main.o(i.MX_TIM1_Init)
    i.MX_TIM2_Init                           0x08005df8   Section        0  main.o(i.MX_TIM2_Init)
    MX_TIM2_Init                             0x08005df9   Thumb Code    96  main.o(i.MX_TIM2_Init)
    i.MX_TIM3_Init                           0x08005e5c   Section        0  main.o(i.MX_TIM3_Init)
    MX_TIM3_Init                             0x08005e5d   Thumb Code   108  main.o(i.MX_TIM3_Init)
    i.MX_TIM5_Init                           0x08005ed0   Section        0  main.o(i.MX_TIM5_Init)
    MX_TIM5_Init                             0x08005ed1   Thumb Code    94  main.o(i.MX_TIM5_Init)
    i.MX_USART1_UART_Init                    0x08005f38   Section        0  main.o(i.MX_USART1_UART_Init)
    MX_USART1_UART_Init                      0x08005f39   Thumb Code    90  main.o(i.MX_USART1_UART_Init)
    i.MX_USART2_UART_Init                    0x08005f9c   Section        0  main.o(i.MX_USART2_UART_Init)
    MX_USART2_UART_Init                      0x08005f9d   Thumb Code    90  main.o(i.MX_USART2_UART_Init)
    i.MemManage_Handler                      0x08006000   Section        0  stm32h7xx_it.o(i.MemManage_Handler)
    i.NMI_Handler                            0x08006002   Section        0  stm32h7xx_it.o(i.NMI_Handler)
    i.PendSV_Handler                         0x08006004   Section        0  stm32h7xx_it.o(i.PendSV_Handler)
    i.RCCEx_PLL2_Config                      0x08006008   Section        0  stm32h7xx_hal_rcc_ex.o(i.RCCEx_PLL2_Config)
    RCCEx_PLL2_Config                        0x08006009   Thumb Code   284  stm32h7xx_hal_rcc_ex.o(i.RCCEx_PLL2_Config)
    i.RCCEx_PLL3_Config                      0x08006128   Section        0  stm32h7xx_hal_rcc_ex.o(i.RCCEx_PLL3_Config)
    RCCEx_PLL3_Config                        0x08006129   Thumb Code   284  stm32h7xx_hal_rcc_ex.o(i.RCCEx_PLL3_Config)
    i.SVC_Handler                            0x08006248   Section        0  stm32h7xx_it.o(i.SVC_Handler)
    i.SysTick_Handler                        0x0800624a   Section        0  stm32h7xx_it.o(i.SysTick_Handler)
    i.SystemClock_Config                     0x08006250   Section        0  main.o(i.SystemClock_Config)
    i.SystemInit                             0x0800632c   Section        0  system_stm32h7xx.o(i.SystemInit)
    i.TIM_Base_SetConfig                     0x08006408   Section        0  stm32h7xx_hal_tim.o(i.TIM_Base_SetConfig)
    i.TIM_CCxChannelCmd                      0x080064d8   Section        0  stm32h7xx_hal_tim.o(i.TIM_CCxChannelCmd)
    i.TIM_OC1_SetConfig                      0x080064f4   Section        0  stm32h7xx_hal_tim.o(i.TIM_OC1_SetConfig)
    TIM_OC1_SetConfig                        0x080064f5   Thumb Code   140  stm32h7xx_hal_tim.o(i.TIM_OC1_SetConfig)
    i.TIM_OC2_SetConfig                      0x08006598   Section        0  stm32h7xx_hal_tim.o(i.TIM_OC2_SetConfig)
    i.TIM_OC3_SetConfig                      0x08006630   Section        0  stm32h7xx_hal_tim.o(i.TIM_OC3_SetConfig)
    TIM_OC3_SetConfig                        0x08006631   Thumb Code   126  stm32h7xx_hal_tim.o(i.TIM_OC3_SetConfig)
    i.TIM_OC4_SetConfig                      0x080066c8   Section        0  stm32h7xx_hal_tim.o(i.TIM_OC4_SetConfig)
    TIM_OC4_SetConfig                        0x080066c9   Thumb Code    96  stm32h7xx_hal_tim.o(i.TIM_OC4_SetConfig)
    i.TIM_OC5_SetConfig                      0x08006740   Section        0  stm32h7xx_hal_tim.o(i.TIM_OC5_SetConfig)
    TIM_OC5_SetConfig                        0x08006741   Thumb Code    90  stm32h7xx_hal_tim.o(i.TIM_OC5_SetConfig)
    i.TIM_OC6_SetConfig                      0x080067b4   Section        0  stm32h7xx_hal_tim.o(i.TIM_OC6_SetConfig)
    TIM_OC6_SetConfig                        0x080067b5   Thumb Code    90  stm32h7xx_hal_tim.o(i.TIM_OC6_SetConfig)
    i.UARTEx_SetNbDataToProcess              0x08006828   Section        0  stm32h7xx_hal_uart_ex.o(i.UARTEx_SetNbDataToProcess)
    UARTEx_SetNbDataToProcess                0x08006829   Thumb Code    62  stm32h7xx_hal_uart_ex.o(i.UARTEx_SetNbDataToProcess)
    i.UART_AdvFeatureConfig                  0x0800686c   Section        0  stm32h7xx_hal_uart.o(i.UART_AdvFeatureConfig)
    i.UART_CheckIdleState                    0x08006934   Section        0  stm32h7xx_hal_uart.o(i.UART_CheckIdleState)
    i.UART_DMAAbortOnError                   0x080069de   Section        0  stm32h7xx_hal_uart.o(i.UART_DMAAbortOnError)
    UART_DMAAbortOnError                     0x080069df   Thumb Code    20  stm32h7xx_hal_uart.o(i.UART_DMAAbortOnError)
    i.UART_DMAError                          0x080069f2   Section        0  stm32h7xx_hal_uart.o(i.UART_DMAError)
    UART_DMAError                            0x080069f3   Thumb Code    78  stm32h7xx_hal_uart.o(i.UART_DMAError)
    i.UART_DMAReceiveCplt                    0x08006a40   Section        0  stm32h7xx_hal_uart.o(i.UART_DMAReceiveCplt)
    UART_DMAReceiveCplt                      0x08006a41   Thumb Code   130  stm32h7xx_hal_uart.o(i.UART_DMAReceiveCplt)
    i.UART_DMARxHalfCplt                     0x08006ac2   Section        0  stm32h7xx_hal_uart.o(i.UART_DMARxHalfCplt)
    UART_DMARxHalfCplt                       0x08006ac3   Thumb Code    32  stm32h7xx_hal_uart.o(i.UART_DMARxHalfCplt)
    i.UART_EndRxTransfer                     0x08006ae4   Section        0  stm32h7xx_hal_uart.o(i.UART_EndRxTransfer)
    UART_EndRxTransfer                       0x08006ae5   Thumb Code    78  stm32h7xx_hal_uart.o(i.UART_EndRxTransfer)
    i.UART_EndTxTransfer                     0x08006b38   Section        0  stm32h7xx_hal_uart.o(i.UART_EndTxTransfer)
    UART_EndTxTransfer                       0x08006b39   Thumb Code    46  stm32h7xx_hal_uart.o(i.UART_EndTxTransfer)
    i.UART_SetConfig                         0x08006b68   Section        0  stm32h7xx_hal_uart.o(i.UART_SetConfig)
    i.UART_Start_Receive_DMA                 0x08006f14   Section        0  stm32h7xx_hal_uart.o(i.UART_Start_Receive_DMA)
    i.UART_WaitOnFlagUntilTimeout            0x08006fbc   Section        0  stm32h7xx_hal_uart.o(i.UART_WaitOnFlagUntilTimeout)
    i.USART1_IRQHandler                      0x08007050   Section        0  stm32h7xx_it.o(i.USART1_IRQHandler)
    i.UsageFault_Handler                     0x0800705c   Section        0  stm32h7xx_it.o(i.UsageFault_Handler)
    i.__NVIC_SetPriority                     0x0800705e   Section        0  stm32h7xx_hal_cortex.o(i.__NVIC_SetPriority)
    __NVIC_SetPriority                       0x0800705f   Thumb Code    34  stm32h7xx_hal_cortex.o(i.__NVIC_SetPriority)
    i.handle                                 0x08007080   Section        0  aml_mpusensor.o(i.handle)
    i.main                                   0x080070bc   Section        0  main.o(i.main)
    x$fpl$fpinit                             0x080071c4   Section       10  fpinit.o(x$fpl$fpinit)
    $v0                                      0x080071c4   Number         0  fpinit.o(x$fpl$fpinit)
    .constdata                               0x080071ce   Section        8  stm32h7xx_hal_dma.o(.constdata)
    flagBitshiftOffset                       0x080071ce   Data           8  stm32h7xx_hal_dma.o(.constdata)
    .constdata                               0x080071d6   Section       24  stm32h7xx_hal_uart.o(.constdata)
    .constdata                               0x080071ee   Section       16  stm32h7xx_hal_uart_ex.o(.constdata)
    numerator                                0x080071ee   Data           8  stm32h7xx_hal_uart_ex.o(.constdata)
    denominator                              0x080071f6   Data           8  stm32h7xx_hal_uart_ex.o(.constdata)
    .constdata                               0x080071fe   Section       16  system_stm32h7xx.o(.constdata)
    .data                                    0x24000000   Section       12  main.o(.data)
    .data                                    0x24000010   Section       32  aml_mpusensor.o(.data)
    .data                                    0x24000030   Section        2  aml_buzzer.o(.data)
    .data                                    0x24000034   Section       32  aml_switch.o(.data)
    .data                                    0x24000058   Section      288  aml_motorcontrol.o(.data)
    .data                                    0x24000178   Section       12  stm32h7xx_hal.o(.data)
    .data                                    0x24000184   Section        8  system_stm32h7xx.o(.data)
    .bss                                     0x2400018c   Section      784  main.o(.bss)
    .bss                                     0x2400049c   Section      120  main.o(.bss)
    .bss                                     0x24000514   Section       36  aml_mpusensor.o(.bss)
    .bss                                     0x24000538   Section      640  aml_motorcontrol.o(.bss)
    .bss                                     0x240007b8   Section       96  libspace.o(.bss)
    HEAP                                     0x24000818   Section      512  startup_stm32h743xx.o(HEAP)
    Heap_Mem                                 0x24000818   Data         512  startup_stm32h743xx.o(HEAP)
    STACK                                    0x24000a18   Section     1024  startup_stm32h743xx.o(STACK)
    Stack_Mem                                0x24000a18   Data        1024  startup_stm32h743xx.o(STACK)
    __initial_sp                             0x24000e18   Data           0  startup_stm32h743xx.o(STACK)

    Global Symbols

    Symbol Name                              Value     Ov Type        Size  Object(Section)

    BuildAttributes$$THM_ISAv4$E$P$D$K$B$S$7EM$VFPv5_D16$PE$PLD8$A:L22UL41UL21$X:L11$S22US41US21$IEEE1$IW$USESV6$~STKCKD$USESV7$~SHL$OSPACE$ROPI$EBA8$UX$STANDARDLIB$REQ8$PRES8$EABIv2 0x00000000   Number         0  anon$$obj.o ABSOLUTE
    __ARM_use_no_argv                        0x00000000   Number         0  main.o ABSOLUTE
    __ARM_exceptions_init                     - Undefined Weak Reference
    __alloca_initialize                       - Undefined Weak Reference
    __arm_preinit_                            - Undefined Weak Reference
    __cpp_initialize__aeabi_                  - Undefined Weak Reference
    __cxa_finalize                            - Undefined Weak Reference
    __rt_locale                               - Undefined Weak Reference
    __sigvec_lookup                           - Undefined Weak Reference
    _atexit_init                              - Undefined Weak Reference
    _call_atexit_fns                          - Undefined Weak Reference
    _clock_init                               - Undefined Weak Reference
    _fp_trap_init                             - Undefined Weak Reference
    _fp_trap_shutdown                         - Undefined Weak Reference
    _get_lc_collate                           - Undefined Weak Reference
    _get_lc_ctype                             - Undefined Weak Reference
    _get_lc_monetary                          - Undefined Weak Reference
    _get_lc_numeric                           - Undefined Weak Reference
    _get_lc_time                              - Undefined Weak Reference
    _getenv_init                              - Undefined Weak Reference
    _handle_redirection                       - Undefined Weak Reference
    _init_alloc                               - Undefined Weak Reference
    _init_user_alloc                          - Undefined Weak Reference
    _initio                                   - Undefined Weak Reference
    _rand_init                                - Undefined Weak Reference
    _signal_finish                            - Undefined Weak Reference
    _signal_init                              - Undefined Weak Reference
    _terminate_alloc                          - Undefined Weak Reference
    _terminate_user_alloc                     - Undefined Weak Reference
    _terminateio                              - Undefined Weak Reference
    __Vectors_Size                           0x00000298   Number         0  startup_stm32h743xx.o ABSOLUTE
    __Vectors                                0x08000000   Data           4  startup_stm32h743xx.o(RESET)
    __Vectors_End                            0x08000298   Data           0  startup_stm32h743xx.o(RESET)
    __main                                   0x08000299   Thumb Code     8  __main.o(!!!main)
    __scatterload                            0x080002a1   Thumb Code     0  __scatter.o(!!!scatter)
    __scatterload_rt2                        0x080002a1   Thumb Code    44  __scatter.o(!!!scatter)
    __scatterload_rt2_thumb_only             0x080002a1   Thumb Code     0  __scatter.o(!!!scatter)
    __scatterload_null                       0x080002af   Thumb Code     0  __scatter.o(!!!scatter)
    __decompress                             0x080002d5   Thumb Code    90  __dczerorl2.o(!!dczerorl2)
    __decompress1                            0x080002d5   Thumb Code     0  __dczerorl2.o(!!dczerorl2)
    __scatterload_zeroinit                   0x08000331   Thumb Code    28  __scatter_zi.o(!!handler_zi)
    __rt_lib_init                            0x0800034d   Thumb Code     0  libinit.o(.ARM.Collect$$libinit$$00000000)
    __rt_lib_init_fp_1                       0x0800034f   Thumb Code     0  libinit2.o(.ARM.Collect$$libinit$$00000001)
    __rt_lib_init_alloca_1                   0x08000353   Thumb Code     0  libinit2.o(.ARM.Collect$$libinit$$0000002E)
    __rt_lib_init_argv_1                     0x08000353   Thumb Code     0  libinit2.o(.ARM.Collect$$libinit$$0000002C)
    __rt_lib_init_atexit_1                   0x08000353   Thumb Code     0  libinit2.o(.ARM.Collect$$libinit$$0000001B)
    __rt_lib_init_clock_1                    0x08000353   Thumb Code     0  libinit2.o(.ARM.Collect$$libinit$$00000021)
    __rt_lib_init_cpp_1                      0x08000353   Thumb Code     0  libinit2.o(.ARM.Collect$$libinit$$00000032)
    __rt_lib_init_exceptions_1               0x08000353   Thumb Code     0  libinit2.o(.ARM.Collect$$libinit$$00000030)
    __rt_lib_init_fp_trap_1                  0x08000353   Thumb Code     0  libinit2.o(.ARM.Collect$$libinit$$0000001F)
    __rt_lib_init_getenv_1                   0x08000353   Thumb Code     0  libinit2.o(.ARM.Collect$$libinit$$00000023)
    __rt_lib_init_heap_1                     0x08000353   Thumb Code     0  libinit2.o(.ARM.Collect$$libinit$$0000000A)
    __rt_lib_init_lc_collate_1               0x08000353   Thumb Code     0  libinit2.o(.ARM.Collect$$libinit$$00000011)
    __rt_lib_init_lc_ctype_1                 0x08000353   Thumb Code     0  libinit2.o(.ARM.Collect$$libinit$$00000013)
    __rt_lib_init_lc_monetary_1              0x08000353   Thumb Code     0  libinit2.o(.ARM.Collect$$libinit$$00000015)
    __rt_lib_init_lc_numeric_1               0x08000353   Thumb Code     0  libinit2.o(.ARM.Collect$$libinit$$00000017)
    __rt_lib_init_lc_time_1                  0x08000353   Thumb Code     0  libinit2.o(.ARM.Collect$$libinit$$00000019)
    __rt_lib_init_preinit_1                  0x08000353   Thumb Code     0  libinit2.o(.ARM.Collect$$libinit$$00000004)
    __rt_lib_init_rand_1                     0x08000353   Thumb Code     0  libinit2.o(.ARM.Collect$$libinit$$0000000E)
    __rt_lib_init_return                     0x08000353   Thumb Code     0  libinit2.o(.ARM.Collect$$libinit$$00000033)
    __rt_lib_init_signal_1                   0x08000353   Thumb Code     0  libinit2.o(.ARM.Collect$$libinit$$0000001D)
    __rt_lib_init_stdio_1                    0x08000353   Thumb Code     0  libinit2.o(.ARM.Collect$$libinit$$00000025)
    __rt_lib_init_user_alloc_1               0x08000353   Thumb Code     0  libinit2.o(.ARM.Collect$$libinit$$0000000C)
    __rt_lib_shutdown                        0x08000355   Thumb Code     0  libshutdown.o(.ARM.Collect$$libshutdown$$00000000)
    __rt_lib_shutdown_cpp_1                  0x08000357   Thumb Code     0  libshutdown2.o(.ARM.Collect$$libshutdown$$00000002)
    __rt_lib_shutdown_fp_trap_1              0x08000357   Thumb Code     0  libshutdown2.o(.ARM.Collect$$libshutdown$$00000007)
    __rt_lib_shutdown_heap_1                 0x08000357   Thumb Code     0  libshutdown2.o(.ARM.Collect$$libshutdown$$0000000F)
    __rt_lib_shutdown_return                 0x08000357   Thumb Code     0  libshutdown2.o(.ARM.Collect$$libshutdown$$00000010)
    __rt_lib_shutdown_signal_1               0x08000357   Thumb Code     0  libshutdown2.o(.ARM.Collect$$libshutdown$$0000000A)
    __rt_lib_shutdown_stdio_1                0x08000357   Thumb Code     0  libshutdown2.o(.ARM.Collect$$libshutdown$$00000004)
    __rt_lib_shutdown_user_alloc_1           0x08000357   Thumb Code     0  libshutdown2.o(.ARM.Collect$$libshutdown$$0000000C)
    __rt_entry                               0x08000359   Thumb Code     0  __rtentry.o(.ARM.Collect$$rtentry$$00000000)
    __rt_entry_presh_1                       0x08000359   Thumb Code     0  __rtentry2.o(.ARM.Collect$$rtentry$$00000002)
    __rt_entry_sh                            0x08000359   Thumb Code     0  __rtentry4.o(.ARM.Collect$$rtentry$$00000004)
    __rt_entry_li                            0x0800035f   Thumb Code     0  __rtentry2.o(.ARM.Collect$$rtentry$$0000000A)
    __rt_entry_postsh_1                      0x0800035f   Thumb Code     0  __rtentry2.o(.ARM.Collect$$rtentry$$00000009)
    __rt_entry_main                          0x08000363   Thumb Code     0  __rtentry2.o(.ARM.Collect$$rtentry$$0000000D)
    __rt_entry_postli_1                      0x08000363   Thumb Code     0  __rtentry2.o(.ARM.Collect$$rtentry$$0000000C)
    __rt_exit                                0x0800036b   Thumb Code     0  rtexit.o(.ARM.Collect$$rtexit$$00000000)
    __rt_exit_ls                             0x0800036d   Thumb Code     0  rtexit2.o(.ARM.Collect$$rtexit$$00000003)
    __rt_exit_prels_1                        0x0800036d   Thumb Code     0  rtexit2.o(.ARM.Collect$$rtexit$$00000002)
    __rt_exit_exit                           0x08000371   Thumb Code     0  rtexit2.o(.ARM.Collect$$rtexit$$00000004)
    Reset_Handler                            0x08000379   Thumb Code     8  startup_stm32h743xx.o(.text)
    ADC3_IRQHandler                          0x08000393   Thumb Code     0  startup_stm32h743xx.o(.text)
    ADC_IRQHandler                           0x08000393   Thumb Code     0  startup_stm32h743xx.o(.text)
    BDMA_Channel0_IRQHandler                 0x08000393   Thumb Code     0  startup_stm32h743xx.o(.text)
    BDMA_Channel1_IRQHandler                 0x08000393   Thumb Code     0  startup_stm32h743xx.o(.text)
    BDMA_Channel2_IRQHandler                 0x08000393   Thumb Code     0  startup_stm32h743xx.o(.text)
    BDMA_Channel3_IRQHandler                 0x08000393   Thumb Code     0  startup_stm32h743xx.o(.text)
    BDMA_Channel4_IRQHandler                 0x08000393   Thumb Code     0  startup_stm32h743xx.o(.text)
    BDMA_Channel5_IRQHandler                 0x08000393   Thumb Code     0  startup_stm32h743xx.o(.text)
    BDMA_Channel6_IRQHandler                 0x08000393   Thumb Code     0  startup_stm32h743xx.o(.text)
    BDMA_Channel7_IRQHandler                 0x08000393   Thumb Code     0  startup_stm32h743xx.o(.text)
    CEC_IRQHandler                           0x08000393   Thumb Code     0  startup_stm32h743xx.o(.text)
    COMP1_IRQHandler                         0x08000393   Thumb Code     0  startup_stm32h743xx.o(.text)
    CRS_IRQHandler                           0x08000393   Thumb Code     0  startup_stm32h743xx.o(.text)
    DCMI_IRQHandler                          0x08000393   Thumb Code     0  startup_stm32h743xx.o(.text)
    DFSDM1_FLT0_IRQHandler                   0x08000393   Thumb Code     0  startup_stm32h743xx.o(.text)
    DFSDM1_FLT1_IRQHandler                   0x08000393   Thumb Code     0  startup_stm32h743xx.o(.text)
    DFSDM1_FLT2_IRQHandler                   0x08000393   Thumb Code     0  startup_stm32h743xx.o(.text)
    DFSDM1_FLT3_IRQHandler                   0x08000393   Thumb Code     0  startup_stm32h743xx.o(.text)
    DMA1_Stream1_IRQHandler                  0x08000393   Thumb Code     0  startup_stm32h743xx.o(.text)
    DMA1_Stream2_IRQHandler                  0x08000393   Thumb Code     0  startup_stm32h743xx.o(.text)
    DMA1_Stream3_IRQHandler                  0x08000393   Thumb Code     0  startup_stm32h743xx.o(.text)
    DMA1_Stream4_IRQHandler                  0x08000393   Thumb Code     0  startup_stm32h743xx.o(.text)
    DMA1_Stream5_IRQHandler                  0x08000393   Thumb Code     0  startup_stm32h743xx.o(.text)
    DMA1_Stream6_IRQHandler                  0x08000393   Thumb Code     0  startup_stm32h743xx.o(.text)
    DMA1_Stream7_IRQHandler                  0x08000393   Thumb Code     0  startup_stm32h743xx.o(.text)
    DMA2D_IRQHandler                         0x08000393   Thumb Code     0  startup_stm32h743xx.o(.text)
    DMA2_Stream0_IRQHandler                  0x08000393   Thumb Code     0  startup_stm32h743xx.o(.text)
    DMA2_Stream1_IRQHandler                  0x08000393   Thumb Code     0  startup_stm32h743xx.o(.text)
    DMA2_Stream2_IRQHandler                  0x08000393   Thumb Code     0  startup_stm32h743xx.o(.text)
    DMA2_Stream3_IRQHandler                  0x08000393   Thumb Code     0  startup_stm32h743xx.o(.text)
    DMA2_Stream4_IRQHandler                  0x08000393   Thumb Code     0  startup_stm32h743xx.o(.text)
    DMA2_Stream5_IRQHandler                  0x08000393   Thumb Code     0  startup_stm32h743xx.o(.text)
    DMA2_Stream6_IRQHandler                  0x08000393   Thumb Code     0  startup_stm32h743xx.o(.text)
    DMA2_Stream7_IRQHandler                  0x08000393   Thumb Code     0  startup_stm32h743xx.o(.text)
    DMAMUX1_OVR_IRQHandler                   0x08000393   Thumb Code     0  startup_stm32h743xx.o(.text)
    DMAMUX2_OVR_IRQHandler                   0x08000393   Thumb Code     0  startup_stm32h743xx.o(.text)
    ECC_IRQHandler                           0x08000393   Thumb Code     0  startup_stm32h743xx.o(.text)
    ETH_IRQHandler                           0x08000393   Thumb Code     0  startup_stm32h743xx.o(.text)
    ETH_WKUP_IRQHandler                      0x08000393   Thumb Code     0  startup_stm32h743xx.o(.text)
    EXTI0_IRQHandler                         0x08000393   Thumb Code     0  startup_stm32h743xx.o(.text)
    EXTI15_10_IRQHandler                     0x08000393   Thumb Code     0  startup_stm32h743xx.o(.text)
    EXTI1_IRQHandler                         0x08000393   Thumb Code     0  startup_stm32h743xx.o(.text)
    EXTI2_IRQHandler                         0x08000393   Thumb Code     0  startup_stm32h743xx.o(.text)
    EXTI3_IRQHandler                         0x08000393   Thumb Code     0  startup_stm32h743xx.o(.text)
    EXTI4_IRQHandler                         0x08000393   Thumb Code     0  startup_stm32h743xx.o(.text)
    EXTI9_5_IRQHandler                       0x08000393   Thumb Code     0  startup_stm32h743xx.o(.text)
    FDCAN1_IT0_IRQHandler                    0x08000393   Thumb Code     0  startup_stm32h743xx.o(.text)
    FDCAN1_IT1_IRQHandler                    0x08000393   Thumb Code     0  startup_stm32h743xx.o(.text)
    FDCAN2_IT0_IRQHandler                    0x08000393   Thumb Code     0  startup_stm32h743xx.o(.text)
    FDCAN2_IT1_IRQHandler                    0x08000393   Thumb Code     0  startup_stm32h743xx.o(.text)
    FDCAN_CAL_IRQHandler                     0x08000393   Thumb Code     0  startup_stm32h743xx.o(.text)
    FLASH_IRQHandler                         0x08000393   Thumb Code     0  startup_stm32h743xx.o(.text)
    FMC_IRQHandler                           0x08000393   Thumb Code     0  startup_stm32h743xx.o(.text)
    FPU_IRQHandler                           0x08000393   Thumb Code     0  startup_stm32h743xx.o(.text)
    HRTIM1_FLT_IRQHandler                    0x08000393   Thumb Code     0  startup_stm32h743xx.o(.text)
    HRTIM1_Master_IRQHandler                 0x08000393   Thumb Code     0  startup_stm32h743xx.o(.text)
    HRTIM1_TIMA_IRQHandler                   0x08000393   Thumb Code     0  startup_stm32h743xx.o(.text)
    HRTIM1_TIMB_IRQHandler                   0x08000393   Thumb Code     0  startup_stm32h743xx.o(.text)
    HRTIM1_TIMC_IRQHandler                   0x08000393   Thumb Code     0  startup_stm32h743xx.o(.text)
    HRTIM1_TIMD_IRQHandler                   0x08000393   Thumb Code     0  startup_stm32h743xx.o(.text)
    HRTIM1_TIME_IRQHandler                   0x08000393   Thumb Code     0  startup_stm32h743xx.o(.text)
    HSEM1_IRQHandler                         0x08000393   Thumb Code     0  startup_stm32h743xx.o(.text)
    I2C1_ER_IRQHandler                       0x08000393   Thumb Code     0  startup_stm32h743xx.o(.text)
    I2C1_EV_IRQHandler                       0x08000393   Thumb Code     0  startup_stm32h743xx.o(.text)
    I2C2_ER_IRQHandler                       0x08000393   Thumb Code     0  startup_stm32h743xx.o(.text)
    I2C2_EV_IRQHandler                       0x08000393   Thumb Code     0  startup_stm32h743xx.o(.text)
    I2C3_ER_IRQHandler                       0x08000393   Thumb Code     0  startup_stm32h743xx.o(.text)
    I2C3_EV_IRQHandler                       0x08000393   Thumb Code     0  startup_stm32h743xx.o(.text)
    I2C4_ER_IRQHandler                       0x08000393   Thumb Code     0  startup_stm32h743xx.o(.text)
    I2C4_EV_IRQHandler                       0x08000393   Thumb Code     0  startup_stm32h743xx.o(.text)
    JPEG_IRQHandler                          0x08000393   Thumb Code     0  startup_stm32h743xx.o(.text)
    LPTIM1_IRQHandler                        0x08000393   Thumb Code     0  startup_stm32h743xx.o(.text)
    LPTIM2_IRQHandler                        0x08000393   Thumb Code     0  startup_stm32h743xx.o(.text)
    LPTIM3_IRQHandler                        0x08000393   Thumb Code     0  startup_stm32h743xx.o(.text)
    LPTIM4_IRQHandler                        0x08000393   Thumb Code     0  startup_stm32h743xx.o(.text)
    LPTIM5_IRQHandler                        0x08000393   Thumb Code     0  startup_stm32h743xx.o(.text)
    LPUART1_IRQHandler                       0x08000393   Thumb Code     0  startup_stm32h743xx.o(.text)
    LTDC_ER_IRQHandler                       0x08000393   Thumb Code     0  startup_stm32h743xx.o(.text)
    LTDC_IRQHandler                          0x08000393   Thumb Code     0  startup_stm32h743xx.o(.text)
    MDIOS_IRQHandler                         0x08000393   Thumb Code     0  startup_stm32h743xx.o(.text)
    MDIOS_WKUP_IRQHandler                    0x08000393   Thumb Code     0  startup_stm32h743xx.o(.text)
    MDMA_IRQHandler                          0x08000393   Thumb Code     0  startup_stm32h743xx.o(.text)
    OTG_FS_EP1_IN_IRQHandler                 0x08000393   Thumb Code     0  startup_stm32h743xx.o(.text)
    OTG_FS_EP1_OUT_IRQHandler                0x08000393   Thumb Code     0  startup_stm32h743xx.o(.text)
    OTG_FS_IRQHandler                        0x08000393   Thumb Code     0  startup_stm32h743xx.o(.text)
    OTG_FS_WKUP_IRQHandler                   0x08000393   Thumb Code     0  startup_stm32h743xx.o(.text)
    OTG_HS_EP1_IN_IRQHandler                 0x08000393   Thumb Code     0  startup_stm32h743xx.o(.text)
    OTG_HS_EP1_OUT_IRQHandler                0x08000393   Thumb Code     0  startup_stm32h743xx.o(.text)
    OTG_HS_IRQHandler                        0x08000393   Thumb Code     0  startup_stm32h743xx.o(.text)
    OTG_HS_WKUP_IRQHandler                   0x08000393   Thumb Code     0  startup_stm32h743xx.o(.text)
    PVD_AVD_IRQHandler                       0x08000393   Thumb Code     0  startup_stm32h743xx.o(.text)
    QUADSPI_IRQHandler                       0x08000393   Thumb Code     0  startup_stm32h743xx.o(.text)
    RCC_IRQHandler                           0x08000393   Thumb Code     0  startup_stm32h743xx.o(.text)
    RNG_IRQHandler                           0x08000393   Thumb Code     0  startup_stm32h743xx.o(.text)
    RTC_Alarm_IRQHandler                     0x08000393   Thumb Code     0  startup_stm32h743xx.o(.text)
    RTC_WKUP_IRQHandler                      0x08000393   Thumb Code     0  startup_stm32h743xx.o(.text)
    SAI1_IRQHandler                          0x08000393   Thumb Code     0  startup_stm32h743xx.o(.text)
    SAI2_IRQHandler                          0x08000393   Thumb Code     0  startup_stm32h743xx.o(.text)
    SAI3_IRQHandler                          0x08000393   Thumb Code     0  startup_stm32h743xx.o(.text)
    SAI4_IRQHandler                          0x08000393   Thumb Code     0  startup_stm32h743xx.o(.text)
    SDMMC1_IRQHandler                        0x08000393   Thumb Code     0  startup_stm32h743xx.o(.text)
    SDMMC2_IRQHandler                        0x08000393   Thumb Code     0  startup_stm32h743xx.o(.text)
    SPDIF_RX_IRQHandler                      0x08000393   Thumb Code     0  startup_stm32h743xx.o(.text)
    SPI1_IRQHandler                          0x08000393   Thumb Code     0  startup_stm32h743xx.o(.text)
    SPI2_IRQHandler                          0x08000393   Thumb Code     0  startup_stm32h743xx.o(.text)
    SPI3_IRQHandler                          0x08000393   Thumb Code     0  startup_stm32h743xx.o(.text)
    SPI4_IRQHandler                          0x08000393   Thumb Code     0  startup_stm32h743xx.o(.text)
    SPI5_IRQHandler                          0x08000393   Thumb Code     0  startup_stm32h743xx.o(.text)
    SPI6_IRQHandler                          0x08000393   Thumb Code     0  startup_stm32h743xx.o(.text)
    SWPMI1_IRQHandler                        0x08000393   Thumb Code     0  startup_stm32h743xx.o(.text)
    TAMP_STAMP_IRQHandler                    0x08000393   Thumb Code     0  startup_stm32h743xx.o(.text)
    TIM15_IRQHandler                         0x08000393   Thumb Code     0  startup_stm32h743xx.o(.text)
    TIM16_IRQHandler                         0x08000393   Thumb Code     0  startup_stm32h743xx.o(.text)
    TIM17_IRQHandler                         0x08000393   Thumb Code     0  startup_stm32h743xx.o(.text)
    TIM1_BRK_IRQHandler                      0x08000393   Thumb Code     0  startup_stm32h743xx.o(.text)
    TIM1_CC_IRQHandler                       0x08000393   Thumb Code     0  startup_stm32h743xx.o(.text)
    TIM1_TRG_COM_IRQHandler                  0x08000393   Thumb Code     0  startup_stm32h743xx.o(.text)
    TIM1_UP_IRQHandler                       0x08000393   Thumb Code     0  startup_stm32h743xx.o(.text)
    TIM2_IRQHandler                          0x08000393   Thumb Code     0  startup_stm32h743xx.o(.text)
    TIM3_IRQHandler                          0x08000393   Thumb Code     0  startup_stm32h743xx.o(.text)
    TIM4_IRQHandler                          0x08000393   Thumb Code     0  startup_stm32h743xx.o(.text)
    TIM5_IRQHandler                          0x08000393   Thumb Code     0  startup_stm32h743xx.o(.text)
    TIM6_DAC_IRQHandler                      0x08000393   Thumb Code     0  startup_stm32h743xx.o(.text)
    TIM7_IRQHandler                          0x08000393   Thumb Code     0  startup_stm32h743xx.o(.text)
    TIM8_BRK_TIM12_IRQHandler                0x08000393   Thumb Code     0  startup_stm32h743xx.o(.text)
    TIM8_CC_IRQHandler                       0x08000393   Thumb Code     0  startup_stm32h743xx.o(.text)
    TIM8_TRG_COM_TIM14_IRQHandler            0x08000393   Thumb Code     0  startup_stm32h743xx.o(.text)
    TIM8_UP_TIM13_IRQHandler                 0x08000393   Thumb Code     0  startup_stm32h743xx.o(.text)
    UART4_IRQHandler                         0x08000393   Thumb Code     0  startup_stm32h743xx.o(.text)
    UART5_IRQHandler                         0x08000393   Thumb Code     0  startup_stm32h743xx.o(.text)
    UART7_IRQHandler                         0x08000393   Thumb Code     0  startup_stm32h743xx.o(.text)
    UART8_IRQHandler                         0x08000393   Thumb Code     0  startup_stm32h743xx.o(.text)
    USART2_IRQHandler                        0x08000393   Thumb Code     0  startup_stm32h743xx.o(.text)
    USART3_IRQHandler                        0x08000393   Thumb Code     0  startup_stm32h743xx.o(.text)
    USART6_IRQHandler                        0x08000393   Thumb Code     0  startup_stm32h743xx.o(.text)
    WAKEUP_PIN_IRQHandler                    0x08000393   Thumb Code     0  startup_stm32h743xx.o(.text)
    WWDG_IRQHandler                          0x08000393   Thumb Code     0  startup_stm32h743xx.o(.text)
    __user_initial_stackheap                 0x08000395   Thumb Code     0  startup_stm32h743xx.o(.text)
    __aeabi_uldivmod                         0x080003b9   Thumb Code     0  lludivv7m.o(.text)
    _ll_udiv                                 0x080003b9   Thumb Code   238  lludivv7m.o(.text)
    __aeabi_memclr4                          0x080004a7   Thumb Code     0  rt_memclr_w.o(.text)
    __aeabi_memclr8                          0x080004a7   Thumb Code     0  rt_memclr_w.o(.text)
    __rt_memclr_w                            0x080004a7   Thumb Code    78  rt_memclr_w.o(.text)
    _memset_w                                0x080004ab   Thumb Code     0  rt_memclr_w.o(.text)
    __use_two_region_memory                  0x080004f5   Thumb Code     2  heapauxi.o(.text)
    __rt_heap_escrow$2region                 0x080004f7   Thumb Code     2  heapauxi.o(.text)
    __rt_heap_expand$2region                 0x080004f9   Thumb Code     2  heapauxi.o(.text)
    __user_setup_stackheap                   0x080004fb   Thumb Code    74  sys_stackheap_outer.o(.text)
    exit                                     0x08000545   Thumb Code    18  exit.o(.text)
    __user_libspace                          0x08000559   Thumb Code     8  libspace.o(.text)
    __user_perproc_libspace                  0x08000559   Thumb Code     0  libspace.o(.text)
    __user_perthread_libspace                0x08000559   Thumb Code     0  libspace.o(.text)
    _sys_exit                                0x08000561   Thumb Code     8  sys_exit.o(.text)
    __I$use$semihosting                      0x0800056d   Thumb Code     0  use_no_semi.o(.text)
    __use_no_semihosting_swi                 0x0800056d   Thumb Code     2  use_no_semi.o(.text)
    __semihosting_library_function           0x0800056f   Thumb Code     0  indicate_semi.o(.text)
    ADC_ConfigureBoostMode                   0x08000571   Thumb Code   236  stm32h7xx_hal_adc.o(i.ADC_ConfigureBoostMode)
    AML_Buzzer_Beep                          0x08000679   Thumb Code    10  aml_buzzer.o(i.AML_Buzzer_Beep)
    AML_Buzzer_PlayNote                      0x08000689   Thumb Code    96  aml_buzzer.o(i.AML_Buzzer_PlayNote)
    AML_Buzzer_TurnOff                       0x080006fd   Thumb Code     8  aml_buzzer.o(i.AML_Buzzer_TurnOff)
    AML_Encoder_GetLeftValue                 0x08000709   Thumb Code     8  aml_encoder.o(i.AML_Encoder_GetLeftValue)
    AML_Encoder_GetRightValue                0x08000715   Thumb Code     8  aml_encoder.o(i.AML_Encoder_GetRightValue)
    AML_Encoder_Setup                        0x08000721   Thumb Code    22  aml_encoder.o(i.AML_Encoder_Setup)
    AML_MPUSensor_ResetAngle                 0x08000741   Thumb Code   102  aml_mpusensor.o(i.AML_MPUSensor_ResetAngle)
    AML_MPUSensor_Setup                      0x080007bd   Thumb Code    20  aml_mpusensor.o(i.AML_MPUSensor_Setup)
    AML_MotorControl_AMLPIDSetup             0x080007d9   Thumb Code   226  aml_motorcontrol.o(i.AML_MotorControl_AMLPIDSetup)
    AML_MotorControl_LeftPWM                 0x080008cd   Thumb Code   138  aml_motorcontrol.o(i.AML_MotorControl_LeftPWM)
    AML_MotorControl_Move                    0x08000961   Thumb Code    18  aml_motorcontrol.o(i.AML_MotorControl_Move)
    AML_MotorControl_RightPWM                0x08000975   Thumb Code   132  aml_motorcontrol.o(i.AML_MotorControl_RightPWM)
    AML_MotorControl_Setup                   0x08000a01   Thumb Code    32  aml_motorcontrol.o(i.AML_MotorControl_Setup)
    AML_MotorControl_Stop                    0x08000a25   Thumb Code     8  aml_motorcontrol.o(i.AML_MotorControl_Stop)
    AML_PID_Init                             0x08000a2d   Thumb Code    40  aml_pid.o(i.AML_PID_Init)
    AML_ReadAll_BitSwitch                    0x08000a5d   Thumb Code    38  aml_switch.o(i.AML_ReadAll_BitSwitch)
    AML_ReadAll_Button                       0x08000a89   Thumb Code    46  aml_switch.o(i.AML_ReadAll_Button)
    AML_Read_Button                          0x08000abd   Thumb Code    28  aml_switch.o(i.AML_Read_Button)
    BusFault_Handler                         0x08000add   Thumb Code     2  stm32h7xx_it.o(i.BusFault_Handler)
    DMA1_Stream0_IRQHandler                  0x08000ae1   Thumb Code     6  stm32h7xx_it.o(i.DMA1_Stream0_IRQHandler)
    DebugMon_Handler                         0x08000f25   Thumb Code     2  stm32h7xx_it.o(i.DebugMon_Handler)
    Error_Handler                            0x08000f27   Thumb Code     4  main.o(i.Error_Handler)
    HAL_ADC_ConfigChannel                    0x08000f2d   Thumb Code   926  stm32h7xx_hal_adc.o(i.HAL_ADC_ConfigChannel)
    HAL_ADC_Init                             0x08001305   Thumb Code   498  stm32h7xx_hal_adc.o(i.HAL_ADC_Init)
    HAL_ADC_MspInit                          0x0800152d   Thumb Code   198  stm32h7xx_hal_msp.o(i.HAL_ADC_MspInit)
    HAL_DMA_Abort                            0x08001609   Thumb Code   836  stm32h7xx_hal_dma.o(i.HAL_DMA_Abort)
    HAL_DMA_Abort_IT                         0x08001969   Thumb Code   602  stm32h7xx_hal_dma.o(i.HAL_DMA_Abort_IT)
    HAL_DMA_GetError                         0x08001bed   Thumb Code     4  stm32h7xx_hal_dma.o(i.HAL_DMA_GetError)
    HAL_DMA_IRQHandler                       0x08001bf1   Thumb Code  1756  stm32h7xx_hal_dma.o(i.HAL_DMA_IRQHandler)
    HAL_DMA_Init                             0x080022d9   Thumb Code   926  stm32h7xx_hal_dma.o(i.HAL_DMA_Init)
    HAL_DMA_Start_IT                         0x0800269d   Thumb Code   628  stm32h7xx_hal_dma.o(i.HAL_DMA_Start_IT)
    HAL_Delay                                0x08002939   Thumb Code    32  stm32h7xx_hal.o(i.HAL_Delay)
    HAL_GPIO_Init                            0x0800295d   Thumb Code   506  stm32h7xx_hal_gpio.o(i.HAL_GPIO_Init)
    HAL_GPIO_ReadPin                         0x08002b89   Thumb Code    10  stm32h7xx_hal_gpio.o(i.HAL_GPIO_ReadPin)
    HAL_GPIO_WritePin                        0x08002b93   Thumb Code    10  stm32h7xx_hal_gpio.o(i.HAL_GPIO_WritePin)
    HAL_GetREVID                             0x08002b9d   Thumb Code     8  stm32h7xx_hal.o(i.HAL_GetREVID)
    HAL_GetTick                              0x08002ba9   Thumb Code     6  stm32h7xx_hal.o(i.HAL_GetTick)
    HAL_I2CEx_ConfigAnalogFilter             0x08002bb5   Thumb Code    88  stm32h7xx_hal_i2c_ex.o(i.HAL_I2CEx_ConfigAnalogFilter)
    HAL_I2CEx_ConfigDigitalFilter            0x08002c0d   Thumb Code    84  stm32h7xx_hal_i2c_ex.o(i.HAL_I2CEx_ConfigDigitalFilter)
    HAL_I2C_Init                             0x08002c61   Thumb Code   186  stm32h7xx_hal_i2c.o(i.HAL_I2C_Init)
    HAL_I2C_MspInit                          0x08002d21   Thumb Code   120  stm32h7xx_hal_msp.o(i.HAL_I2C_MspInit)
    HAL_IncTick                              0x08002da5   Thumb Code    12  stm32h7xx_hal.o(i.HAL_IncTick)
    HAL_Init                                 0x08002db5   Thumb Code    74  stm32h7xx_hal.o(i.HAL_Init)
    HAL_InitTick                             0x08002e11   Thumb Code    56  stm32h7xx_hal.o(i.HAL_InitTick)
    HAL_MPU_ConfigRegion                     0x08002e51   Thumb Code    86  stm32h7xx_hal_cortex.o(i.HAL_MPU_ConfigRegion)
    HAL_MPU_Disable                          0x08002ead   Thumb Code    24  stm32h7xx_hal_cortex.o(i.HAL_MPU_Disable)
    HAL_MPU_Enable                           0x08002ec9   Thumb Code    30  stm32h7xx_hal_cortex.o(i.HAL_MPU_Enable)
    HAL_MspInit                              0x08002eed   Thumb Code    22  stm32h7xx_hal_msp.o(i.HAL_MspInit)
    HAL_NVIC_EnableIRQ                       0x08002f09   Thumb Code    26  stm32h7xx_hal_cortex.o(i.HAL_NVIC_EnableIRQ)
    HAL_NVIC_SetPriority                     0x08002f25   Thumb Code    60  stm32h7xx_hal_cortex.o(i.HAL_NVIC_SetPriority)
    HAL_NVIC_SetPriorityGrouping             0x08002f65   Thumb Code    28  stm32h7xx_hal_cortex.o(i.HAL_NVIC_SetPriorityGrouping)
    HAL_PWREx_ConfigSupply                   0x08002f89   Thumb Code    78  stm32h7xx_hal_pwr_ex.o(i.HAL_PWREx_ConfigSupply)
    HAL_RCCEx_GetD3PCLK1Freq                 0x08002fdd   Thumb Code    26  stm32h7xx_hal_rcc_ex.o(i.HAL_RCCEx_GetD3PCLK1Freq)
    HAL_RCCEx_GetPLL1ClockFreq               0x08003001   Thumb Code   298  stm32h7xx_hal_rcc_ex.o(i.HAL_RCCEx_GetPLL1ClockFreq)
    HAL_RCCEx_GetPLL2ClockFreq               0x08003149   Thumb Code   296  stm32h7xx_hal_rcc_ex.o(i.HAL_RCCEx_GetPLL2ClockFreq)
    HAL_RCCEx_GetPLL3ClockFreq               0x0800328d   Thumb Code   296  stm32h7xx_hal_rcc_ex.o(i.HAL_RCCEx_GetPLL3ClockFreq)
    HAL_RCCEx_GetPeriphCLKFreq               0x080033d1   Thumb Code   692  stm32h7xx_hal_rcc_ex.o(i.HAL_RCCEx_GetPeriphCLKFreq)
    HAL_RCCEx_PeriphCLKConfig                0x08003699   Thumb Code  2472  stm32h7xx_hal_rcc_ex.o(i.HAL_RCCEx_PeriphCLKConfig)
    HAL_RCC_ClockConfig                      0x08004045   Thumb Code   580  stm32h7xx_hal_rcc.o(i.HAL_RCC_ClockConfig)
    HAL_RCC_GetHCLKFreq                      0x080042a1   Thumb Code    52  stm32h7xx_hal_rcc.o(i.HAL_RCC_GetHCLKFreq)
    HAL_RCC_GetPCLK1Freq                     0x080042e5   Thumb Code    26  stm32h7xx_hal_rcc.o(i.HAL_RCC_GetPCLK1Freq)
    HAL_RCC_GetPCLK2Freq                     0x08004309   Thumb Code    26  stm32h7xx_hal_rcc.o(i.HAL_RCC_GetPCLK2Freq)
    HAL_RCC_GetSysClockFreq                  0x0800432d   Thumb Code   278  stm32h7xx_hal_rcc.o(i.HAL_RCC_GetSysClockFreq)
    HAL_RCC_OscConfig                        0x08004465   Thumb Code  1410  stm32h7xx_hal_rcc.o(i.HAL_RCC_OscConfig)
    HAL_SYSTICK_Config                       0x080049e7   Thumb Code    38  stm32h7xx_hal_cortex.o(i.HAL_SYSTICK_Config)
    HAL_TIMEx_ConfigBreakDeadTime            0x08004a0d   Thumb Code   150  stm32h7xx_hal_tim_ex.o(i.HAL_TIMEx_ConfigBreakDeadTime)
    HAL_TIMEx_MasterConfigSynchronization    0x08004aad   Thumb Code   134  stm32h7xx_hal_tim_ex.o(i.HAL_TIMEx_MasterConfigSynchronization)
    HAL_TIM_Base_Start                       0x08004b51   Thumb Code    96  stm32h7xx_hal_tim.o(i.HAL_TIM_Base_Start)
    HAL_TIM_Encoder_Init                     0x08004bd1   Thumb Code   182  stm32h7xx_hal_tim.o(i.HAL_TIM_Encoder_Init)
    HAL_TIM_Encoder_MspInit                  0x08004c8d   Thumb Code   182  stm32h7xx_hal_msp.o(i.HAL_TIM_Encoder_MspInit)
    HAL_TIM_Encoder_Start                    0x08004d55   Thumb Code   142  stm32h7xx_hal_tim.o(i.HAL_TIM_Encoder_Start)
    HAL_TIM_MspPostInit                      0x08004de5   Thumb Code   114  stm32h7xx_hal_msp.o(i.HAL_TIM_MspPostInit)
    HAL_TIM_PWM_ConfigChannel                0x08004e6d   Thumb Code   292  stm32h7xx_hal_tim.o(i.HAL_TIM_PWM_ConfigChannel)
    HAL_TIM_PWM_Init                         0x08004f91   Thumb Code    98  stm32h7xx_hal_tim.o(i.HAL_TIM_PWM_Init)
    HAL_TIM_PWM_MspInit                      0x08004ff5   Thumb Code    56  stm32h7xx_hal_msp.o(i.HAL_TIM_PWM_MspInit)
    HAL_TIM_PWM_Start                        0x08005039   Thumb Code   232  stm32h7xx_hal_tim.o(i.HAL_TIM_PWM_Start)
    HAL_TIM_PWM_Stop                         0x08005149   Thumb Code   154  stm32h7xx_hal_tim.o(i.HAL_TIM_PWM_Stop)
    HAL_UARTEx_DisableFifoMode               0x080051f9   Thumb Code    64  stm32h7xx_hal_uart_ex.o(i.HAL_UARTEx_DisableFifoMode)
    HAL_UARTEx_RxEventCallback               0x08005239   Thumb Code     2  stm32h7xx_hal_uart.o(i.HAL_UARTEx_RxEventCallback)
    HAL_UARTEx_RxFifoFullCallback            0x0800523b   Thumb Code     2  stm32h7xx_hal_uart_ex.o(i.HAL_UARTEx_RxFifoFullCallback)
    HAL_UARTEx_SetRxFifoThreshold            0x0800523d   Thumb Code    76  stm32h7xx_hal_uart_ex.o(i.HAL_UARTEx_SetRxFifoThreshold)
    HAL_UARTEx_SetTxFifoThreshold            0x08005289   Thumb Code    76  stm32h7xx_hal_uart_ex.o(i.HAL_UARTEx_SetTxFifoThreshold)
    HAL_UARTEx_TxFifoEmptyCallback           0x080052d5   Thumb Code     2  stm32h7xx_hal_uart_ex.o(i.HAL_UARTEx_TxFifoEmptyCallback)
    HAL_UARTEx_WakeupCallback                0x080052d7   Thumb Code     2  stm32h7xx_hal_uart_ex.o(i.HAL_UARTEx_WakeupCallback)
    HAL_UART_DMAStop                         0x080052d9   Thumb Code   146  stm32h7xx_hal_uart.o(i.HAL_UART_DMAStop)
    HAL_UART_ErrorCallback                   0x0800536b   Thumb Code     2  stm32h7xx_hal_uart.o(i.HAL_UART_ErrorCallback)
    HAL_UART_IRQHandler                      0x0800536d   Thumb Code   878  stm32h7xx_hal_uart.o(i.HAL_UART_IRQHandler)
    HAL_UART_Init                            0x080056f5   Thumb Code   106  stm32h7xx_hal_uart.o(i.HAL_UART_Init)
    HAL_UART_MspInit                         0x08005761   Thumb Code   270  stm32h7xx_hal_msp.o(i.HAL_UART_MspInit)
    HAL_UART_Receive                         0x0800588d   Thumb Code   232  stm32h7xx_hal_uart.o(i.HAL_UART_Receive)
    HAL_UART_Receive_DMA                     0x08005975   Thumb Code    66  stm32h7xx_hal_uart.o(i.HAL_UART_Receive_DMA)
    HAL_UART_RxCpltCallback                  0x080059bd   Thumb Code   156  aml_mpusensor.o(i.HAL_UART_RxCpltCallback)
    HAL_UART_RxHalfCpltCallback              0x08005a91   Thumb Code     2  stm32h7xx_hal_uart.o(i.HAL_UART_RxHalfCpltCallback)
    HAL_UART_Transmit                        0x08005a93   Thumb Code   176  stm32h7xx_hal_uart.o(i.HAL_UART_Transmit)
    HAL_UART_TxCpltCallback                  0x08005b43   Thumb Code     2  stm32h7xx_hal_uart.o(i.HAL_UART_TxCpltCallback)
    HardFault_Handler                        0x08005b45   Thumb Code     2  stm32h7xx_it.o(i.HardFault_Handler)
    MemManage_Handler                        0x08006001   Thumb Code     2  stm32h7xx_it.o(i.MemManage_Handler)
    NMI_Handler                              0x08006003   Thumb Code     2  stm32h7xx_it.o(i.NMI_Handler)
    PendSV_Handler                           0x08006005   Thumb Code     2  stm32h7xx_it.o(i.PendSV_Handler)
    SVC_Handler                              0x08006249   Thumb Code     2  stm32h7xx_it.o(i.SVC_Handler)
    SysTick_Handler                          0x0800624b   Thumb Code     4  stm32h7xx_it.o(i.SysTick_Handler)
    SystemClock_Config                       0x08006251   Thumb Code   206  main.o(i.SystemClock_Config)
    SystemInit                               0x0800632d   Thumb Code   180  system_stm32h7xx.o(i.SystemInit)
    TIM_Base_SetConfig                       0x08006409   Thumb Code   176  stm32h7xx_hal_tim.o(i.TIM_Base_SetConfig)
    TIM_CCxChannelCmd                        0x080064d9   Thumb Code    26  stm32h7xx_hal_tim.o(i.TIM_CCxChannelCmd)
    TIM_OC2_SetConfig                        0x08006599   Thumb Code   126  stm32h7xx_hal_tim.o(i.TIM_OC2_SetConfig)
    UART_AdvFeatureConfig                    0x0800686d   Thumb Code   200  stm32h7xx_hal_uart.o(i.UART_AdvFeatureConfig)
    UART_CheckIdleState                      0x08006935   Thumb Code   170  stm32h7xx_hal_uart.o(i.UART_CheckIdleState)
    UART_SetConfig                           0x08006b69   Thumb Code   876  stm32h7xx_hal_uart.o(i.UART_SetConfig)
    UART_Start_Receive_DMA                   0x08006f15   Thumb Code   156  stm32h7xx_hal_uart.o(i.UART_Start_Receive_DMA)
    UART_WaitOnFlagUntilTimeout              0x08006fbd   Thumb Code   148  stm32h7xx_hal_uart.o(i.UART_WaitOnFlagUntilTimeout)
    USART1_IRQHandler                        0x08007051   Thumb Code     6  stm32h7xx_it.o(i.USART1_IRQHandler)
    UsageFault_Handler                       0x0800705d   Thumb Code     2  stm32h7xx_it.o(i.UsageFault_Handler)
    handle                                   0x08007081   Thumb Code    46  aml_mpusensor.o(i.handle)
    main                                     0x080070bd   Thumb Code   250  main.o(i.main)
    _fp_init                                 0x080071c5   Thumb Code    10  fpinit.o(x$fpl$fpinit)
    __fplib_config_fpu_vfp                   0x080071cd   Thumb Code     0  fpinit.o(x$fpl$fpinit)
    __fplib_config_pureend_doubles           0x080071cd   Thumb Code     0  fpinit.o(x$fpl$fpinit)
    UARTPrescTable                           0x080071d6   Data          24  stm32h7xx_hal_uart.o(.constdata)
    D1CorePrescTable                         0x080071fe   Data          16  system_stm32h7xx.o(.constdata)
    Region$$Table$$Base                      0x08007210   Number         0  anon$$obj.o(Region$$Table)
    Region$$Table$$Limit                     0x08007230   Number         0  anon$$obj.o(Region$$Table)
    leftEncoder                              0x24000000   Data           4  main.o(.data)
    rightEncoder                             0x24000004   Data           4  main.o(.data)
    pwm                                      0x24000008   Data           4  main.o(.data)
    buffer                                   0x24000010   Data           1  aml_mpusensor.o(.data)
    ResetCommand                             0x24000011   Data           3  aml_mpusensor.o(.data)
    PreviousAngle                            0x24000018   Data           8  aml_mpusensor.o(.data)
    SaveAngle                                0x24000020   Data           8  aml_mpusensor.o(.data)
    Angle                                    0x24000028   Data           8  aml_mpusensor.o(.data)
    ClockAfterPrescal                        0x24000030   Data           2  aml_buzzer.o(.data)
    ButtonState                              0x24000034   Data           2  aml_switch.o(.data)
    BitSwitchPort                            0x24000038   Data           4  aml_switch.o(.data)
    ButtonPort                               0x2400003c   Data           4  aml_switch.o(.data)
    ButtonPinArray                           0x24000040   Data           4  aml_switch.o(.data)
    BitSwitchState                           0x24000044   Data           5  aml_switch.o(.data)
    BitSwitchPinArray                        0x2400004a   Data          10  aml_switch.o(.data)
    MotorDirectionPort                       0x24000058   Data           4  aml_motorcontrol.o(.data)
    PID_TurnLeft_Kp                          0x24000060   Data           8  aml_motorcontrol.o(.data)
    PID_TurnLeft_Ki                          0x24000068   Data           8  aml_motorcontrol.o(.data)
    PID_TurnLeft_Kd                          0x24000070   Data           8  aml_motorcontrol.o(.data)
    PID_TurnLeft_Tau                         0x24000078   Data           8  aml_motorcontrol.o(.data)
    PID_TurnLeft_Setpoint                    0x24000080   Data           8  aml_motorcontrol.o(.data)
    PID_TurnRight_Kp                         0x24000088   Data           8  aml_motorcontrol.o(.data)
    PID_TurnRight_Ki                         0x24000090   Data           8  aml_motorcontrol.o(.data)
    PID_TurnRight_Kd                         0x24000098   Data           8  aml_motorcontrol.o(.data)
    PID_TurnRight_Tau                        0x240000a0   Data           8  aml_motorcontrol.o(.data)
    PID_TurnRight_Setpoint                   0x240000a8   Data           8  aml_motorcontrol.o(.data)
    PID_MPUFollow_Kp                         0x240000b0   Data           8  aml_motorcontrol.o(.data)
    PID_MPUFollow_Ki                         0x240000b8   Data           8  aml_motorcontrol.o(.data)
    PID_MPUFollow_Kd                         0x240000c0   Data           8  aml_motorcontrol.o(.data)
    PID_MPUFollow_Tau                        0x240000c8   Data           8  aml_motorcontrol.o(.data)
    PID_MPUFollow_Setpoint                   0x240000d0   Data           8  aml_motorcontrol.o(.data)
    PID_LeftWallFollow_Kp                    0x240000d8   Data           8  aml_motorcontrol.o(.data)
    PID_LeftWallFollow_Ki                    0x240000e0   Data           8  aml_motorcontrol.o(.data)
    PID_LeftWallFollow_Kd                    0x240000e8   Data           8  aml_motorcontrol.o(.data)
    PID_LeftWallFollow_Tau                   0x240000f0   Data           8  aml_motorcontrol.o(.data)
    PID_LeftWallFollow_Setpoint              0x240000f8   Data           8  aml_motorcontrol.o(.data)
    PID_RightWallFollow_Kp                   0x24000100   Data           8  aml_motorcontrol.o(.data)
    PID_RightWallFollow_Ki                   0x24000108   Data           8  aml_motorcontrol.o(.data)
    PID_RightWallFollow_Kd                   0x24000110   Data           8  aml_motorcontrol.o(.data)
    PID_RightWallFollow_Tau                  0x24000118   Data           8  aml_motorcontrol.o(.data)
    PID_RightWallFollow_Setpoint             0x24000120   Data           8  aml_motorcontrol.o(.data)
    PID_TurnLeft_Input                       0x24000128   Data           8  aml_motorcontrol.o(.data)
    PID_TurnLeft_Output                      0x24000130   Data           8  aml_motorcontrol.o(.data)
    PID_TurnRight_Input                      0x24000138   Data           8  aml_motorcontrol.o(.data)
    PID_TurnRight_Output                     0x24000140   Data           8  aml_motorcontrol.o(.data)
    PID_MPUFollow_Input                      0x24000148   Data           8  aml_motorcontrol.o(.data)
    PID_MPUFollow_Output                     0x24000150   Data           8  aml_motorcontrol.o(.data)
    PID_LeftWallFollow_Input                 0x24000158   Data           8  aml_motorcontrol.o(.data)
    PID_LeftWallFollow_Output                0x24000160   Data           8  aml_motorcontrol.o(.data)
    PID_RightWallFollow_Input                0x24000168   Data           8  aml_motorcontrol.o(.data)
    PID_RightWallFollow_Output               0x24000170   Data           8  aml_motorcontrol.o(.data)
    uwTickFreq                               0x24000178   Data           1  stm32h7xx_hal.o(.data)
    uwTickPrio                               0x2400017c   Data           4  stm32h7xx_hal.o(.data)
    uwTick                                   0x24000180   Data           4  stm32h7xx_hal.o(.data)
    SystemCoreClock                          0x24000184   Data           4  system_stm32h7xx.o(.data)
    SystemD2Clock                            0x24000188   Data           4  system_stm32h7xx.o(.data)
    hadc2                                    0x2400018c   Data         100  main.o(.bss)
    hi2c1                                    0x240001f0   Data          84  main.o(.bss)
    htim1                                    0x24000244   Data          76  main.o(.bss)
    htim2                                    0x24000290   Data          76  main.o(.bss)
    htim3                                    0x240002dc   Data          76  main.o(.bss)
    htim5                                    0x24000328   Data          76  main.o(.bss)
    huart1                                   0x24000374   Data         148  main.o(.bss)
    huart2                                   0x24000408   Data         148  main.o(.bss)
    hdma_usart1_rx                           0x2400049c   Data         120  main.o(.bss)
    MPUData                                  0x24000514   Data          36  aml_mpusensor.o(.bss)
    PID_TurnLeft                             0x24000538   Data         128  aml_motorcontrol.o(.bss)
    PID_TurnRight                            0x240005b8   Data         128  aml_motorcontrol.o(.bss)
    PID_MPUFollow                            0x24000638   Data         128  aml_motorcontrol.o(.bss)
    PID_LeftWallFollow                       0x240006b8   Data         128  aml_motorcontrol.o(.bss)
    PID_RightWallFollow                      0x24000738   Data         128  aml_motorcontrol.o(.bss)
    __libspace_start                         0x240007b8   Data          96  libspace.o(.bss)
    __temporary_stack_top$libspace           0x24000818   Data           0  libspace.o(.bss)



==============================================================================

Memory Map of the image

  Image Entry point : 0x08000299

  Load Region LR_IROM1 (Base: 0x08000000, Size: 0x000073bc, Max: 0x00200000, ABSOLUTE, COMPRESSED[0x00007264])

    Execution Region ER_IROM1 (Exec base: 0x08000000, Load base: 0x08000000, Size: 0x00007230, Max: 0x00200000, ABSOLUTE)

    Exec Addr    Load Addr    Size         Type   Attr      Idx    E Section Name        Object

    0x08000000   0x08000000   0x00000298   Data   RO            3    RESET               startup_stm32h743xx.o
    0x08000298   0x08000298   0x00000008   Code   RO         5262  * !!!main             c_w.l(__main.o)
    0x080002a0   0x080002a0   0x00000034   Code   RO         5431    !!!scatter          c_w.l(__scatter.o)
    0x080002d4   0x080002d4   0x0000005a   Code   RO         5429    !!dczerorl2         c_w.l(__dczerorl2.o)
    0x0800032e   0x0800032e   0x00000002   PAD
    0x08000330   0x08000330   0x0000001c   Code   RO         5433    !!handler_zi        c_w.l(__scatter_zi.o)
    0x0800034c   0x0800034c   0x00000002   Code   RO         5299    .ARM.Collect$$libinit$$00000000  c_w.l(libinit.o)
    0x0800034e   0x0800034e   0x00000004   Code   RO         5311    .ARM.Collect$$libinit$$00000001  c_w.l(libinit2.o)
    0x08000352   0x08000352   0x00000000   Code   RO         5314    .ARM.Collect$$libinit$$00000004  c_w.l(libinit2.o)
    0x08000352   0x08000352   0x00000000   Code   RO         5317    .ARM.Collect$$libinit$$0000000A  c_w.l(libinit2.o)
    0x08000352   0x08000352   0x00000000   Code   RO         5319    .ARM.Collect$$libinit$$0000000C  c_w.l(libinit2.o)
    0x08000352   0x08000352   0x00000000   Code   RO         5321    .ARM.Collect$$libinit$$0000000E  c_w.l(libinit2.o)
    0x08000352   0x08000352   0x00000000   Code   RO         5324    .ARM.Collect$$libinit$$00000011  c_w.l(libinit2.o)
    0x08000352   0x08000352   0x00000000   Code   RO         5326    .ARM.Collect$$libinit$$00000013  c_w.l(libinit2.o)
    0x08000352   0x08000352   0x00000000   Code   RO         5328    .ARM.Collect$$libinit$$00000015  c_w.l(libinit2.o)
    0x08000352   0x08000352   0x00000000   Code   RO         5330    .ARM.Collect$$libinit$$00000017  c_w.l(libinit2.o)
    0x08000352   0x08000352   0x00000000   Code   RO         5332    .ARM.Collect$$libinit$$00000019  c_w.l(libinit2.o)
    0x08000352   0x08000352   0x00000000   Code   RO         5334    .ARM.Collect$$libinit$$0000001B  c_w.l(libinit2.o)
    0x08000352   0x08000352   0x00000000   Code   RO         5336    .ARM.Collect$$libinit$$0000001D  c_w.l(libinit2.o)
    0x08000352   0x08000352   0x00000000   Code   RO         5338    .ARM.Collect$$libinit$$0000001F  c_w.l(libinit2.o)
    0x08000352   0x08000352   0x00000000   Code   RO         5340    .ARM.Collect$$libinit$$00000021  c_w.l(libinit2.o)
    0x08000352   0x08000352   0x00000000   Code   RO         5342    .ARM.Collect$$libinit$$00000023  c_w.l(libinit2.o)
    0x08000352   0x08000352   0x00000000   Code   RO         5344    .ARM.Collect$$libinit$$00000025  c_w.l(libinit2.o)
    0x08000352   0x08000352   0x00000000   Code   RO         5348    .ARM.Collect$$libinit$$0000002C  c_w.l(libinit2.o)
    0x08000352   0x08000352   0x00000000   Code   RO         5350    .ARM.Collect$$libinit$$0000002E  c_w.l(libinit2.o)
    0x08000352   0x08000352   0x00000000   Code   RO         5352    .ARM.Collect$$libinit$$00000030  c_w.l(libinit2.o)
    0x08000352   0x08000352   0x00000000   Code   RO         5354    .ARM.Collect$$libinit$$00000032  c_w.l(libinit2.o)
    0x08000352   0x08000352   0x00000002   Code   RO         5355    .ARM.Collect$$libinit$$00000033  c_w.l(libinit2.o)
    0x08000354   0x08000354   0x00000002   Code   RO         5386    .ARM.Collect$$libshutdown$$00000000  c_w.l(libshutdown.o)
    0x08000356   0x08000356   0x00000000   Code   RO         5412    .ARM.Collect$$libshutdown$$00000002  c_w.l(libshutdown2.o)
    0x08000356   0x08000356   0x00000000   Code   RO         5414    .ARM.Collect$$libshutdown$$00000004  c_w.l(libshutdown2.o)
    0x08000356   0x08000356   0x00000000   Code   RO         5417    .ARM.Collect$$libshutdown$$00000007  c_w.l(libshutdown2.o)
    0x08000356   0x08000356   0x00000000   Code   RO         5420    .ARM.Collect$$libshutdown$$0000000A  c_w.l(libshutdown2.o)
    0x08000356   0x08000356   0x00000000   Code   RO         5422    .ARM.Collect$$libshutdown$$0000000C  c_w.l(libshutdown2.o)
    0x08000356   0x08000356   0x00000000   Code   RO         5425    .ARM.Collect$$libshutdown$$0000000F  c_w.l(libshutdown2.o)
    0x08000356   0x08000356   0x00000002   Code   RO         5426    .ARM.Collect$$libshutdown$$00000010  c_w.l(libshutdown2.o)
    0x08000358   0x08000358   0x00000000   Code   RO         5264    .ARM.Collect$$rtentry$$00000000  c_w.l(__rtentry.o)
    0x08000358   0x08000358   0x00000000   Code   RO         5270    .ARM.Collect$$rtentry$$00000002  c_w.l(__rtentry2.o)
    0x08000358   0x08000358   0x00000006   Code   RO         5282    .ARM.Collect$$rtentry$$00000004  c_w.l(__rtentry4.o)
    0x0800035e   0x0800035e   0x00000000   Code   RO         5272    .ARM.Collect$$rtentry$$00000009  c_w.l(__rtentry2.o)
    0x0800035e   0x0800035e   0x00000004   Code   RO         5273    .ARM.Collect$$rtentry$$0000000A  c_w.l(__rtentry2.o)
    0x08000362   0x08000362   0x00000000   Code   RO         5275    .ARM.Collect$$rtentry$$0000000C  c_w.l(__rtentry2.o)
    0x08000362   0x08000362   0x00000008   Code   RO         5276    .ARM.Collect$$rtentry$$0000000D  c_w.l(__rtentry2.o)
    0x0800036a   0x0800036a   0x00000002   Code   RO         5303    .ARM.Collect$$rtexit$$00000000  c_w.l(rtexit.o)
    0x0800036c   0x0800036c   0x00000000   Code   RO         5359    .ARM.Collect$$rtexit$$00000002  c_w.l(rtexit2.o)
    0x0800036c   0x0800036c   0x00000004   Code   RO         5360    .ARM.Collect$$rtexit$$00000003  c_w.l(rtexit2.o)
    0x08000370   0x08000370   0x00000006   Code   RO         5361    .ARM.Collect$$rtexit$$00000004  c_w.l(rtexit2.o)
    0x08000376   0x08000376   0x00000002   PAD
    0x08000378   0x08000378   0x00000040   Code   RO            4    .text               startup_stm32h743xx.o
    0x080003b8   0x080003b8   0x000000ee   Code   RO         5256    .text               c_w.l(lludivv7m.o)
    0x080004a6   0x080004a6   0x0000004e   Code   RO         5258    .text               c_w.l(rt_memclr_w.o)
    0x080004f4   0x080004f4   0x00000006   Code   RO         5260    .text               c_w.l(heapauxi.o)
    0x080004fa   0x080004fa   0x0000004a   Code   RO         5286    .text               c_w.l(sys_stackheap_outer.o)
    0x08000544   0x08000544   0x00000012   Code   RO         5288    .text               c_w.l(exit.o)
    0x08000556   0x08000556   0x00000002   PAD
    0x08000558   0x08000558   0x00000008   Code   RO         5300    .text               c_w.l(libspace.o)
    0x08000560   0x08000560   0x0000000c   Code   RO         5356    .text               c_w.l(sys_exit.o)
    0x0800056c   0x0800056c   0x00000002   Code   RO         5375    .text               c_w.l(use_no_semi.o)
    0x0800056e   0x0800056e   0x00000000   Code   RO         5377    .text               c_w.l(indicate_semi.o)
    0x0800056e   0x0800056e   0x00000002   PAD
    0x08000570   0x08000570   0x00000108   Code   RO          812    i.ADC_ConfigureBoostMode  stm32h7xx_hal_adc.o
    0x08000678   0x08000678   0x00000010   Code   RO          549    i.AML_Buzzer_Beep   aml_buzzer.o
    0x08000688   0x08000688   0x00000074   Code   RO          550    i.AML_Buzzer_PlayNote  aml_buzzer.o
    0x080006fc   0x080006fc   0x0000000c   Code   RO          553    i.AML_Buzzer_TurnOff  aml_buzzer.o
    0x08000708   0x08000708   0x0000000c   Code   RO          763    i.AML_Encoder_GetLeftValue  aml_encoder.o
    0x08000714   0x08000714   0x0000000c   Code   RO          764    i.AML_Encoder_GetRightValue  aml_encoder.o
    0x08000720   0x08000720   0x00000020   Code   RO          767    i.AML_Encoder_Setup  aml_encoder.o
    0x08000740   0x08000740   0x0000007c   Code   RO          429    i.AML_MPUSensor_ResetAngle  aml_mpusensor.o
    0x080007bc   0x080007bc   0x0000001c   Code   RO          430    i.AML_MPUSensor_Setup  aml_mpusensor.o
    0x080007d8   0x080007d8   0x000000f4   Code   RO          705    i.AML_MotorControl_AMLPIDSetup  aml_motorcontrol.o
    0x080008cc   0x080008cc   0x00000094   Code   RO          706    i.AML_MotorControl_LeftPWM  aml_motorcontrol.o
    0x08000960   0x08000960   0x00000012   Code   RO          707    i.AML_MotorControl_Move  aml_motorcontrol.o
    0x08000972   0x08000972   0x00000002   PAD
    0x08000974   0x08000974   0x0000008c   Code   RO          708    i.AML_MotorControl_RightPWM  aml_motorcontrol.o
    0x08000a00   0x08000a00   0x00000024   Code   RO          709    i.AML_MotorControl_Setup  aml_motorcontrol.o
    0x08000a24   0x08000a24   0x00000008   Code   RO          710    i.AML_MotorControl_Stop  aml_motorcontrol.o
    0x08000a2c   0x08000a2c   0x00000030   Code   RO          658    i.AML_PID_Init      aml_pid.o
    0x08000a5c   0x08000a5c   0x0000002c   Code   RO          606    i.AML_ReadAll_BitSwitch  aml_switch.o
    0x08000a88   0x08000a88   0x00000034   Code   RO          607    i.AML_ReadAll_Button  aml_switch.o
    0x08000abc   0x08000abc   0x00000020   Code   RO          609    i.AML_Read_Button   aml_switch.o
    0x08000adc   0x08000adc   0x00000002   Code   RO          249    i.BusFault_Handler  stm32h7xx_it.o
    0x08000ade   0x08000ade   0x00000002   PAD
    0x08000ae0   0x08000ae0   0x0000000c   Code   RO          250    i.DMA1_Stream0_IRQHandler  stm32h7xx_it.o
    0x08000aec   0x08000aec   0x000000b4   Code   RO         1905    i.DMA_CalcBaseAndBitshift  stm32h7xx_hal_dma.o
    0x08000ba0   0x08000ba0   0x0000009c   Code   RO         1906    i.DMA_CalcDMAMUXChannelBaseAndMask  stm32h7xx_hal_dma.o
    0x08000c3c   0x08000c3c   0x00000074   Code   RO         1907    i.DMA_CalcDMAMUXRequestGenBaseAndMask  stm32h7xx_hal_dma.o
    0x08000cb0   0x08000cb0   0x00000054   Code   RO         1908    i.DMA_CheckFifoParam  stm32h7xx_hal_dma.o
    0x08000d04   0x08000d04   0x00000220   Code   RO         1909    i.DMA_SetConfig     stm32h7xx_hal_dma.o
    0x08000f24   0x08000f24   0x00000002   Code   RO          251    i.DebugMon_Handler  stm32h7xx_it.o
    0x08000f26   0x08000f26   0x00000004   Code   RO           13    i.Error_Handler     main.o
    0x08000f2a   0x08000f2a   0x00000002   PAD
    0x08000f2c   0x08000f2c   0x000003d8   Code   RO          820    i.HAL_ADC_ConfigChannel  stm32h7xx_hal_adc.o
    0x08001304   0x08001304   0x00000228   Code   RO          829    i.HAL_ADC_Init      stm32h7xx_hal_adc.o
    0x0800152c   0x0800152c   0x000000dc   Code   RO          338    i.HAL_ADC_MspInit   stm32h7xx_hal_msp.o
    0x08001608   0x08001608   0x00000360   Code   RO         1910    i.HAL_DMA_Abort     stm32h7xx_hal_dma.o
    0x08001968   0x08001968   0x00000284   Code   RO         1911    i.HAL_DMA_Abort_IT  stm32h7xx_hal_dma.o
    0x08001bec   0x08001bec   0x00000004   Code   RO         1913    i.HAL_DMA_GetError  stm32h7xx_hal_dma.o
    0x08001bf0   0x08001bf0   0x000006e8   Code   RO         1915    i.HAL_DMA_IRQHandler  stm32h7xx_hal_dma.o
    0x080022d8   0x080022d8   0x000003c4   Code   RO         1916    i.HAL_DMA_Init      stm32h7xx_hal_dma.o
    0x0800269c   0x0800269c   0x0000029c   Code   RO         1920    i.HAL_DMA_Start_IT  stm32h7xx_hal_dma.o
    0x08002938   0x08002938   0x00000024   Code   RO         2772    i.HAL_Delay         stm32h7xx_hal.o
    0x0800295c   0x0800295c   0x0000022c   Code   RO         1758    i.HAL_GPIO_Init     stm32h7xx_hal_gpio.o
    0x08002b88   0x08002b88   0x0000000a   Code   RO         1760    i.HAL_GPIO_ReadPin  stm32h7xx_hal_gpio.o
    0x08002b92   0x08002b92   0x0000000a   Code   RO         1762    i.HAL_GPIO_WritePin  stm32h7xx_hal_gpio.o
    0x08002b9c   0x08002b9c   0x0000000c   Code   RO         2783    i.HAL_GetREVID      stm32h7xx_hal.o
    0x08002ba8   0x08002ba8   0x0000000c   Code   RO         2784    i.HAL_GetTick       stm32h7xx_hal.o
    0x08002bb4   0x08002bb4   0x00000058   Code   RO         3549    i.HAL_I2CEx_ConfigAnalogFilter  stm32h7xx_hal_i2c_ex.o
    0x08002c0c   0x08002c0c   0x00000054   Code   RO         3550    i.HAL_I2CEx_ConfigDigitalFilter  stm32h7xx_hal_i2c_ex.o
    0x08002c60   0x08002c60   0x000000c0   Code   RO         3088    i.HAL_I2C_Init      stm32h7xx_hal_i2c.o
    0x08002d20   0x08002d20   0x00000084   Code   RO          340    i.HAL_I2C_MspInit   stm32h7xx_hal_msp.o
    0x08002da4   0x08002da4   0x00000010   Code   RO         2790    i.HAL_IncTick       stm32h7xx_hal.o
    0x08002db4   0x08002db4   0x0000005c   Code   RO         2791    i.HAL_Init          stm32h7xx_hal.o
    0x08002e10   0x08002e10   0x00000040   Code   RO         2792    i.HAL_InitTick      stm32h7xx_hal.o
    0x08002e50   0x08002e50   0x0000005c   Code   RO         2613    i.HAL_MPU_ConfigRegion  stm32h7xx_hal_cortex.o
    0x08002eac   0x08002eac   0x0000001c   Code   RO         2614    i.HAL_MPU_Disable   stm32h7xx_hal_cortex.o
    0x08002ec8   0x08002ec8   0x00000024   Code   RO         2616    i.HAL_MPU_Enable    stm32h7xx_hal_cortex.o
    0x08002eec   0x08002eec   0x0000001c   Code   RO          341    i.HAL_MspInit       stm32h7xx_hal_msp.o
    0x08002f08   0x08002f08   0x0000001a   Code   RO         2620    i.HAL_NVIC_EnableIRQ  stm32h7xx_hal_cortex.o
    0x08002f22   0x08002f22   0x00000002   PAD
    0x08002f24   0x08002f24   0x00000040   Code   RO         2626    i.HAL_NVIC_SetPriority  stm32h7xx_hal_cortex.o
    0x08002f64   0x08002f64   0x00000024   Code   RO         2627    i.HAL_NVIC_SetPriorityGrouping  stm32h7xx_hal_cortex.o
    0x08002f88   0x08002f88   0x00000054   Code   RO         2359    i.HAL_PWREx_ConfigSupply  stm32h7xx_hal_pwr_ex.o
    0x08002fdc   0x08002fdc   0x00000024   Code   RO         1379    i.HAL_RCCEx_GetD3PCLK1Freq  stm32h7xx_hal_rcc_ex.o
    0x08003000   0x08003000   0x00000148   Code   RO         1380    i.HAL_RCCEx_GetPLL1ClockFreq  stm32h7xx_hal_rcc_ex.o
    0x08003148   0x08003148   0x00000144   Code   RO         1381    i.HAL_RCCEx_GetPLL2ClockFreq  stm32h7xx_hal_rcc_ex.o
    0x0800328c   0x0800328c   0x00000144   Code   RO         1382    i.HAL_RCCEx_GetPLL3ClockFreq  stm32h7xx_hal_rcc_ex.o
    0x080033d0   0x080033d0   0x000002c8   Code   RO         1384    i.HAL_RCCEx_GetPeriphCLKFreq  stm32h7xx_hal_rcc_ex.o
    0x08003698   0x08003698   0x000009ac   Code   RO         1388    i.HAL_RCCEx_PeriphCLKConfig  stm32h7xx_hal_rcc_ex.o
    0x08004044   0x08004044   0x0000025c   Code   RO         1264    i.HAL_RCC_ClockConfig  stm32h7xx_hal_rcc.o
    0x080042a0   0x080042a0   0x00000044   Code   RO         1269    i.HAL_RCC_GetHCLKFreq  stm32h7xx_hal_rcc.o
    0x080042e4   0x080042e4   0x00000024   Code   RO         1271    i.HAL_RCC_GetPCLK1Freq  stm32h7xx_hal_rcc.o
    0x08004308   0x08004308   0x00000024   Code   RO         1272    i.HAL_RCC_GetPCLK2Freq  stm32h7xx_hal_rcc.o
    0x0800432c   0x0800432c   0x00000138   Code   RO         1273    i.HAL_RCC_GetSysClockFreq  stm32h7xx_hal_rcc.o
    0x08004464   0x08004464   0x00000582   Code   RO         1276    i.HAL_RCC_OscConfig  stm32h7xx_hal_rcc.o
    0x080049e6   0x080049e6   0x00000026   Code   RO         2631    i.HAL_SYSTICK_Config  stm32h7xx_hal_cortex.o
    0x08004a0c   0x08004a0c   0x000000a0   Code   RO         4395    i.HAL_TIMEx_ConfigBreakDeadTime  stm32h7xx_hal_tim_ex.o
    0x08004aac   0x08004aac   0x000000a4   Code   RO         4413    i.HAL_TIMEx_MasterConfigSynchronization  stm32h7xx_hal_tim_ex.o
    0x08004b50   0x08004b50   0x00000080   Code   RO         3680    i.HAL_TIM_Base_Start  stm32h7xx_hal_tim.o
    0x08004bd0   0x08004bd0   0x000000bc   Code   RO         3698    i.HAL_TIM_Encoder_Init  stm32h7xx_hal_tim.o
    0x08004c8c   0x08004c8c   0x000000c8   Code   RO          343    i.HAL_TIM_Encoder_MspInit  stm32h7xx_hal_msp.o
    0x08004d54   0x08004d54   0x0000008e   Code   RO         3701    i.HAL_TIM_Encoder_Start  stm32h7xx_hal_tim.o
    0x08004de2   0x08004de2   0x00000002   PAD
    0x08004de4   0x08004de4   0x00000088   Code   RO          344    i.HAL_TIM_MspPostInit  stm32h7xx_hal_msp.o
    0x08004e6c   0x08004e6c   0x00000124   Code   RO         3749    i.HAL_TIM_PWM_ConfigChannel  stm32h7xx_hal_tim.o
    0x08004f90   0x08004f90   0x00000062   Code   RO         3752    i.HAL_TIM_PWM_Init  stm32h7xx_hal_tim.o
    0x08004ff2   0x08004ff2   0x00000002   PAD
    0x08004ff4   0x08004ff4   0x00000044   Code   RO          346    i.HAL_TIM_PWM_MspInit  stm32h7xx_hal_msp.o
    0x08005038   0x08005038   0x00000110   Code   RO         3757    i.HAL_TIM_PWM_Start  stm32h7xx_hal_tim.o
    0x08005148   0x08005148   0x000000b0   Code   RO         3760    i.HAL_TIM_PWM_Stop  stm32h7xx_hal_tim.o
    0x080051f8   0x080051f8   0x00000040   Code   RO         5102    i.HAL_UARTEx_DisableFifoMode  stm32h7xx_hal_uart_ex.o
    0x08005238   0x08005238   0x00000002   Code   RO         4691    i.HAL_UARTEx_RxEventCallback  stm32h7xx_hal_uart.o
    0x0800523a   0x0800523a   0x00000002   Code   RO         5110    i.HAL_UARTEx_RxFifoFullCallback  stm32h7xx_hal_uart_ex.o
    0x0800523c   0x0800523c   0x0000004c   Code   RO         5111    i.HAL_UARTEx_SetRxFifoThreshold  stm32h7xx_hal_uart_ex.o
    0x08005288   0x08005288   0x0000004c   Code   RO         5112    i.HAL_UARTEx_SetTxFifoThreshold  stm32h7xx_hal_uart_ex.o
    0x080052d4   0x080052d4   0x00000002   Code   RO         5114    i.HAL_UARTEx_TxFifoEmptyCallback  stm32h7xx_hal_uart_ex.o
    0x080052d6   0x080052d6   0x00000002   Code   RO         5115    i.HAL_UARTEx_WakeupCallback  stm32h7xx_hal_uart_ex.o
    0x080052d8   0x080052d8   0x00000092   Code   RO         4703    i.HAL_UART_DMAStop  stm32h7xx_hal_uart.o
    0x0800536a   0x0800536a   0x00000002   Code   RO         4707    i.HAL_UART_ErrorCallback  stm32h7xx_hal_uart.o
    0x0800536c   0x0800536c   0x00000388   Code   RO         4710    i.HAL_UART_IRQHandler  stm32h7xx_hal_uart.o
    0x080056f4   0x080056f4   0x0000006a   Code   RO         4711    i.HAL_UART_Init     stm32h7xx_hal_uart.o
    0x0800575e   0x0800575e   0x00000002   PAD
    0x08005760   0x08005760   0x0000012c   Code   RO          348    i.HAL_UART_MspInit  stm32h7xx_hal_msp.o
    0x0800588c   0x0800588c   0x000000e8   Code   RO         4714    i.HAL_UART_Receive  stm32h7xx_hal_uart.o
    0x08005974   0x08005974   0x00000048   Code   RO         4715    i.HAL_UART_Receive_DMA  stm32h7xx_hal_uart.o
    0x080059bc   0x080059bc   0x000000d4   Code   RO          431    i.HAL_UART_RxCpltCallback  aml_mpusensor.o
    0x08005a90   0x08005a90   0x00000002   Code   RO         4719    i.HAL_UART_RxHalfCpltCallback  stm32h7xx_hal_uart.o
    0x08005a92   0x08005a92   0x000000b0   Code   RO         4720    i.HAL_UART_Transmit  stm32h7xx_hal_uart.o
    0x08005b42   0x08005b42   0x00000002   Code   RO         4723    i.HAL_UART_TxCpltCallback  stm32h7xx_hal_uart.o
    0x08005b44   0x08005b44   0x00000002   Code   RO          252    i.HardFault_Handler  stm32h7xx_it.o
    0x08005b46   0x08005b46   0x00000008   Code   RO          841    i.LL_ADC_INJ_IsConversionOngoing  stm32h7xx_hal_adc.o
    0x08005b4e   0x08005b4e   0x00000008   Code   RO          842    i.LL_ADC_REG_IsConversionOngoing  stm32h7xx_hal_adc.o
    0x08005b56   0x08005b56   0x0000001e   Code   RO          845    i.LL_ADC_SetChannelSamplingTime  stm32h7xx_hal_adc.o
    0x08005b74   0x08005b74   0x00000088   Code   RO           14    i.MX_ADC2_Init      main.o
    0x08005bfc   0x08005bfc   0x000000ec   Code   RO           15    i.MX_GPIO_Init      main.o
    0x08005ce8   0x08005ce8   0x00000054   Code   RO           16    i.MX_I2C1_Init      main.o
    0x08005d3c   0x08005d3c   0x000000bc   Code   RO           17    i.MX_TIM1_Init      main.o
    0x08005df8   0x08005df8   0x00000064   Code   RO           18    i.MX_TIM2_Init      main.o
    0x08005e5c   0x08005e5c   0x00000074   Code   RO           19    i.MX_TIM3_Init      main.o
    0x08005ed0   0x08005ed0   0x00000068   Code   RO           20    i.MX_TIM5_Init      main.o
    0x08005f38   0x08005f38   0x00000064   Code   RO           21    i.MX_USART1_UART_Init  main.o
    0x08005f9c   0x08005f9c   0x00000064   Code   RO           22    i.MX_USART2_UART_Init  main.o
    0x08006000   0x08006000   0x00000002   Code   RO          253    i.MemManage_Handler  stm32h7xx_it.o
    0x08006002   0x08006002   0x00000002   Code   RO          254    i.NMI_Handler       stm32h7xx_it.o
    0x08006004   0x08006004   0x00000002   Code   RO          255    i.PendSV_Handler    stm32h7xx_it.o
    0x08006006   0x08006006   0x00000002   PAD
    0x08006008   0x08006008   0x00000120   Code   RO         1391    i.RCCEx_PLL2_Config  stm32h7xx_hal_rcc_ex.o
    0x08006128   0x08006128   0x00000120   Code   RO         1392    i.RCCEx_PLL3_Config  stm32h7xx_hal_rcc_ex.o
    0x08006248   0x08006248   0x00000002   Code   RO          256    i.SVC_Handler       stm32h7xx_it.o
    0x0800624a   0x0800624a   0x00000004   Code   RO          257    i.SysTick_Handler   stm32h7xx_it.o
    0x0800624e   0x0800624e   0x00000002   PAD
    0x08006250   0x08006250   0x000000dc   Code   RO           23    i.SystemClock_Config  main.o
    0x0800632c   0x0800632c   0x000000dc   Code   RO         5221    i.SystemInit        system_stm32h7xx.o
    0x08006408   0x08006408   0x000000d0   Code   RO         3770    i.TIM_Base_SetConfig  stm32h7xx_hal_tim.o
    0x080064d8   0x080064d8   0x0000001a   Code   RO         3771    i.TIM_CCxChannelCmd  stm32h7xx_hal_tim.o
    0x080064f2   0x080064f2   0x00000002   PAD
    0x080064f4   0x080064f4   0x000000a4   Code   RO         3783    i.TIM_OC1_SetConfig  stm32h7xx_hal_tim.o
    0x08006598   0x08006598   0x00000098   Code   RO         3784    i.TIM_OC2_SetConfig  stm32h7xx_hal_tim.o
    0x08006630   0x08006630   0x00000098   Code   RO         3785    i.TIM_OC3_SetConfig  stm32h7xx_hal_tim.o
    0x080066c8   0x080066c8   0x00000078   Code   RO         3786    i.TIM_OC4_SetConfig  stm32h7xx_hal_tim.o
    0x08006740   0x08006740   0x00000074   Code   RO         3787    i.TIM_OC5_SetConfig  stm32h7xx_hal_tim.o
    0x080067b4   0x080067b4   0x00000074   Code   RO         3788    i.TIM_OC6_SetConfig  stm32h7xx_hal_tim.o
    0x08006828   0x08006828   0x00000044   Code   RO         5116    i.UARTEx_SetNbDataToProcess  stm32h7xx_hal_uart_ex.o
    0x0800686c   0x0800686c   0x000000c8   Code   RO         4725    i.UART_AdvFeatureConfig  stm32h7xx_hal_uart.o
    0x08006934   0x08006934   0x000000aa   Code   RO         4726    i.UART_CheckIdleState  stm32h7xx_hal_uart.o
    0x080069de   0x080069de   0x00000014   Code   RO         4727    i.UART_DMAAbortOnError  stm32h7xx_hal_uart.o
    0x080069f2   0x080069f2   0x0000004e   Code   RO         4728    i.UART_DMAError     stm32h7xx_hal_uart.o
    0x08006a40   0x08006a40   0x00000082   Code   RO         4729    i.UART_DMAReceiveCplt  stm32h7xx_hal_uart.o
    0x08006ac2   0x08006ac2   0x00000020   Code   RO         4731    i.UART_DMARxHalfCplt  stm32h7xx_hal_uart.o
    0x08006ae2   0x08006ae2   0x00000002   PAD
    0x08006ae4   0x08006ae4   0x00000054   Code   RO         4737    i.UART_EndRxTransfer  stm32h7xx_hal_uart.o
    0x08006b38   0x08006b38   0x0000002e   Code   RO         4738    i.UART_EndTxTransfer  stm32h7xx_hal_uart.o
    0x08006b66   0x08006b66   0x00000002   PAD
    0x08006b68   0x08006b68   0x000003ac   Code   RO         4743    i.UART_SetConfig    stm32h7xx_hal_uart.o
    0x08006f14   0x08006f14   0x000000a8   Code   RO         4744    i.UART_Start_Receive_DMA  stm32h7xx_hal_uart.o
    0x08006fbc   0x08006fbc   0x00000094   Code   RO         4750    i.UART_WaitOnFlagUntilTimeout  stm32h7xx_hal_uart.o
    0x08007050   0x08007050   0x0000000c   Code   RO          258    i.USART1_IRQHandler  stm32h7xx_it.o
    0x0800705c   0x0800705c   0x00000002   Code   RO          259    i.UsageFault_Handler  stm32h7xx_it.o
    0x0800705e   0x0800705e   0x00000022   Code   RO         2633    i.__NVIC_SetPriority  stm32h7xx_hal_cortex.o
    0x08007080   0x08007080   0x0000003c   Code   RO          433    i.handle            aml_mpusensor.o
    0x080070bc   0x080070bc   0x00000108   Code   RO           24    i.main              main.o
    0x080071c4   0x080071c4   0x0000000a   Code   RO         5371    x$fpl$fpinit        fz_wv.l(fpinit.o)
    0x080071ce   0x080071ce   0x00000008   Data   RO         1922    .constdata          stm32h7xx_hal_dma.o
    0x080071d6   0x080071d6   0x00000018   Data   RO         4751    .constdata          stm32h7xx_hal_uart.o
    0x080071ee   0x080071ee   0x00000010   Data   RO         5117    .constdata          stm32h7xx_hal_uart_ex.o
    0x080071fe   0x080071fe   0x00000010   Data   RO         5222    .constdata          system_stm32h7xx.o
    0x0800720e   0x0800720e   0x00000002   PAD
    0x08007210   0x08007210   0x00000020   Data   RO         5427    Region$$Table       anon$$obj.o


    Execution Region RW_IRAM1 (Exec base: 0x20000000, Load base: 0x08007230, Size: 0x00000000, Max: 0x00020000, ABSOLUTE)

    **** No section assigned to this execution region ****


    Execution Region RW_IRAM2 (Exec base: 0x24000000, Load base: 0x08007230, Size: 0x00000e18, Max: 0x00080000, ABSOLUTE, COMPRESSED[0x00000034])

    Exec Addr    Load Addr    Size         Type   Attr      Idx    E Section Name        Object

    0x24000000   COMPRESSED   0x0000000c   Data   RW           29    .data               main.o
    0x2400000c   COMPRESSED   0x00000004   PAD
    0x24000010   COMPRESSED   0x00000020   Data   RW          435    .data               aml_mpusensor.o
    0x24000030   COMPRESSED   0x00000002   Data   RW          556    .data               aml_buzzer.o
    0x24000032   COMPRESSED   0x00000002   PAD
    0x24000034   COMPRESSED   0x00000020   Data   RW          611    .data               aml_switch.o
    0x24000054   COMPRESSED   0x00000004   PAD
    0x24000058   COMPRESSED   0x00000120   Data   RW          712    .data               aml_motorcontrol.o
    0x24000178   COMPRESSED   0x0000000c   Data   RW         2813    .data               stm32h7xx_hal.o
    0x24000184   COMPRESSED   0x00000008   Data   RW         5223    .data               system_stm32h7xx.o
    0x2400018c        -       0x00000310   Zero   RW           25    .bss                main.o
    0x2400049c        -       0x00000078   Zero   RW           26    .bss                main.o
    0x24000514        -       0x00000024   Zero   RW          434    .bss                aml_mpusensor.o
    0x24000538        -       0x00000280   Zero   RW          711    .bss                aml_motorcontrol.o
    0x240007b8        -       0x00000060   Zero   RW         5301    .bss                c_w.l(libspace.o)
    0x24000818        -       0x00000200   Zero   RW            2    HEAP                startup_stm32h743xx.o
    0x24000a18        -       0x00000400   Zero   RW            1    STACK               startup_stm32h743xx.o


==============================================================================

Image component sizes


      Code (inc. data)   RO Data    RW Data    ZI Data      Debug   Object Name

       144         30          0          2          0       2891   aml_buzzer.o
        56         18          0          0          0       1791   aml_encoder.o
       594         40          0        288        640       7293   aml_motorcontrol.o
       424        100          0         32         36       3711   aml_mpusensor.o
        48          8          0          0          0       1423   aml_pid.o
       128         16          0         32          0       3098   aml_switch.o
      1652        118          0         12        904    1325124   main.o
        64         26        664          0       1536        932   startup_stm32h743xx.o
       232         44          0         12          0      24232   stm32h7xx_hal.o
      1846        152          0          0          0      69248   stm32h7xx_hal_adc.o
       354         28          0          0          0      42761   stm32h7xx_hal_cortex.o
      5992        246          8          0          0      13581   stm32h7xx_hal_dma.o
       576         50          0          0          0       3327   stm32h7xx_hal_gpio.o
       192          6          0          0          0       3543   stm32h7xx_hal_i2c.o
       172          0          0          0          0       2355   stm32h7xx_hal_i2c_ex.o
      1084        122          0          0          0       6704   stm32h7xx_hal_msp.o
        84          6          0          0          0        877   stm32h7xx_hal_pwr_ex.o
      2466        102          0          0          0       7792   stm32h7xx_hal_rcc.o
      4776        174          0          0          0      11375   stm32h7xx_hal_rcc_ex.o
      2350        284          0          0          0      15217   stm32h7xx_hal_tim.o
       324         40          0          0          0       2760   stm32h7xx_hal_tim_ex.o
      3660        156         24          0          0      40524   stm32h7xx_hal_uart.o
       290          6         16          0          0       6230   stm32h7xx_hal_uart_ex.o
        44         12          0          0          0       6080   stm32h7xx_it.o
       220         40         16          8          0       1766   system_stm32h7xx.o

    ----------------------------------------------------------------------
     27796       1824        762        396       3116    1604635   Object Totals
         0          0         32          0          0          0   (incl. Generated)
        24          0          2         10          0          0   (incl. Padding)

    ----------------------------------------------------------------------

      Code (inc. data)   RO Data    RW Data    ZI Data      Debug   Library Member Name

        90          0          0          0          0          0   __dczerorl2.o
         8          0          0          0          0         68   __main.o
         0          0          0          0          0          0   __rtentry.o
        12          0          0          0          0          0   __rtentry2.o
         6          0          0          0          0          0   __rtentry4.o
        52          8          0          0          0          0   __scatter.o
        28          0          0          0          0          0   __scatter_zi.o
        18          0          0          0          0         80   exit.o
         6          0          0          0          0        152   heapauxi.o
         0          0          0          0          0          0   indicate_semi.o
         2          0          0          0          0          0   libinit.o
         6          0          0          0          0          0   libinit2.o
         2          0          0          0          0          0   libshutdown.o
         2          0          0          0          0          0   libshutdown2.o
         8          4          0          0         96         68   libspace.o
       238          0          0          0          0        100   lludivv7m.o
        78          0          0          0          0         80   rt_memclr_w.o
         2          0          0          0          0          0   rtexit.o
        10          0          0          0          0          0   rtexit2.o
        12          4          0          0          0         68   sys_exit.o
        74          0          0          0          0         80   sys_stackheap_outer.o
         2          0          0          0          0         68   use_no_semi.o
        10          0          0          0          0        116   fpinit.o

    ----------------------------------------------------------------------
       674         16          0          0         96        880   Library Totals
         8          0          0          0          0          0   (incl. Padding)

    ----------------------------------------------------------------------

      Code (inc. data)   RO Data    RW Data    ZI Data      Debug   Library Name

       656         16          0          0         96        764   c_w.l
        10          0          0          0          0        116   fz_wv.l

    ----------------------------------------------------------------------
       674         16          0          0         96        880   Library Totals

    ----------------------------------------------------------------------

==============================================================================


      Code (inc. data)   RO Data    RW Data    ZI Data      Debug   

     28470       1840        762        396       3212    1591455   Grand Totals
     28470       1840        762         52       3212    1591455   ELF Image Totals (compressed)
     28470       1840        762         52          0          0   ROM Totals

==============================================================================

    Total RO  Size (Code + RO Data)                29232 (  28.55kB)
    Total RW  Size (RW Data + ZI Data)              3608 (   3.52kB)
    Total ROM Size (Code + RO Data + RW Data)      29284 (  28.60kB)

==============================================================================

