Component: ARM Compiler 5.06 update 6 (build 750) Tool: armlink [4d35ed]

==============================================================================

Section Cross References

    startup_stm32f407xx.o(STACK) refers (Special) to heapauxi.o(.text) for __use_two_region_memory
    startup_stm32f407xx.o(HEAP) refers (Special) to heapauxi.o(.text) for __use_two_region_memory
    startup_stm32f407xx.o(RESET) refers (Special) to heapauxi.o(.text) for __use_two_region_memory
    startup_stm32f407xx.o(RESET) refers to startup_stm32f407xx.o(STACK) for __initial_sp
    startup_stm32f407xx.o(RESET) refers to startup_stm32f407xx.o(.text) for Reset_Handler
    startup_stm32f407xx.o(RESET) refers to stm32f4xx_it.o(i.NMI_Handler) for NMI_Handler
    startup_stm32f407xx.o(RESET) refers to stm32f4xx_it.o(i.HardFault_Handler) for HardFault_Handler
    startup_stm32f407xx.o(RESET) refers to stm32f4xx_it.o(i.MemManage_Handler) for MemManage_Handler
    startup_stm32f407xx.o(RESET) refers to stm32f4xx_it.o(i.BusFault_Handler) for BusFault_Handler
    startup_stm32f407xx.o(RESET) refers to stm32f4xx_it.o(i.UsageFault_Handler) for UsageFault_Handler
    startup_stm32f407xx.o(RESET) refers to stm32f4xx_it.o(i.SVC_Handler) for SVC_Handler
    startup_stm32f407xx.o(RESET) refers to stm32f4xx_it.o(i.DebugMon_Handler) for DebugMon_Handler
    startup_stm32f407xx.o(RESET) refers to stm32f4xx_it.o(i.PendSV_Handler) for PendSV_Handler
    startup_stm32f407xx.o(RESET) refers to stm32f4xx_it.o(i.SysTick_Handler) for SysTick_Handler
    startup_stm32f407xx.o(RESET) refers to stm32f4xx_it.o(i.EXTI1_IRQHandler) for EXTI1_IRQHandler
    startup_stm32f407xx.o(RESET) refers to stm32f4xx_it.o(i.EXTI2_IRQHandler) for EXTI2_IRQHandler
    startup_stm32f407xx.o(RESET) refers to stm32f4xx_it.o(i.EXTI3_IRQHandler) for EXTI3_IRQHandler
    startup_stm32f407xx.o(RESET) refers to stm32f4xx_it.o(i.EXTI4_IRQHandler) for EXTI4_IRQHandler
    startup_stm32f407xx.o(RESET) refers to stm32f4xx_it.o(i.DMA1_Stream1_IRQHandler) for DMA1_Stream1_IRQHandler
    startup_stm32f407xx.o(RESET) refers to stm32f4xx_it.o(i.EXTI9_5_IRQHandler) for EXTI9_5_IRQHandler
    startup_stm32f407xx.o(RESET) refers to stm32f4xx_it.o(i.TIM1_BRK_TIM9_IRQHandler) for TIM1_BRK_TIM9_IRQHandler
    startup_stm32f407xx.o(RESET) refers to stm32f4xx_it.o(i.TIM1_UP_TIM10_IRQHandler) for TIM1_UP_TIM10_IRQHandler
    startup_stm32f407xx.o(.text) refers (Special) to heapauxi.o(.text) for __use_two_region_memory
    startup_stm32f407xx.o(.text) refers to system_stm32f4xx.o(i.SystemInit) for SystemInit
    startup_stm32f407xx.o(.text) refers to __main.o(!!!main) for __main
    startup_stm32f407xx.o(.text) refers to startup_stm32f407xx.o(HEAP) for Heap_Mem
    startup_stm32f407xx.o(.text) refers to startup_stm32f407xx.o(STACK) for Stack_Mem
    main.o(i.EncoderTest) refers to aml_motorcontrol.o(i.AML_MotorControl_TurnOnWallFollow) for AML_MotorControl_TurnOnWallFollow
    main.o(i.EncoderTest) refers to aml_encoder.o(i.AML_Encoder_GetLeftValue) for AML_Encoder_GetLeftValue
    main.o(i.EncoderTest) refers to aml_motorcontrol.o(i.AML_MotorControl_TurnOffWallFollow) for AML_MotorControl_TurnOffWallFollow
    main.o(i.EncoderTest) refers to aml_motorcontrol.o(i.AML_MotorControl_ShortBreak) for AML_MotorControl_ShortBreak
    main.o(i.EncoderTest) refers to aml_encoder.o(i.AML_Encoder_ResetLeftValue) for AML_Encoder_ResetLeftValue
    main.o(i.EncoderTest) refers to aml_debugdevice.o(i.AML_DebugDevice_BuzzerBeep) for AML_DebugDevice_BuzzerBeep
    main.o(i.EncoderTest) refers to stm32f4xx_hal.o(i.HAL_Delay) for HAL_Delay
    main.o(i.EncoderTest) refers to main.o(.data) for ReadButton
    main.o(i.MX_DMA_Init) refers to stm32f4xx_hal_cortex.o(i.HAL_NVIC_SetPriority) for HAL_NVIC_SetPriority
    main.o(i.MX_DMA_Init) refers to stm32f4xx_hal_cortex.o(i.HAL_NVIC_EnableIRQ) for HAL_NVIC_EnableIRQ
    main.o(i.MX_GPIO_Init) refers to rt_memclr_w.o(.text) for __aeabi_memclr4
    main.o(i.MX_GPIO_Init) refers to stm32f4xx_hal_gpio.o(i.HAL_GPIO_WritePin) for HAL_GPIO_WritePin
    main.o(i.MX_GPIO_Init) refers to stm32f4xx_hal_gpio.o(i.HAL_GPIO_Init) for HAL_GPIO_Init
    main.o(i.MX_GPIO_Init) refers to stm32f4xx_hal_cortex.o(i.HAL_NVIC_SetPriority) for HAL_NVIC_SetPriority
    main.o(i.MX_GPIO_Init) refers to stm32f4xx_hal_cortex.o(i.HAL_NVIC_EnableIRQ) for HAL_NVIC_EnableIRQ
    main.o(i.MX_I2C1_Init) refers to stm32f4xx_hal_i2c.o(i.HAL_I2C_Init) for HAL_I2C_Init
    main.o(i.MX_I2C1_Init) refers to main.o(i.Error_Handler) for Error_Handler
    main.o(i.MX_I2C1_Init) refers to main.o(.bss) for hi2c1
    main.o(i.MX_TIM10_Init) refers to stm32f4xx_hal_tim.o(i.HAL_TIM_Base_Init) for HAL_TIM_Base_Init
    main.o(i.MX_TIM10_Init) refers to main.o(i.Error_Handler) for Error_Handler
    main.o(i.MX_TIM10_Init) refers to main.o(.bss) for htim10
    main.o(i.MX_TIM1_Init) refers to rt_memclr_w.o(.text) for __aeabi_memclr4
[...]
    VL53L0X_UpdateByte                       0x08009691   Thumb Code    62  vl53l0x_platform.o(i.VL53L0X_UpdateByte)
    VL53L0X_WaitDeviceBooted                 0x080096cf   Thumb Code     8  vl53l0x_api.o(i.VL53L0X_WaitDeviceBooted)
    VL53L0X_WrByte                           0x080096d9   Thumb Code    46  vl53l0x_platform.o(i.VL53L0X_WrByte)
    VL53L0X_WrWord                           0x0800970d   Thumb Code    50  vl53l0x_platform.o(i.VL53L0X_WrWord)
    VL53L0X_WriteMulti                       0x08009745   Thumb Code    64  vl53l0x_platform.o(i.VL53L0X_WriteMulti)
    VL53L0X_calc_dmax                        0x08009789   Thumb Code   392  vl53l0x_api_core.o(i.VL53L0X_calc_dmax)
    VL53L0X_calc_macro_period_ps             0x08009915   Thumb Code    22  vl53l0x_api_core.o(i.VL53L0X_calc_macro_period_ps)
    VL53L0X_calc_sigma_estimate              0x0800992d   Thumb Code   674  vl53l0x_api_core.o(i.VL53L0X_calc_sigma_estimate)
    VL53L0X_calc_timeout_mclks               0x08009bdd   Thumb Code    52  vl53l0x_api_core.o(i.VL53L0X_calc_timeout_mclks)
    VL53L0X_calc_timeout_us                  0x08009c11   Thumb Code    54  vl53l0x_api_core.o(i.VL53L0X_calc_timeout_us)
    VL53L0X_decode_timeout                   0x08009c47   Thumb Code    14  vl53l0x_api_core.o(i.VL53L0X_decode_timeout)
    VL53L0X_decode_vcsel_period              0x08009c55   Thumb Code    12  vl53l0x_api_core.o(i.VL53L0X_decode_vcsel_period)
    VL53L0X_device_read_strobe               0x08009c61   Thumb Code    78  vl53l0x_api_core.o(i.VL53L0X_device_read_strobe)
    VL53L0X_encode_timeout                   0x08009caf   Thumb Code    40  vl53l0x_api_core.o(i.VL53L0X_encode_timeout)
    VL53L0X_encode_vcsel_period              0x08009cd7   Thumb Code    14  vl53l0x_api_core.o(i.VL53L0X_encode_vcsel_period)
    VL53L0X_get_info_from_device             0x08009ce5   Thumb Code  1354  vl53l0x_api_core.o(i.VL53L0X_get_info_from_device)
    VL53L0X_get_measurement_timing_budget_micro_seconds 0x0800a22f   Thumb Code   238  vl53l0x_api_core.o(i.VL53L0X_get_measurement_timing_budget_micro_seconds)
    VL53L0X_get_offset_calibration_data_micro_meter 0x0800a31d   Thumb Code    86  vl53l0x_api_calibration.o(i.VL53L0X_get_offset_calibration_data_micro_meter)
    VL53L0X_get_pal_range_status             0x0800a373   Thumb Code   564  vl53l0x_api_core.o(i.VL53L0X_get_pal_range_status)
    VL53L0X_get_total_signal_rate            0x0800a5a7   Thumb Code    40  vl53l0x_api_core.o(i.VL53L0X_get_total_signal_rate)
    VL53L0X_get_total_xtalk_rate             0x0800a5cf   Thumb Code    58  vl53l0x_api_core.o(i.VL53L0X_get_total_xtalk_rate)
    VL53L0X_get_vcsel_pulse_period           0x0800a609   Thumb Code    70  vl53l0x_api_core.o(i.VL53L0X_get_vcsel_pulse_period)
    VL53L0X_isqrt                            0x0800a64f   Thumb Code    44  vl53l0x_api_core.o(i.VL53L0X_isqrt)
    VL53L0X_load_tuning_settings             0x0800a67b   Thumb Code   234  vl53l0x_api_core.o(i.VL53L0X_load_tuning_settings)
    VL53L0X_measurement_poll_for_completion  0x0800a765   Thumb Code    64  vl53l0x_api_core.o(i.VL53L0X_measurement_poll_for_completion)
    VL53L0X_perform_phase_calibration        0x0800a7a5   Thumb Code   124  vl53l0x_api_calibration.o(i.VL53L0X_perform_phase_calibration)
    VL53L0X_perform_ref_calibration          0x0800a821   Thumb Code    76  vl53l0x_api_calibration.o(i.VL53L0X_perform_ref_calibration)
    VL53L0X_perform_ref_spad_management      0x0800a86d   Thumb Code   658  vl53l0x_api_calibration.o(i.VL53L0X_perform_ref_spad_management)
    VL53L0X_perform_single_ref_calibration   0x0800aaff   Thumb Code    64  vl53l0x_api_calibration.o(i.VL53L0X_perform_single_ref_calibration)
    VL53L0X_perform_vhv_calibration          0x0800ab3f   Thumb Code   126  vl53l0x_api_calibration.o(i.VL53L0X_perform_vhv_calibration)
    VL53L0X_ref_calibration_io               0x0800abbd   Thumb Code   176  vl53l0x_api_calibration.o(i.VL53L0X_ref_calibration_io)
    VL53L0X_set_measurement_timing_budget_micro_seconds 0x0800ac6d   Thumb Code   296  vl53l0x_api_core.o(i.VL53L0X_set_measurement_timing_budget_micro_seconds)
    VL53L0X_set_reference_spads              0x0800ad95   Thumb Code   194  vl53l0x_api_calibration.o(i.VL53L0X_set_reference_spads)
    VL53L0X_set_vcsel_pulse_period           0x0800ae57   Thumb Code   766  vl53l0x_api_core.o(i.VL53L0X_set_vcsel_pulse_period)
    _I2CRead                                 0x0800b155   Thumb Code    46  vl53l0x_platform.o(i._I2CRead)
    _I2CWrite                                0x0800b183   Thumb Code    42  vl53l0x_platform.o(i._I2CWrite)
    __hardfp___mathlib_tofloat               0x0800b1e9   Thumb Code   232  narrow.o(i.__hardfp___mathlib_tofloat)
    __hardfp_ldexp                           0x0800b2e1   Thumb Code   200  ldexp.o(i.__hardfp_ldexp)
    __mathlib_dbl_overflow                   0x0800b3b1   Thumb Code    24  dunder.o(i.__mathlib_dbl_overflow)
    __mathlib_dbl_underflow                  0x0800b3d1   Thumb Code    24  dunder.o(i.__mathlib_dbl_underflow)
    __mathlib_narrow                         0x0800b3f1   Thumb Code    18  narrow.o(i.__mathlib_narrow)
    __support_ldexp                          0x0800b403   Thumb Code    20  ldexp.o(i.__support_ldexp)
    _is_digit                                0x0800b417   Thumb Code    14  scanf_fp.o(i._is_digit)
    calculateShortestPathDistances           0x0800b425   Thumb Code   414  solver.o(i.calculateShortestPathDistances)
    enable_ref_spads                         0x0800b5cd   Thumb Code   172  vl53l0x_api_calibration.o(i.enable_ref_spads)
    enable_spad_bit                          0x0800b679   Thumb Code    50  vl53l0x_api_calibration.o(i.enable_spad_bit)
    fastRunSolver                            0x0800b6ab   Thumb Code    24  solver.o(i.fastRunSolver)
    fastRunWithVariableVelocity              0x0800b6c5   Thumb Code   152  solver.o(i.fastRunWithVariableVelocity)
    floodFill                                0x0800b769   Thumb Code  1220  solver.o(i.floodFill)
    frexp                                    0x0800bc39   Thumb Code   118  frexp.o(i.frexp)
    getReachingCenter                        0x0800bcc5   Thumb Code   110  solver.o(i.getReachingCenter)
    get_next_good_spad                       0x0800bd45   Thumb Code   104  vl53l0x_api_calibration.o(i.get_next_good_spad)
    get_ref_spad_map                         0x0800bdad   Thumb Code    24  vl53l0x_api_calibration.o(i.get_ref_spad_map)
    get_sequence_step_timeout                0x0800bdc5   Thumb Code   290  vl53l0x_api_core.o(i.get_sequence_step_timeout)
    handle                                   0x0800bee9   Thumb Code    44  aml_mpusensor.o(i.handle)
    initialize                               0x0800bf21   Thumb Code   108  solver.o(i.initialize)
    isWallInDirection                        0x0800bf95   Thumb Code   104  solver.o(i.isWallInDirection)
    is_aperture                              0x0800c001   Thumb Code    18  vl53l0x_api_calibration.o(i.is_aperture)
    main                                     0x0800c019   Thumb Code   274  main.o(i.main)
    markCenterWall                           0x0800c141   Thumb Code   338  solver.o(i.markCenterWall)
    moveForwardWithVariableVelocity          0x0800c2a1   Thumb Code    24  solver.o(i.moveForwardWithVariableVelocity)
    perform_ref_signal_measurement           0x0800c2b9   Thumb Code   110  vl53l0x_api_calibration.o(i.perform_ref_signal_measurement)
    queue_is_empty                           0x0800c329   Thumb Code    16  queue.o(i.queue_is_empty)
    queue_pop                                0x0800c33d   Thumb Code    68  queue.o(i.queue_pop)
    queue_push                               0x0800c385   Thumb Code    70  queue.o(i.queue_push)
    queue_reset                              0x0800c3d1   Thumb Code    36  queue.o(i.queue_reset)
    resetDistances                           0x0800c3f9   Thumb Code    74  solver.o(i.resetDistances)
    resetWallMaze                            0x0800c44d   Thumb Code    56  solver.o(i.resetWallMaze)
    searchCenterToStart                      0x0800c489   Thumb Code   100  solver.o(i.searchCenterToStart)
    searchRun                                0x0800c4f1   Thumb Code    64  solver.o(i.searchRun)
    sequence_step_enabled                    0x0800c531   Thumb Code    72  vl53l0x_api.o(i.sequence_step_enabled)
    setPosition                              0x0800c579   Thumb Code    14  solver.o(i.setPosition)
    setPriorityHeading                       0x0800c591   Thumb Code     6  solver.o(i.setPriorityHeading)
    set_ref_spad_map                         0x0800c59d   Thumb Code    24  vl53l0x_api_calibration.o(i.set_ref_spad_map)
    set_sequence_step_timeout                0x0800c5b5   Thumb Code   314  vl53l0x_api_core.o(i.set_sequence_step_timeout)
    solver                                   0x0800c6ef   Thumb Code    32  solver.o(i.solver)
    squareToCoord                            0x0800c70f   Thumb Code    40  solver.o(i.squareToCoord)
    updateDistances                          0x0800c739   Thumb Code   350  solver.o(i.updateDistances)
    updateHeading                            0x0800c89d   Thumb Code   132  solver.o(i.updateHeading)
    updateMaze                               0x0800c925   Thumb Code   536  solver.o(i.updateMaze)
    updatePosition                           0x0800cb49   Thumb Code    82  solver.o(i.updatePosition)
    xyToSquare                               0x0800cba5   Thumb Code    10  solver.o(i.xyToSquare)
    _get_lc_numeric                          0x0800cbb1   Thumb Code    44  lc_numeric_c.o(locale$$code)
    _get_lc_ctype                            0x0800cbdd   Thumb Code    44  lc_ctype_c.o(locale$$code)
    __aeabi_dneg                             0x0800cc09   Thumb Code     0  basic.o(x$fpl$basic)
    _dneg                                    0x0800cc09   Thumb Code     6  basic.o(x$fpl$basic)
    __aeabi_fneg                             0x0800cc0f   Thumb Code     0  basic.o(x$fpl$basic)
    _fneg                                    0x0800cc0f   Thumb Code     6  basic.o(x$fpl$basic)
    _dabs                                    0x0800cc15   Thumb Code     6  basic.o(x$fpl$basic)
    _fabs                                    0x0800cc1b   Thumb Code     6  basic.o(x$fpl$basic)
    __aeabi_d2f                              0x0800cc21   Thumb Code     0  d2f.o(x$fpl$d2f)
    _d2f                                     0x0800cc21   Thumb Code    98  d2f.o(x$fpl$d2f)
    __aeabi_dadd                             0x0800cc85   Thumb Code     0  daddsub_clz.o(x$fpl$dadd)
    _dadd                                    0x0800cc85   Thumb Code   332  daddsub_clz.o(x$fpl$dadd)
    __fpl_dcheck_NaN1                        0x0800cdd5   Thumb Code    10  dcheck1.o(x$fpl$dcheck1)
    __fpl_dcmp_Inf                           0x0800cde5   Thumb Code    24  dcmpi.o(x$fpl$dcmpinf)
    __aeabi_ddiv                             0x0800cdfd   Thumb Code     0  ddiv.o(x$fpl$ddiv)
    _ddiv                                    0x0800cdfd   Thumb Code   552  ddiv.o(x$fpl$ddiv)
    __aeabi_cdcmpeq                          0x0800d0ad   Thumb Code     0  deqf.o(x$fpl$deqf)
    _dcmpeq                                  0x0800d0ad   Thumb Code   120  deqf.o(x$fpl$deqf)
    __aeabi_d2iz                             0x0800d125   Thumb Code     0  dfix.o(x$fpl$dfix)
    _dfix                                    0x0800d125   Thumb Code    94  dfix.o(x$fpl$dfix)
    __aeabi_i2d                              0x0800d183   Thumb Code     0  dflt_clz.o(x$fpl$dflt)
    _dflt                                    0x0800d183   Thumb Code    46  dflt_clz.o(x$fpl$dflt)
    __aeabi_ui2d                             0x0800d1b1   Thumb Code     0  dflt_clz.o(x$fpl$dfltu)
    _dfltu                                   0x0800d1b1   Thumb Code    38  dflt_clz.o(x$fpl$dfltu)
    __aeabi_cdcmple                          0x0800d1d9   Thumb Code     0  dleqf.o(x$fpl$dleqf)
    _dcmple                                  0x0800d1d9   Thumb Code   120  dleqf.o(x$fpl$dleqf)
    __fpl_dcmple_InfNaN                      0x0800d23b   Thumb Code     0  dleqf.o(x$fpl$dleqf)
    __aeabi_dmul                             0x0800d251   Thumb Code     0  dmul.o(x$fpl$dmul)
    _dmul                                    0x0800d251   Thumb Code   332  dmul.o(x$fpl$dmul)
    __fpl_dnaninf                            0x0800d3a5   Thumb Code   156  dnaninf.o(x$fpl$dnaninf)
    __fpl_dretinf                            0x0800d441   Thumb Code    12  dretinf.o(x$fpl$dretinf)
    __aeabi_cdrcmple                         0x0800d44d   Thumb Code     0  drleqf.o(x$fpl$drleqf)
    _drcmple                                 0x0800d44d   Thumb Code   108  drleqf.o(x$fpl$drleqf)
    __aeabi_drsub                            0x0800d4b9   Thumb Code     0  daddsub_clz.o(x$fpl$drsb)
    _drsb                                    0x0800d4b9   Thumb Code    22  daddsub_clz.o(x$fpl$drsb)
    __aeabi_dsub                             0x0800d4d1   Thumb Code     0  daddsub_clz.o(x$fpl$dsub)
    _dsub                                    0x0800d4d1   Thumb Code   464  daddsub_clz.o(x$fpl$dsub)
    _fp_init                                 0x0800d6a5   Thumb Code    10  fpinit.o(x$fpl$fpinit)
    __fplib_config_fpu_vfp                   0x0800d6ad   Thumb Code     0  fpinit.o(x$fpl$fpinit)
    __fplib_config_pureend_doubles           0x0800d6ad   Thumb Code     0  fpinit.o(x$fpl$fpinit)
    __fpl_fretinf                            0x0800d6af   Thumb Code    10  fretinf.o(x$fpl$fretinf)
    __ieee_status                            0x0800d6b9   Thumb Code     6  istatus.o(x$fpl$ieeestatus)
    __fpl_return_NaN                         0x0800d6bf   Thumb Code   100  retnan.o(x$fpl$retnan)
    __ARM_scalbn                             0x0800d723   Thumb Code    92  scalbn.o(x$fpl$scalbn)
    _scanf_real                              0x0800d77f   Thumb Code     4  scanf1.o(x$fpl$scanf1)
    _scanf_hex_real                          0x0800d783   Thumb Code     4  scanf2.o(x$fpl$scanf2)
    _scanf_infnan                            0x0800d787   Thumb Code     4  scanf2.o(x$fpl$scanf2)
    __fpl_cmpreturn                          0x0800d78b   Thumb Code    48  trapv.o(x$fpl$trapveneer)
    __I$use$fp                               0x0800d7ba   Number         0  usenofp.o(x$fpl$usenofp)
    AHBPrescTable                            0x0800d7c2   Data          16  system_stm32f4xx.o(.constdata)
    APBPrescTable                            0x0800d7d2   Data           8  system_stm32f4xx.o(.constdata)
    Region$$Table$$Base                      0x0800d870   Number         0  anon$$obj.o(Region$$Table)
    Region$$Table$$Limit                     0x0800d890   Number         0  anon$$obj.o(Region$$Table)
    __aeabi_HUGE_VAL                         0x0800d890   Data           0  fpconst.o(c$$dinf)
    __aeabi_HUGE_VALL                        0x0800d890   Data           0  fpconst.o(c$$dinf)
    __aeabi_INFINITY                         0x0800d890   Data           0  fpconst.o(c$$dinf)
    __dInf                                   0x0800d890   Data           0  fpconst.o(c$$dinf)
    __huge_val                               0x0800d890   Data           0  fpconst.o(c$$dinf)
    __dbl_max                                0x0800d898   Data           0  fpconst.o(c$$dmax)
    __ctype                                  0x0800d8c9   Data           0  lc_ctype_c.o(locale$$data)
    ButtonPressed                            0x20000000   Data           1  main.o(.data)
    checkWorking                             0x20000001   Data           3  main.o(.data)
    ReadButton                               0x20000004   Data           1  main.o(.data)
    RemarkAfterTurnMode                      0x20000005   Data           1  main.o(.data)
    RemarkWallMode                           0x20000006   Data           1  main.o(.data)
    RemarkAfterBackwardMode                  0x20000007   Data           1  main.o(.data)
    testAngle                                0x20000008   Data           8  main.o(.data)
    LeftSpeed                                0x20000010   Data           8  main.o(.data)
    RightSpeed                               0x20000018   Data           8  main.o(.data)
    delay                                    0x20000020   Data           4  main.o(.data)
    Led                                      0x20000024   Data          16  aml_debugdevice.o(.data)
    LedIndex                                 0x20000034   Data           1  aml_debugdevice.o(.data)
    LedIndexFlag                             0x20000035   Data           1  aml_debugdevice.o(.data)
    MidIndex                                 0x20000036   Data           1  aml_debugdevice.o(.data)
    Button                                   0x20000038   Data          10  aml_keyboard.o(.data)
    LaserSensorAddress                       0x20000044   Data           5  aml_lasersensor.o(.data)
    refSpadCount                             0x2000004c   Data           4  aml_lasersensor.o(.data)
    isApertureSpads                          0x20000050   Data           1  aml_lasersensor.o(.data)
    VhvSettings                              0x20000051   Data           1  aml_lasersensor.o(.data)
    PhaseCal                                 0x20000052   Data           1  aml_lasersensor.o(.data)
    MouseSpeed                               0x20000058   Data           4  aml_motorcontrol.o(.data)
    FinishFlag                               0x2000005c   Data           1  aml_motorcontrol.o(.data)
    TurnFlag                                 0x2000005d   Data           1  aml_motorcontrol.o(.data)
    PreviousBL                               0x2000005e   Data           2  aml_motorcontrol.o(.data)
    PreviousBR                               0x20000060   Data           2  aml_motorcontrol.o(.data)
    SetpointAngle                            0x20000068   Data           8  aml_motorcontrol.o(.data)
    TempSetpoint                             0x20000070   Data           8  aml_motorcontrol.o(.data)
    direction                                0x20000078   Data           1  aml_motorcontrol.o(.data)
    Input_Left                               0x20000080   Data           8  aml_motorcontrol.o(.data)
    Output_Left                              0x20000088   Data           8  aml_motorcontrol.o(.data)
    Setpoint_Left                            0x20000090   Data           8  aml_motorcontrol.o(.data)
    Input_Right                              0x20000098   Data           8  aml_motorcontrol.o(.data)
    Output_Right                             0x200000a0   Data           8  aml_motorcontrol.o(.data)
    Setpoint_Right                           0x200000a8   Data           8  aml_motorcontrol.o(.data)
    Speed_Kp_Left                            0x200000b0   Data           8  aml_motorcontrol.o(.data)
    Speed_Ki_Left                            0x200000b8   Data           8  aml_motorcontrol.o(.data)
    Speed_Kd_Left                            0x200000c0   Data           8  aml_motorcontrol.o(.data)
    PreviouseLeftEncoderValue                0x200000c8   Data           8  aml_motorcontrol.o(.data)
    Speed_Kp_Right                           0x200000d0   Data           8  aml_motorcontrol.o(.data)
    Speed_Ki_Right                           0x200000d8   Data           8  aml_motorcontrol.o(.data)
    Speed_Kd_Right                           0x200000e0   Data           8  aml_motorcontrol.o(.data)
    PreviouseRightEncoderValue               0x200000e8   Data           8  aml_motorcontrol.o(.data)
    Position_Kp                              0x200000f0   Data           8  aml_motorcontrol.o(.data)
    Position_Ki                              0x200000f8   Data           8  aml_motorcontrol.o(.data)
    Position_Kd                              0x20000100   Data           8  aml_motorcontrol.o(.data)
    SetpointDistance                         0x20000108   Data           8  aml_motorcontrol.o(.data)
    LeftWallDistance                         0x20000110   Data           8  aml_motorcontrol.o(.data)
    LeftWallFollow_Kp                        0x20000118   Data           8  aml_motorcontrol.o(.data)
    LeftWallFollow_Ki                        0x20000120   Data           8  aml_motorcontrol.o(.data)
    LeftWallFollow_Kd                        0x20000128   Data           8  aml_motorcontrol.o(.data)
    RightWallDistance                        0x20000130   Data           8  aml_motorcontrol.o(.data)
    RightWallFollow_Kp                       0x20000138   Data           8  aml_motorcontrol.o(.data)
    RightWallFollow_Ki                       0x20000140   Data           8  aml_motorcontrol.o(.data)
    RightWallFollow_Kd                       0x20000148   Data           8  aml_motorcontrol.o(.data)
    Input_MPUFollow                          0x20000150   Data           8  aml_motorcontrol.o(.data)
    Output_MPUFollow                         0x20000158   Data           8  aml_motorcontrol.o(.data)
    Setpoint_MPUFollow                       0x20000160   Data           8  aml_motorcontrol.o(.data)
    MPUFollow_Kp                             0x20000168   Data           8  aml_motorcontrol.o(.data)
    MPUFollow_Ki                             0x20000170   Data           8  aml_motorcontrol.o(.data)
    MPUFollow_Kd                             0x20000178   Data           8  aml_motorcontrol.o(.data)
    MinRotateSpeed                           0x20000180   Data           8  aml_motorcontrol.o(.data)
    MaxRotateSpeed                           0x20000188   Data           8  aml_motorcontrol.o(.data)
    TurnLeftAngle                            0x20000190   Data           8  aml_motorcontrol.o(.data)
    TurnRightAngle                           0x20000198   Data           8  aml_motorcontrol.o(.data)
    BackwardLeftAngle                        0x200001a0   Data           8  aml_motorcontrol.o(.data)
    BackwardRightAngle                       0x200001a8   Data           8  aml_motorcontrol.o(.data)
    Input_TurnLeft                           0x200001b0   Data           8  aml_motorcontrol.o(.data)
    Output_TurnLeft                          0x200001b8   Data           8  aml_motorcontrol.o(.data)
    Setpoint_TurnLeft                        0x200001c0   Data           8  aml_motorcontrol.o(.data)
    TurnLeft_Kp                              0x200001c8   Data           8  aml_motorcontrol.o(.data)
    TurnLeft_Ki                              0x200001d0   Data           8  aml_motorcontrol.o(.data)
    TurnLeft_Kd                              0x200001d8   Data           8  aml_motorcontrol.o(.data)
    Input_TurnRight                          0x200001e0   Data           8  aml_motorcontrol.o(.data)
    Output_TurnRight                         0x200001e8   Data           8  aml_motorcontrol.o(.data)
    Setpoint_TurnRight                       0x200001f0   Data           8  aml_motorcontrol.o(.data)
    TurnRight_Kp                             0x200001f8   Data           8  aml_motorcontrol.o(.data)
    TurnRight_Ki                             0x20000200   Data           8  aml_motorcontrol.o(.data)
    TurnRight_Kd                             0x20000208   Data           8  aml_motorcontrol.o(.data)
    AML_PID_TurnLeft                         0x20000210   Data         128  aml_motorcontrol.o(.data)
    AML_PID_TurnRight                        0x20000290   Data         128  aml_motorcontrol.o(.data)
    PID_LeftMotor                            0x20000310   Data         128  aml_motorcontrol.o(.data)
    MinLeftWallDistance                      0x20000390   Data           4  aml_motorcontrol.o(.data)
    MaxLeftWallDistance                      0x20000394   Data           2  aml_motorcontrol.o(.data)
    MinRightWallDistance                     0x20000398   Data           4  aml_motorcontrol.o(.data)
    MaxRightWallDistance                     0x2000039c   Data           2  aml_motorcontrol.o(.data)
    MinFrontWallDistance                     0x2000039e   Data           2  aml_motorcontrol.o(.data)
    OutputMin                                0x200003a0   Data           8  aml_motorcontrol.o(.data)
    OutputMax                                0x200003a8   Data           8  aml_motorcontrol.o(.data)
    ResetMPUFlag                             0x200003b0   Data           1  aml_motorcontrol.o(.data)
    ResetCommand                             0x200003b8   Data           3  aml_mpusensor.o(.data)
    buffer                                   0x200003bb   Data           1  aml_mpusensor.o(.data)
    Angle                                    0x200003c0   Data           8  aml_mpusensor.o(.data)
    PreviousAngle                            0x200003c8   Data           8  aml_mpusensor.o(.data)
    SaveAngle                                0x200003d0   Data           8  aml_mpusensor.o(.data)
    error                                    0x200003d8   Data           1  aml_mpusensor.o(.data)
    RemoteBuffer                             0x200003e0   Data           1  aml_remote.o(.data)
    RemoteIndex                              0x200003e1   Data           1  aml_remote.o(.data)
    ErrorString                              0x200003e2   Data           2  aml_remote.o(.data)
    SuccessString                            0x200003e4   Data           2  aml_remote.o(.data)
    ki                                       0x200003e8   Data           8  aml_remote.o(.data)
    kp                                       0x200003f0   Data           8  aml_remote.o(.data)
    kd                                       0x200003f8   Data           8  aml_remote.o(.data)
    DefaultTuningSettings                    0x20000400   Data         243  vl53l0x_api.o(.data)
    InterruptThresholdSettings               0x200004f3   Data         438  vl53l0x_api.o(.data)
    refArrayQuadrants                        0x200006ac   Data          16  vl53l0x_api_calibration.o(.data)
    distances                                0x200006bc   Data        1024  solver.o(.data)
    priorityHeading                          0x20000abc   Data           4  solver.o(.data)
    position                                 0x20000ac0   Data           8  solver.o(.data)
    heading                                  0x20000ac8   Data           1  solver.o(.data)
    reached_center                           0x20000ac9   Data           1  solver.o(.data)
    change_index                             0x20000aca   Data           1  solver.o(.data)
    uwTick                                   0x20000acc   Data           4  stm32f4xx_hal.o(.data)
    uwTickPrio                               0x20000ad0   Data           4  stm32f4xx_hal.o(.data)
    uwTickFreq                               0x20000ad4   Data           1  stm32f4xx_hal.o(.data)
    SystemCoreClock                          0x20000ad8   Data           4  system_stm32f4xx.o(.data)
    hi2c1                                    0x20000adc   Data          84  main.o(.bss)
    htim1                                    0x20000b30   Data          72  main.o(.bss)
    htim2                                    0x20000b78   Data          72  main.o(.bss)
    htim4                                    0x20000bc0   Data          72  main.o(.bss)
    htim9                                    0x20000c08   Data          72  main.o(.bss)
    htim10                                   0x20000c50   Data          72  main.o(.bss)
    huart3                                   0x20000c98   Data          68  main.o(.bss)
    huart6                                   0x20000cdc   Data          68  main.o(.bss)
    hdma_usart3_rx                           0x20000d20   Data          96  main.o(.bss)
    debug                                    0x20000d80   Data         200  main.o(.bss)
    KalmanFilter                             0x20000e48   Data         120  aml_lasersensor.o(.bss)
    SensorValue                              0x20000ec0   Data         196  aml_lasersensor.o(.bss)
    Dev_Val                                  0x20000f84   Data        2744  aml_lasersensor.o(.bss)
    Laser                                    0x20001a3c   Data          28  aml_lasersensor.o(.bss)
    PID_SpeedLeft                            0x20001a58   Data         112  aml_motorcontrol.o(.bss)
    PID_SpeedRight                           0x20001ac8   Data         112  aml_motorcontrol.o(.bss)
    PID_PositionLeft                         0x20001b38   Data         112  aml_motorcontrol.o(.bss)
    PID_PositionRight                        0x20001ba8   Data         112  aml_motorcontrol.o(.bss)
    PID_LeftWallFollow                       0x20001c18   Data         112  aml_motorcontrol.o(.bss)
    PID_RightWallFollow                      0x20001c88   Data         112  aml_motorcontrol.o(.bss)
    PID_MPUFollow                            0x20001cf8   Data         112  aml_motorcontrol.o(.bss)
    PID_TurnLeft                             0x20001d68   Data         112  aml_motorcontrol.o(.bss)
    PID_TurnRight                            0x20001dd8   Data         112  aml_motorcontrol.o(.bss)
    MPUData                                  0x20001e48   Data          36  aml_mpusensor.o(.bss)
    RemoteData                               0x20001e6c   Data          48  aml_remote.o(.bss)
    _I2CBuffer                               0x20001e9c   Data          64  vl53l0x_platform.o(.bss)
    squares_queue                            0x20001edc   Data        1036  queue.o(.bss)
    visited                                  0x200022e8   Data        1024  solver.o(.bss)
    wall_maze                                0x200026e8   Data        4096  solver.o(.bss)
    __libspace_start                         0x200036e8   Data          96  libspace.o(.bss)
    __temporary_stack_top$libspace           0x20003748   Data           0  libspace.o(.bss)



==============================================================================

Memory Map of the image

  Image Entry point : 0x08000189

  Load Region LR_IROM1 (Base: 0x08000000, Size: 0x0000e4a8, Max: 0x00080000, ABSOLUTE, COMPRESSED[0x0000dd4c])

    Execution Region ER_IROM1 (Exec base: 0x08000000, Load base: 0x08000000, Size: 0x0000d9cc, Max: 0x00080000, ABSOLUTE)

    Exec Addr    Load Addr    Size         Type   Attr      Idx    E Section Name        Object

    0x08000000   0x08000000   0x00000188   Data   RO            3    RESET               startup_stm32f407xx.o
    0x08000188   0x08000188   0x00000008   Code   RO         5914  * !!!main             c_w.l(__main.o)
    0x08000190   0x08000190   0x00000034   Code   RO         6262    !!!scatter          c_w.l(__scatter.o)
    0x080001c4   0x080001c4   0x0000005a   Code   RO         6260    !!dczerorl2         c_w.l(__dczerorl2.o)
    0x0800021e   0x0800021e   0x00000002   PAD
    0x08000220   0x08000220   0x0000001c   Code   RO         6264    !!handler_zi        c_w.l(__scatter_zi.o)
    0x0800023c   0x0800023c   0x00000002   Code   RO         6077    .ARM.Collect$$libinit$$00000000  c_w.l(libinit.o)
    0x0800023e   0x0800023e   0x00000004   Code   RO         6078    .ARM.Collect$$libinit$$00000001  c_w.l(libinit2.o)
    0x08000242   0x08000242   0x00000000   Code   RO         6081    .ARM.Collect$$libinit$$00000004  c_w.l(libinit2.o)
    0x08000242   0x08000242   0x00000000   Code   RO         6084    .ARM.Collect$$libinit$$0000000A  c_w.l(libinit2.o)
    0x08000242   0x08000242   0x00000000   Code   RO         6086    .ARM.Collect$$libinit$$0000000C  c_w.l(libinit2.o)
    0x08000242   0x08000242   0x00000000   Code   RO         6088    .ARM.Collect$$libinit$$0000000E  c_w.l(libinit2.o)
    0x08000242   0x08000242   0x00000006   Code   RO         6089    .ARM.Collect$$libinit$$0000000F  c_w.l(libinit2.o)
    0x08000248   0x08000248   0x00000000   Code   RO         6091    .ARM.Collect$$libinit$$00000011  c_w.l(libinit2.o)
    0x08000248   0x08000248   0x0000000c   Code   RO         6092    .ARM.Collect$$libinit$$00000012  c_w.l(libinit2.o)
    0x08000254   0x08000254   0x00000000   Code   RO         6093    .ARM.Collect$$libinit$$00000013  c_w.l(libinit2.o)
    0x08000254   0x08000254   0x00000000   Code   RO         6095    .ARM.Collect$$libinit$$00000015  c_w.l(libinit2.o)
    0x08000254   0x08000254   0x0000000a   Code   RO         6096    .ARM.Collect$$libinit$$00000016  c_w.l(libinit2.o)
    0x0800025e   0x0800025e   0x00000000   Code   RO         6097    .ARM.Collect$$libinit$$00000017  c_w.l(libinit2.o)
    0x0800025e   0x0800025e   0x00000000   Code   RO         6099    .ARM.Collect$$libinit$$00000019  c_w.l(libinit2.o)
    0x0800025e   0x0800025e   0x00000000   Code   RO         6101    .ARM.Collect$$libinit$$0000001B  c_w.l(libinit2.o)
    0x0800025e   0x0800025e   0x00000000   Code   RO         6103    .ARM.Collect$$libinit$$0000001D  c_w.l(libinit2.o)
    0x0800025e   0x0800025e   0x00000000   Code   RO         6105    .ARM.Collect$$libinit$$0000001F  c_w.l(libinit2.o)
    0x0800025e   0x0800025e   0x00000000   Code   RO         6107    .ARM.Collect$$libinit$$00000021  c_w.l(libinit2.o)
    0x0800025e   0x0800025e   0x00000000   Code   RO         6109    .ARM.Collect$$libinit$$00000023  c_w.l(libinit2.o)
    0x0800025e   0x0800025e   0x00000000   Code   RO         6111    .ARM.Collect$$libinit$$00000025  c_w.l(libinit2.o)
    0x0800025e   0x0800025e   0x00000000   Code   RO         6115    .ARM.Collect$$libinit$$0000002C  c_w.l(libinit2.o)
    0x0800025e   0x0800025e   0x00000000   Code   RO         6117    .ARM.Collect$$libinit$$0000002E  c_w.l(libinit2.o)
    0x0800025e   0x0800025e   0x00000000   Code   RO         6119    .ARM.Collect$$libinit$$00000030  c_w.l(libinit2.o)
    0x0800025e   0x0800025e   0x00000000   Code   RO         6121    .ARM.Collect$$libinit$$00000032  c_w.l(libinit2.o)
    0x0800025e   0x0800025e   0x00000002   Code   RO         6122    .ARM.Collect$$libinit$$00000033  c_w.l(libinit2.o)
    0x08000260   0x08000260   0x00000002   Code   RO         6219    .ARM.Collect$$libshutdown$$00000000  c_w.l(libshutdown.o)
    0x08000262   0x08000262   0x00000000   Code   RO         6239    .ARM.Collect$$libshutdown$$00000002  c_w.l(libshutdown2.o)
    0x08000262   0x08000262   0x00000000   Code   RO         6241    .ARM.Collect$$libshutdown$$00000004  c_w.l(libshutdown2.o)
    0x08000262   0x08000262   0x00000000   Code   RO         6244    .ARM.Collect$$libshutdown$$00000007  c_w.l(libshutdown2.o)
    0x08000262   0x08000262   0x00000000   Code   RO         6247    .ARM.Collect$$libshutdown$$0000000A  c_w.l(libshutdown2.o)
    0x08000262   0x08000262   0x00000000   Code   RO         6249    .ARM.Collect$$libshutdown$$0000000C  c_w.l(libshutdown2.o)
    0x08000262   0x08000262   0x00000000   Code   RO         6252    .ARM.Collect$$libshutdown$$0000000F  c_w.l(libshutdown2.o)
    0x08000262   0x08000262   0x00000002   Code   RO         6253    .ARM.Collect$$libshutdown$$00000010  c_w.l(libshutdown2.o)
    0x08000264   0x08000264   0x00000000   Code   RO         5952    .ARM.Collect$$rtentry$$00000000  c_w.l(__rtentry.o)
    0x08000264   0x08000264   0x00000000   Code   RO         5973    .ARM.Collect$$rtentry$$00000002  c_w.l(__rtentry2.o)
    0x08000264   0x08000264   0x00000006   Code   RO         5985    .ARM.Collect$$rtentry$$00000004  c_w.l(__rtentry4.o)
    0x0800026a   0x0800026a   0x00000000   Code   RO         5975    .ARM.Collect$$rtentry$$00000009  c_w.l(__rtentry2.o)
    0x0800026a   0x0800026a   0x00000004   Code   RO         5976    .ARM.Collect$$rtentry$$0000000A  c_w.l(__rtentry2.o)
    0x0800026e   0x0800026e   0x00000000   Code   RO         5978    .ARM.Collect$$rtentry$$0000000C  c_w.l(__rtentry2.o)
    0x0800026e   0x0800026e   0x00000008   Code   RO         5979    .ARM.Collect$$rtentry$$0000000D  c_w.l(__rtentry2.o)
    0x08000276   0x08000276   0x00000002   Code   RO         6131    .ARM.Collect$$rtexit$$00000000  c_w.l(rtexit.o)
    0x08000278   0x08000278   0x00000000   Code   RO         6171    .ARM.Collect$$rtexit$$00000002  c_w.l(rtexit2.o)
    0x08000278   0x08000278   0x00000004   Code   RO         6172    .ARM.Collect$$rtexit$$00000003  c_w.l(rtexit2.o)
    0x0800027c   0x0800027c   0x00000006   Code   RO         6173    .ARM.Collect$$rtexit$$00000004  c_w.l(rtexit2.o)
    0x08000282   0x08000282   0x00000002   PAD
    0x08000284   0x08000284   0x00000040   Code   RO            4    .text               startup_stm32f407xx.o
    0x080002c4   0x080002c4   0x000000ee   Code   RO         5898    .text               c_w.l(lludivv7m.o)
    0x080003b2   0x080003b2   0x00000002   PAD
    0x080003b4   0x080003b4   0x0000003c   Code   RO         5900    .text               c_w.l(__0sscanf.o)
    0x080003f0   0x080003f0   0x00000048   Code   RO         5902    .text               c_w.l(strcpy.o)
    0x08000438   0x08000438   0x0000008a   Code   RO         5904    .text               c_w.l(rt_memcpy_v6.o)
    0x080004c2   0x080004c2   0x00000064   Code   RO         5906    .text               c_w.l(rt_memcpy_w.o)
    0x08000526   0x08000526   0x00000044   Code   RO         5908    .text               c_w.l(rt_memclr.o)
    0x0800056a   0x0800056a   0x0000004e   Code   RO         5910    .text               c_w.l(rt_memclr_w.o)
    0x080005b8   0x080005b8   0x00000006   Code   RO         5912    .text               c_w.l(heapauxi.o)
    0x080005be   0x080005be   0x00000002   PAD
    0x080005c0   0x080005c0   0x000004f8   Code   RO         5957    .text               c_w.l(scanf_fp.o)
    0x08000ab8   0x08000ab8   0x0000002c   Code   RO         5961    .text               c_w.l(scanf_char.o)
    0x08000ae4   0x08000ae4   0x00000040   Code   RO         5963    .text               c_w.l(_sgetc.o)
    0x08000b24   0x08000b24   0x00000008   Code   RO         5992    .text               c_w.l(rt_locale_intlibspace.o)
    0x08000b2c   0x08000b2c   0x00000008   Code   RO         5997    .text               c_w.l(rt_errno_addr_intlibspace.o)
    0x08000b34   0x08000b34   0x00000012   Code   RO         5999    .text               c_w.l(isspace.o)
    0x08000b46   0x08000b46   0x00000002   PAD
    0x08000b48   0x08000b48   0x00000374   Code   RO         6001    .text               c_w.l(_scanf.o)
    0x08000ebc   0x08000ebc   0x000000e4   Code   RO         6003    .text               c_w.l(bigflt0.o)
    0x08000fa0   0x08000fa0   0x00000008   Code   RO         6051    .text               c_w.l(libspace.o)
    0x08000fa8   0x08000fa8   0x0000004a   Code   RO         6054    .text               c_w.l(sys_stackheap_outer.o)
    0x08000ff2   0x08000ff2   0x00000002   PAD
    0x08000ff4   0x08000ff4   0x00000010   Code   RO         6056    .text               c_w.l(rt_ctype_table.o)
    0x08001004   0x08001004   0x00000016   Code   RO         6058    .text               c_w.l(_rserrno.o)
    0x0800101a   0x0800101a   0x00000002   PAD
    0x0800101c   0x0800101c   0x00000320   Code   RO         6060    .text               c_w.l(scanf_hexfp.o)
    0x0800133c   0x0800133c   0x00000134   Code   RO         6062    .text               c_w.l(scanf_infnan.o)
    0x08001470   0x08001470   0x00000012   Code   RO         6064    .text               c_w.l(exit.o)
    0x08001482   0x08001482   0x00000002   PAD
    0x08001484   0x08001484   0x00000080   Code   RO         6070    .text               c_w.l(strcmpv7m.o)
    0x08001504   0x08001504   0x00000026   Code   RO         6135    .text               c_w.l(llshl.o)
    0x0800152a   0x0800152a   0x0000001c   Code   RO         6137    .text               c_w.l(_chval.o)
    0x08001546   0x08001546   0x00000002   PAD
    0x08001548   0x08001548   0x0000000c   Code   RO         6168    .text               c_w.l(sys_exit.o)
    0x08001554   0x08001554   0x00000002   Code   RO         6206    .text               c_w.l(use_no_semi.o)
    0x08001556   0x08001556   0x00000000   Code   RO         6208    .text               c_w.l(indicate_semi.o)
    0x08001556   0x08001556   0x00000338   Code   RO         6016    CL$$btod_div_common  c_w.l(btod.o)
    0x0800188e   0x0800188e   0x00000002   PAD
    0x08001890   0x08001890   0x00000084   Code   RO         6014    CL$$btod_e2d        c_w.l(btod.o)
    0x08001914   0x08001914   0x000000dc   Code   RO         6013    CL$$btod_e2e        c_w.l(btod.o)
    0x080019f0   0x080019f0   0x0000002a   Code   RO         6010    CL$$btod_ediv       c_w.l(btod.o)
    0x08001a1a   0x08001a1a   0x0000002a   Code   RO         6012    CL$$btod_edivd      c_w.l(btod.o)
    0x08001a44   0x08001a44   0x0000002a   Code   RO         6009    CL$$btod_emul       c_w.l(btod.o)
    0x08001a6e   0x08001a6e   0x0000002a   Code   RO         6011    CL$$btod_emuld      c_w.l(btod.o)
    0x08001a98   0x08001a98   0x00000244   Code   RO         6015    CL$$btod_mult_common  c_w.l(btod.o)
    0x08001cdc   0x08001cdc   0x00000044   Code   RO          848    i.ABS               aml_motorcontrol.o
    0x08001d20   0x08001d20   0x00000034   Code   RO          594    i.AML_DebugDevice_BuzzerBeep  aml_debugdevice.o
    0x08001d54   0x08001d54   0x00000028   Code   RO          596    i.AML_DebugDevice_SetAllLED  aml_debugdevice.o
    0x08001d7c   0x08001d7c   0x0000001c   Code   RO          601    i.AML_DebugDevice_TurnOffLED  aml_debugdevice.o
    0x08001d98   0x08001d98   0x0000001c   Code   RO          603    i.AML_DebugDevice_TurnOnLED  aml_debugdevice.o
    0x08001db4   0x08001db4   0x00000010   Code   RO          676    i.AML_Encoder_GetLeftValue  aml_encoder.o
    0x08001dc4   0x08001dc4   0x00000010   Code   RO          677    i.AML_Encoder_GetRightValue  aml_encoder.o
    0x08001dd4   0x08001dd4   0x00000010   Code   RO          678    i.AML_Encoder_ResetLeftValue  aml_encoder.o
    0x08001de4   0x08001de4   0x00000010   Code   RO          679    i.AML_Encoder_ResetRightValue  aml_encoder.o
    0x08001df4   0x08001df4   0x0000001c   Code   RO          680    i.AML_Encoder_Setup  aml_encoder.o
    0x08001e10   0x08001e10   0x000000d0   Code   RO          765    i.AML_LaserSensor_Init  aml_lasersensor.o
    0x08001ee0   0x08001ee0   0x00000014   Code   RO          766    i.AML_LaserSensor_IsFrontWall  aml_lasersensor.o
    0x08001ef4   0x08001ef4   0x00000014   Code   RO          767    i.AML_LaserSensor_IsLeftWall  aml_lasersensor.o
    0x08001f08   0x08001f08   0x00000014   Code   RO          768    i.AML_LaserSensor_IsRightWall  aml_lasersensor.o
    0x08001f1c   0x08001f1c   0x00000248   Code   RO          769    i.AML_LaserSensor_ReadAll  aml_lasersensor.o
    0x08002164   0x08002164   0x00000044   Code   RO          770    i.AML_LaserSensor_ReadSingleWithFillter  aml_lasersensor.o
    0x080021a8   0x080021a8   0x00000044   Code   RO          771    i.AML_LaserSensor_ReadSingleWithoutFillter  aml_lasersensor.o
    0x080021ec   0x080021ec   0x000001fc   Code   RO          772    i.AML_LaserSensor_Setup  aml_lasersensor.o
    0x080023e8   0x080023e8   0x00000028   Code   RO         1147    i.AML_MPUSensor_GetAngle  aml_mpusensor.o
    0x08002410   0x08002410   0x00000098   Code   RO         1148    i.AML_MPUSensor_ResetAngle  aml_mpusensor.o
    0x080024a8   0x080024a8   0x0000001c   Code   RO         1149    i.AML_MPUSensor_Setup  aml_mpusensor.o
    0x080024c4   0x080024c4   0x000000e4   Code   RO          849    i.AML_MotoControl_GoStraight5  aml_motorcontrol.o
    0x080025a8   0x080025a8   0x00000044   Code   RO          852    i.AML_MotorControl_AdvanceTicks  aml_motorcontrol.o
    0x080025ec   0x080025ec   0x000000a0   Code   RO          859    i.AML_MotorControl_LeftPWM  aml_motorcontrol.o
    0x0800268c   0x0800268c   0x00000038   Code   RO          861    i.AML_MotorControl_LeftWallFollow  aml_motorcontrol.o
    0x080026c4   0x080026c4   0x00000074   Code   RO          862    i.AML_MotorControl_MPUFollow  aml_motorcontrol.o
    0x08002738   0x08002738   0x00000074   Code   RO          865    i.AML_MotorControl_PIDSetMode  aml_motorcontrol.o
    0x080027ac   0x080027ac   0x000000e4   Code   RO          866    i.AML_MotorControl_PIDSetOutputLimits  aml_motorcontrol.o
    0x08002890   0x08002890   0x0000004c   Code   RO          867    i.AML_MotorControl_PIDSetSampleTime  aml_motorcontrol.o
    0x080028dc   0x080028dc   0x00000294   Code   RO          869    i.AML_MotorControl_PIDSetup  aml_motorcontrol.o
    0x08002b70   0x08002b70   0x000000a4   Code   RO          871    i.AML_MotorControl_RightPWM  aml_motorcontrol.o
    0x08002c14   0x08002c14   0x00000038   Code   RO          873    i.AML_MotorControl_RightWallFollow  aml_motorcontrol.o
    0x08002c4c   0x08002c4c   0x00000060   Code   RO          874    i.AML_MotorControl_SetCenterPosition  aml_motorcontrol.o
    0x08002cac   0x08002cac   0x00000044   Code   RO          881    i.AML_MotorControl_Setup  aml_motorcontrol.o
    0x08002cf0   0x08002cf0   0x0000005a   Code   RO          882    i.AML_MotorControl_ShortBreak  aml_motorcontrol.o
    0x08002d4a   0x08002d4a   0x00000010   Code   RO          883    i.AML_MotorControl_Stop  aml_motorcontrol.o
    0x08002d5a   0x08002d5a   0x00000002   PAD
    0x08002d5c   0x08002d5c   0x000002a8   Code   RO          885    i.AML_MotorControl_TurnLeft180  aml_motorcontrol.o
    0x08003004   0x08003004   0x000003c0   Code   RO          886    i.AML_MotorControl_TurnLeft90  aml_motorcontrol.o
    0x080033c4   0x080033c4   0x00000010   Code   RO          887    i.AML_MotorControl_TurnOffWallFollow  aml_motorcontrol.o
    0x080033d4   0x080033d4   0x00000010   Code   RO          888    i.AML_MotorControl_TurnOnWallFollow  aml_motorcontrol.o
    0x080033e4   0x080033e4   0x0000029c   Code   RO          889    i.AML_MotorControl_TurnRight180  aml_motorcontrol.o
    0x08003680   0x08003680   0x000003b4   Code   RO          890    i.AML_MotorControl_TurnRight90  aml_motorcontrol.o
    0x08003a34   0x08003a34   0x0000036c   Code   RO         2573    i.AML_PID_Compute   aml_pid.o
    0x08003da0   0x08003da0   0x00000078   Code   RO         1206    i.AML_Remote_Handle  aml_remote.o
    0x08003e18   0x08003e18   0x00000018   Code   RO         1207    i.AML_Remote_Setup  aml_remote.o
    0x08003e30   0x08003e30   0x00000004   Code   RO          391    i.BusFault_Handler  stm32f4xx_it.o
    0x08003e34   0x08003e34   0x00000010   Code   RO          392    i.DMA1_Stream1_IRQHandler  stm32f4xx_it.o
    0x08003e44   0x08003e44   0x00000034   Code   RO         3833    i.DMA_CalcBaseAndBitshift  stm32f4xx_hal_dma.o
    0x08003e78   0x08003e78   0x000000aa   Code   RO         3834    i.DMA_CheckFifoParam  stm32f4xx_hal_dma.o
    0x08003f22   0x08003f22   0x0000002c   Code   RO         3835    i.DMA_SetConfig     stm32f4xx_hal_dma.o
    0x08003f4e   0x08003f4e   0x00000002   Code   RO          393    i.DebugMon_Handler  stm32f4xx_it.o
    0x08003f50   0x08003f50   0x0000000a   Code   RO          394    i.EXTI1_IRQHandler  stm32f4xx_it.o
    0x08003f5a   0x08003f5a   0x0000000a   Code   RO          395    i.EXTI2_IRQHandler  stm32f4xx_it.o
    0x08003f64   0x08003f64   0x0000000a   Code   RO          396    i.EXTI3_IRQHandler  stm32f4xx_it.o
    0x08003f6e   0x08003f6e   0x0000000a   Code   RO          397    i.EXTI4_IRQHandler  stm32f4xx_it.o
    0x08003f78   0x08003f78   0x0000000a   Code   RO          398    i.EXTI9_5_IRQHandler  stm32f4xx_it.o
    0x08003f82   0x08003f82   0x00000006   Code   RO           14    i.Error_Handler     main.o
    0x08003f88   0x08003f88   0x000000ac   Code   RO         3836    i.HAL_DMA_Abort     stm32f4xx_hal_dma.o
    0x08004034   0x08004034   0x00000240   Code   RO         3841    i.HAL_DMA_IRQHandler  stm32f4xx_hal_dma.o
    0x08004274   0x08004274   0x000000ec   Code   RO         3842    i.HAL_DMA_Init      stm32f4xx_hal_dma.o
    0x08004360   0x08004360   0x00000092   Code   RO         3846    i.HAL_DMA_Start_IT  stm32f4xx_hal_dma.o
    0x080043f2   0x080043f2   0x00000002   PAD
    0x080043f4   0x080043f4   0x00000028   Code   RO         4260    i.HAL_Delay         stm32f4xx_hal.o
    0x0800441c   0x0800441c   0x00000064   Code   RO          727    i.HAL_GPIO_EXTI_Callback  aml_keyboard.o
    0x08004480   0x08004480   0x0000001c   Code   RO         3728    i.HAL_GPIO_EXTI_IRQHandler  stm32f4xx_hal_gpio.o
    0x0800449c   0x0800449c   0x000001f4   Code   RO         3729    i.HAL_GPIO_Init     stm32f4xx_hal_gpio.o
    0x08004690   0x08004690   0x0000000c   Code   RO         3733    i.HAL_GPIO_WritePin  stm32f4xx_hal_gpio.o
    0x0800469c   0x0800469c   0x0000000c   Code   RO         4266    i.HAL_GetTick       stm32f4xx_hal.o
    0x080046a8   0x080046a8   0x000001d0   Code   RO         2850    i.HAL_I2C_Init      stm32f4xx_hal_i2c.o
    0x08004878   0x08004878   0x000002f8   Code   RO         2856    i.HAL_I2C_Master_Receive  stm32f4xx_hal_i2c.o
    0x08004b70   0x08004b70   0x00000170   Code   RO         2863    i.HAL_I2C_Master_Transmit  stm32f4xx_hal_i2c.o
    0x08004ce0   0x08004ce0   0x00000088   Code   RO          516    i.HAL_I2C_MspInit   stm32f4xx_hal_msp.o
    0x08004d68   0x08004d68   0x00000018   Code   RO         4272    i.HAL_IncTick       stm32f4xx_hal.o
    0x08004d80   0x08004d80   0x0000003c   Code   RO         4273    i.HAL_Init          stm32f4xx_hal.o
    0x08004dbc   0x08004dbc   0x0000004c   Code   RO         4274    i.HAL_InitTick      stm32f4xx_hal.o
    0x08004e08   0x08004e08   0x00000048   Code   RO          517    i.HAL_MspInit       stm32f4xx_hal_msp.o
    0x08004e50   0x08004e50   0x00000020   Code   RO         4118    i.HAL_NVIC_EnableIRQ  stm32f4xx_hal_cortex.o
    0x08004e70   0x08004e70   0x0000007c   Code   RO         4124    i.HAL_NVIC_SetPriority  stm32f4xx_hal_cortex.o
    0x08004eec   0x08004eec   0x00000028   Code   RO         4125    i.HAL_NVIC_SetPriorityGrouping  stm32f4xx_hal_cortex.o
    0x08004f14   0x08004f14   0x00000184   Code   RO         3330    i.HAL_RCC_ClockConfig  stm32f4xx_hal_rcc.o
    0x08005098   0x08005098   0x0000000c   Code   RO         3335    i.HAL_RCC_GetHCLKFreq  stm32f4xx_hal_rcc.o
    0x080050a4   0x080050a4   0x00000020   Code   RO         3337    i.HAL_RCC_GetPCLK1Freq  stm32f4xx_hal_rcc.o
    0x080050c4   0x080050c4   0x00000020   Code   RO         3338    i.HAL_RCC_GetPCLK2Freq  stm32f4xx_hal_rcc.o
    0x080050e4   0x080050e4   0x000000b0   Code   RO         3339    i.HAL_RCC_GetSysClockFreq  stm32f4xx_hal_rcc.o
    0x08005194   0x08005194   0x0000049c   Code   RO         3342    i.HAL_RCC_OscConfig  stm32f4xx_hal_rcc.o
    0x08005630   0x08005630   0x00000034   Code   RO         4129    i.HAL_SYSTICK_Config  stm32f4xx_hal_cortex.o
    0x08005664   0x08005664   0x00000002   Code   RO         5228    i.HAL_TIMEx_BreakCallback  stm32f4xx_hal_tim_ex.o
    0x08005666   0x08005666   0x00000002   Code   RO         5229    i.HAL_TIMEx_CommutCallback  stm32f4xx_hal_tim_ex.o
    0x08005668   0x08005668   0x000000b4   Code   RO         5247    i.HAL_TIMEx_MasterConfigSynchronization  stm32f4xx_hal_tim_ex.o
    0x0800571c   0x0800571c   0x00000066   Code   RO         4513    i.HAL_TIM_Base_Init  stm32f4xx_hal_tim.o
    0x08005782   0x08005782   0x00000002   PAD
    0x08005784   0x08005784   0x000000b4   Code   RO          519    i.HAL_TIM_Base_MspInit  stm32f4xx_hal_msp.o
    0x08005838   0x08005838   0x0000009c   Code   RO         4516    i.HAL_TIM_Base_Start  stm32f4xx_hal_tim.o
    0x080058d4   0x080058d4   0x000000a8   Code   RO         4518    i.HAL_TIM_Base_Start_IT  stm32f4xx_hal_tim.o
    0x0800597c   0x0800597c   0x0000003e   Code   RO         4521    i.HAL_TIM_Base_Stop_IT  stm32f4xx_hal_tim.o
    0x080059ba   0x080059ba   0x0000010c   Code   RO         4522    i.HAL_TIM_ConfigClockSource  stm32f4xx_hal_tim.o
    0x08005ac6   0x08005ac6   0x000000c8   Code   RO         4534    i.HAL_TIM_Encoder_Init  stm32f4xx_hal_tim.o
    0x08005b8e   0x08005b8e   0x00000002   PAD
    0x08005b90   0x08005b90   0x00000158   Code   RO          521    i.HAL_TIM_Encoder_MspInit  stm32f4xx_hal_msp.o
    0x08005ce8   0x08005ce8   0x000000cc   Code   RO         4537    i.HAL_TIM_Encoder_Start  stm32f4xx_hal_tim.o
    0x08005db4   0x08005db4   0x00000002   Code   RO         4547    i.HAL_TIM_IC_CaptureCallback  stm32f4xx_hal_tim.o
    0x08005db6   0x08005db6   0x00000196   Code   RO         4561    i.HAL_TIM_IRQHandler  stm32f4xx_hal_tim.o
    0x08005f4c   0x08005f4c   0x0000005c   Code   RO          522    i.HAL_TIM_MspPostInit  stm32f4xx_hal_msp.o
    0x08005fa8   0x08005fa8   0x00000002   Code   RO         4564    i.HAL_TIM_OC_DelayElapsedCallback  stm32f4xx_hal_tim.o
    0x08005faa   0x08005faa   0x00000104   Code   RO         4585    i.HAL_TIM_PWM_ConfigChannel  stm32f4xx_hal_tim.o
    0x080060ae   0x080060ae   0x00000066   Code   RO         4588    i.HAL_TIM_PWM_Init  stm32f4xx_hal_tim.o
    0x08006114   0x08006114   0x00000002   Code   RO         4590    i.HAL_TIM_PWM_MspInit  stm32f4xx_hal_tim.o
    0x08006116   0x08006116   0x00000002   Code   RO         4591    i.HAL_TIM_PWM_PulseFinishedCallback  stm32f4xx_hal_tim.o
    0x08006118   0x08006118   0x0000010c   Code   RO         4593    i.HAL_TIM_PWM_Start  stm32f4xx_hal_tim.o
    0x08006224   0x08006224   0x0000002c   Code   RO          892    i.HAL_TIM_PeriodElapsedCallback  aml_motorcontrol.o
    0x08006250   0x08006250   0x00000002   Code   RO         4604    i.HAL_TIM_TriggerCallback  stm32f4xx_hal_tim.o
    0x08006252   0x08006252   0x00000002   Code   RO         5506    i.HAL_UARTEx_RxEventCallback  stm32f4xx_hal_uart.o
    0x08006254   0x08006254   0x0000008a   Code   RO         5518    i.HAL_UART_DMAStop  stm32f4xx_hal_uart.o
    0x080062de   0x080062de   0x00000002   Code   RO         5520    i.HAL_UART_ErrorCallback  stm32f4xx_hal_uart.o
    0x080062e0   0x080062e0   0x00000072   Code   RO         5524    i.HAL_UART_Init     stm32f4xx_hal_uart.o
    0x08006352   0x08006352   0x00000002   PAD
    0x08006354   0x08006354   0x00000140   Code   RO          524    i.HAL_UART_MspInit  stm32f4xx_hal_msp.o
    0x08006494   0x08006494   0x000000dc   Code   RO         5527    i.HAL_UART_Receive  stm32f4xx_hal_uart.o
    0x08006570   0x08006570   0x00000042   Code   RO         5528    i.HAL_UART_Receive_DMA  stm32f4xx_hal_uart.o
    0x080065b2   0x080065b2   0x00000042   Code   RO         5529    i.HAL_UART_Receive_IT  stm32f4xx_hal_uart.o
    0x080065f4   0x080065f4   0x00000160   Code   RO         1150    i.HAL_UART_RxCpltCallback  aml_mpusensor.o
    0x08006754   0x08006754   0x00000002   Code   RO         5531    i.HAL_UART_RxHalfCpltCallback  stm32f4xx_hal_uart.o
    0x08006756   0x08006756   0x000000d2   Code   RO         5532    i.HAL_UART_Transmit  stm32f4xx_hal_uart.o
    0x08006828   0x08006828   0x00000014   Code   RO          399    i.HardFault_Handler  stm32f4xx_it.o
    0x0800683c   0x0800683c   0x0000003e   Code   RO         2893    i.I2C_IsAcknowledgeFailed  stm32f4xx_hal_i2c.o
    0x0800687a   0x0800687a   0x00000002   PAD
    0x0800687c   0x0800687c   0x00000138   Code   RO         2896    i.I2C_MasterRequestRead  stm32f4xx_hal_i2c.o
    0x080069b4   0x080069b4   0x000000c0   Code   RO         2897    i.I2C_MasterRequestWrite  stm32f4xx_hal_i2c.o
    0x08006a74   0x08006a74   0x0000005c   Code   RO         2913    i.I2C_WaitOnBTFFlagUntilTimeout  stm32f4xx_hal_i2c.o
    0x08006ad0   0x08006ad0   0x00000086   Code   RO         2914    i.I2C_WaitOnFlagUntilTimeout  stm32f4xx_hal_i2c.o
    0x08006b56   0x08006b56   0x000000c4   Code   RO         2915    i.I2C_WaitOnMasterAddressFlagUntilTimeout  stm32f4xx_hal_i2c.o
    0x08006c1a   0x08006c1a   0x00000080   Code   RO         2916    i.I2C_WaitOnRXNEFlagUntilTimeout  stm32f4xx_hal_i2c.o
    0x08006c9a   0x08006c9a   0x0000005c   Code   RO         2919    i.I2C_WaitOnTXEFlagUntilTimeout  stm32f4xx_hal_i2c.o
    0x08006cf6   0x08006cf6   0x00000002   PAD
    0x08006cf8   0x08006cf8   0x00000038   Code   RO           15    i.MX_DMA_Init       main.o
    0x08006d30   0x08006d30   0x000001cc   Code   RO           16    i.MX_GPIO_Init      main.o
    0x08006efc   0x08006efc   0x00000040   Code   RO           17    i.MX_I2C1_Init      main.o
    0x08006f3c   0x08006f3c   0x00000034   Code   RO           18    i.MX_TIM10_Init     main.o
    0x08006f70   0x08006f70   0x00000084   Code   RO           19    i.MX_TIM1_Init      main.o
    0x08006ff4   0x08006ff4   0x000000b0   Code   RO           20    i.MX_TIM2_Init      main.o
    0x080070a4   0x080070a4   0x00000080   Code   RO           21    i.MX_TIM4_Init      main.o
    0x08007124   0x08007124   0x00000050   Code   RO           22    i.MX_TIM9_Init      main.o
    0x08007174   0x08007174   0x00000038   Code   RO           23    i.MX_USART3_UART_Init  main.o
    0x080071ac   0x080071ac   0x00000038   Code   RO           24    i.MX_USART6_UART_Init  main.o
    0x080071e4   0x080071e4   0x00000004   Code   RO          400    i.MemManage_Handler  stm32f4xx_it.o
    0x080071e8   0x080071e8   0x00000004   Code   RO          401    i.NMI_Handler       stm32f4xx_it.o
    0x080071ec   0x080071ec   0x00000094   Code   RO         1306    i.PID               pid.o
    0x08007280   0x08007280   0x00000208   Code   RO         1308    i.PID_Compute       pid.o
    0x08007488   0x08007488   0x00000078   Code   RO         1314    i.PID_Init          pid.o
    0x08007500   0x08007500   0x0000007c   Code   RO         1315    i.PID_SetControllerDirection  pid.o
    0x0800757c   0x0800757c   0x00000022   Code   RO         1316    i.PID_SetMode       pid.o
    0x0800759e   0x0800759e   0x00000104   Code   RO         1317    i.PID_SetOutputLimits  pid.o
    0x080076a2   0x080076a2   0x00000002   PAD
    0x080076a4   0x080076a4   0x00000130   Code   RO         1320    i.PID_SetTunings2   pid.o
    0x080077d4   0x080077d4   0x00000002   Code   RO          402    i.PendSV_Handler    stm32f4xx_it.o
    0x080077d6   0x080077d6   0x00000002   PAD
    0x080077d8   0x080077d8   0x0000010c   Code   RO           25    i.RemarkMode        main.o
    0x080078e4   0x080078e4   0x0000005c   Code   RO           28    i.RunNewAlgorithm   main.o
    0x08007940   0x08007940   0x00000002   Code   RO          403    i.SVC_Handler       stm32f4xx_it.o
    0x08007942   0x08007942   0x00000002   PAD
    0x08007944   0x08007944   0x00000094   Code   RO           29    i.SetTicks          main.o
    0x080079d8   0x080079d8   0x0000002c   Code   RO         1244    i.SimpleKalmanFilter_Init  kalmanfilter.o
    0x08007a04   0x08007a04   0x00000072   Code   RO         1250    i.SimpleKalmanFilter_updateEstimate  kalmanfilter.o
    0x08007a76   0x08007a76   0x00000008   Code   RO          404    i.SysTick_Handler   stm32f4xx_it.o
    0x08007a7e   0x08007a7e   0x00000002   PAD
    0x08007a80   0x08007a80   0x000000b0   Code   RO           31    i.SystemClock_Config  main.o
    0x08007b30   0x08007b30   0x00000014   Code   RO         5863    i.SystemInit        system_stm32f4xx.o
    0x08007b44   0x08007b44   0x00000010   Code   RO           32    i.SystemTest        main.o
    0x08007b54   0x08007b54   0x00000018   Code   RO          405    i.TIM1_BRK_TIM9_IRQHandler  stm32f4xx_it.o
    0x08007b6c   0x08007b6c   0x00000018   Code   RO          406    i.TIM1_UP_TIM10_IRQHandler  stm32f4xx_it.o
    0x08007b84   0x08007b84   0x000000d8   Code   RO         4606    i.TIM_Base_SetConfig  stm32f4xx_hal_tim.o
    0x08007c5c   0x08007c5c   0x00000022   Code   RO         4607    i.TIM_CCxChannelCmd  stm32f4xx_hal_tim.o
    0x08007c7e   0x08007c7e   0x00000016   Code   RO         4617    i.TIM_ETR_SetConfig  stm32f4xx_hal_tim.o
    0x08007c94   0x08007c94   0x00000012   Code   RO         4618    i.TIM_ITRx_SetConfig  stm32f4xx_hal_tim.o
    0x08007ca6   0x08007ca6   0x00000002   PAD
    0x08007ca8   0x08007ca8   0x00000070   Code   RO         4619    i.TIM_OC1_SetConfig  stm32f4xx_hal_tim.o
    0x08007d18   0x08007d18   0x0000007c   Code   RO         4620    i.TIM_OC2_SetConfig  stm32f4xx_hal_tim.o
    0x08007d94   0x08007d94   0x00000078   Code   RO         4621    i.TIM_OC3_SetConfig  stm32f4xx_hal_tim.o
    0x08007e0c   0x08007e0c   0x00000054   Code   RO         4622    i.TIM_OC4_SetConfig  stm32f4xx_hal_tim.o
    0x08007e60   0x08007e60   0x00000026   Code   RO         4624    i.TIM_TI1_ConfigInputStage  stm32f4xx_hal_tim.o
    0x08007e86   0x08007e86   0x00000028   Code   RO         4626    i.TIM_TI2_ConfigInputStage  stm32f4xx_hal_tim.o
    0x08007eae   0x08007eae   0x00000040   Code   RO           33    i.TestLaser         main.o
    0x08007eee   0x08007eee   0x00000002   PAD
    0x08007ef0   0x08007ef0   0x0000007c   Code   RO           34    i.TestMPU           main.o
    0x08007f6c   0x08007f6c   0x00000018   Code   RO           35    i.TestMPUFollow     main.o
    0x08007f84   0x08007f84   0x00000058   Code   RO           36    i.TestMode          main.o
    0x08007fdc   0x08007fdc   0x000000da   Code   RO           37    i.TestMotor         main.o
    0x080080b6   0x080080b6   0x00000002   PAD
    0x080080b8   0x080080b8   0x00000050   Code   RO           38    i.TestTurning       main.o
    0x08008108   0x08008108   0x0000000c   Code   RO           39    i.TurnOffRemarkAfterTurn  main.o
    0x08008114   0x08008114   0x0000000c   Code   RO           40    i.TurnOffRemarkWall  main.o
    0x08008120   0x08008120   0x0000000c   Code   RO           41    i.TurnOnRemarkAfterTurn  main.o
    0x0800812c   0x0800812c   0x00000050   Code   RO         5538    i.UART_DMAError     stm32f4xx_hal_uart.o
    0x0800817c   0x0800817c   0x000000b0   Code   RO         5539    i.UART_DMAReceiveCplt  stm32f4xx_hal_uart.o
    0x0800822c   0x0800822c   0x00000020   Code   RO         5541    i.UART_DMARxHalfCplt  stm32f4xx_hal_uart.o
    0x0800824c   0x0800824c   0x0000006c   Code   RO         5547    i.UART_EndRxTransfer  stm32f4xx_hal_uart.o
    0x080082b8   0x080082b8   0x00000026   Code   RO         5549    i.UART_EndTxTransfer  stm32f4xx_hal_uart.o
    0x080082de   0x080082de   0x00000002   PAD
    0x080082e0   0x080082e0   0x0000022c   Code   RO         5551    i.UART_SetConfig    stm32f4xx_hal_uart.o
    0x0800850c   0x0800850c   0x000000d0   Code   RO         5552    i.UART_Start_Receive_DMA  stm32f4xx_hal_uart.o
    0x080085dc   0x080085dc   0x0000004a   Code   RO         5553    i.UART_Start_Receive_IT  stm32f4xx_hal_uart.o
    0x08008626   0x08008626   0x00000092   Code   RO         5555    i.UART_WaitOnFlagUntilTimeout  stm32f4xx_hal_uart.o
    0x080086b8   0x080086b8   0x00000004   Code   RO          407    i.UsageFault_Handler  stm32f4xx_it.o
    0x080086bc   0x080086bc   0x00000084   Code   RO         1420    i.VL53L0X_CheckAndLoadInterruptSettings  vl53l0x_api.o
    0x08008740   0x08008740   0x00000052   Code   RO         1421    i.VL53L0X_ClearInterruptMask  vl53l0x_api.o
    0x08008792   0x08008792   0x00000002   PAD
    0x08008794   0x08008794   0x00000144   Code   RO         1422    i.VL53L0X_DataInit  vl53l0x_api.o
    0x080088d8   0x080088d8   0x0000000a   Code   RO         1427    i.VL53L0X_GetDeviceMode  vl53l0x_api.o
    0x080088e2   0x080088e2   0x000000a0   Code   RO         1428    i.VL53L0X_GetDeviceParameters  vl53l0x_api.o
    0x08008982   0x08008982   0x00000022   Code   RO         1430    i.VL53L0X_GetFractionEnable  vl53l0x_api.o
    0x080089a4   0x080089a4   0x0000003e   Code   RO         1434    i.VL53L0X_GetInterMeasurementPeriodMilliSeconds  vl53l0x_api.o
    0x080089e2   0x080089e2   0x00000030   Code   RO         1435    i.VL53L0X_GetInterruptMaskStatus  vl53l0x_api.o
    0x08008a12   0x08008a12   0x00000042   Code   RO         1436    i.VL53L0X_GetInterruptThresholds  vl53l0x_api.o
    0x08008a54   0x08008a54   0x0000001c   Code   RO         1438    i.VL53L0X_GetLimitCheckEnable  vl53l0x_api.o
    0x08008a70   0x08008a70   0x000000b6   Code   RO         1441    i.VL53L0X_GetLimitCheckValue  vl53l0x_api.o
    0x08008b26   0x08008b26   0x00000056   Code   RO         1444    i.VL53L0X_GetMeasurementDataReady  vl53l0x_api.o
    0x08008b7c   0x08008b7c   0x00000016   Code   RO         1446    i.VL53L0X_GetMeasurementTimingBudgetMicroSeconds  vl53l0x_api.o
    0x08008b92   0x08008b92   0x00000016   Code   RO         1450    i.VL53L0X_GetOffsetCalibrationDataMicroMeter  vl53l0x_api.o
    0x08008ba8   0x08008ba8   0x0000016e   Code   RO         1458    i.VL53L0X_GetRangingMeasurementData  vl53l0x_api.o
    0x08008d16   0x08008d16   0x00000076   Code   RO         1462    i.VL53L0X_GetSequenceStepEnables  vl53l0x_api.o
    0x08008d8c   0x08008d8c   0x00000052   Code   RO         1463    i.VL53L0X_GetSequenceStepTimeout  vl53l0x_api.o
    0x08008dde   0x08008dde   0x0000001e   Code   RO         1471    i.VL53L0X_GetVcselPulsePeriod  vl53l0x_api.o
    0x08008dfc   0x08008dfc   0x0000003e   Code   RO         1473    i.VL53L0X_GetWrapAroundCheckEnable  vl53l0x_api.o
    0x08008e3a   0x08008e3a   0x0000000c   Code   RO         1474    i.VL53L0X_GetXTalkCompensationEnable  vl53l0x_api.o
    0x08008e46   0x08008e46   0x00000038   Code   RO         1475    i.VL53L0X_GetXTalkCompensationRateMegaCps  vl53l0x_api.o
    0x08008e7e   0x08008e7e   0x00000020   Code   RO         1477    i.VL53L0X_PerformRefCalibration  vl53l0x_api.o
    0x08008e9e   0x08008e9e   0x0000001e   Code   RO         1478    i.VL53L0X_PerformRefSpadManagement  vl53l0x_api.o
    0x08008ebc   0x08008ebc   0x0000003c   Code   RO         1480    i.VL53L0X_PerformSingleMeasurement  vl53l0x_api.o
    0x08008ef8   0x08008ef8   0x00000038   Code   RO         1481    i.VL53L0X_PerformSingleRangingMeasurement  vl53l0x_api.o
    0x08008f30   0x08008f30   0x00000010   Code   RO         2480    i.VL53L0X_PollingDelay  vl53l0x_platform.o
    0x08008f40   0x08008f40   0x00000034   Code   RO         2481    i.VL53L0X_RdByte    vl53l0x_platform.o
    0x08008f74   0x08008f74   0x00000058   Code   RO         2482    i.VL53L0X_RdDWord   vl53l0x_platform.o
    0x08008fcc   0x08008fcc   0x00000048   Code   RO         2483    i.VL53L0X_RdWord    vl53l0x_platform.o
    0x08009014   0x08009014   0x0000003e   Code   RO         2484    i.VL53L0X_ReadMulti  vl53l0x_platform.o
    0x08009052   0x08009052   0x00000024   Code   RO         1485    i.VL53L0X_SetDeviceAddress  vl53l0x_api.o
    0x08009076   0x08009076   0x00000032   Code   RO         1486    i.VL53L0X_SetDeviceMode  vl53l0x_api.o
    0x080090a8   0x080090a8   0x00000166   Code   RO         1489    i.VL53L0X_SetGpioConfig  vl53l0x_api.o
    0x0800920e   0x0800920e   0x000000c2   Code   RO         1494    i.VL53L0X_SetLimitCheckEnable  vl53l0x_api.o
    0x080092d0   0x080092d0   0x00000076   Code   RO         1495    i.VL53L0X_SetLimitCheckValue  vl53l0x_api.o
    0x08009346   0x08009346   0x00000016   Code   RO         1497    i.VL53L0X_SetMeasurementTimingBudgetMicroSeconds  vl53l0x_api.o
    0x0800935c   0x0800935c   0x000000c4   Code   RO         1504    i.VL53L0X_SetSequenceStepEnable  vl53l0x_api.o
    0x08009420   0x08009420   0x0000001e   Code   RO         1509    i.VL53L0X_SetVcselPulsePeriod  vl53l0x_api.o
    0x0800943e   0x0800943e   0x000000b2   Code   RO         1513    i.VL53L0X_StartMeasurement  vl53l0x_api.o
    0x080094f0   0x080094f0   0x000001a0   Code   RO         1514    i.VL53L0X_StaticInit  vl53l0x_api.o
    0x08009690   0x08009690   0x0000003e   Code   RO         2485    i.VL53L0X_UpdateByte  vl53l0x_platform.o
    0x080096ce   0x080096ce   0x00000008   Code   RO         1516    i.VL53L0X_WaitDeviceBooted  vl53l0x_api.o
    0x080096d6   0x080096d6   0x00000002   PAD
    0x080096d8   0x080096d8   0x00000034   Code   RO         2486    i.VL53L0X_WrByte    vl53l0x_platform.o
    0x0800970c   0x0800970c   0x00000038   Code   RO         2488    i.VL53L0X_WrWord    vl53l0x_platform.o
    0x08009744   0x08009744   0x00000044   Code   RO         2489    i.VL53L0X_WriteMulti  vl53l0x_platform.o
    0x08009788   0x08009788   0x0000018c   Code   RO         2206    i.VL53L0X_calc_dmax  vl53l0x_api_core.o
    0x08009914   0x08009914   0x00000016   Code   RO         2207    i.VL53L0X_calc_macro_period_ps  vl53l0x_api_core.o
    0x0800992a   0x0800992a   0x00000002   PAD
    0x0800992c   0x0800992c   0x000002b0   Code   RO         2208    i.VL53L0X_calc_sigma_estimate  vl53l0x_api_core.o
    0x08009bdc   0x08009bdc   0x00000034   Code   RO         2209    i.VL53L0X_calc_timeout_mclks  vl53l0x_api_core.o
    0x08009c10   0x08009c10   0x00000036   Code   RO         2210    i.VL53L0X_calc_timeout_us  vl53l0x_api_core.o
    0x08009c46   0x08009c46   0x0000000e   Code   RO         2211    i.VL53L0X_decode_timeout  vl53l0x_api_core.o
    0x08009c54   0x08009c54   0x0000000c   Code   RO         2212    i.VL53L0X_decode_vcsel_period  vl53l0x_api_core.o
    0x08009c60   0x08009c60   0x0000004e   Code   RO         2213    i.VL53L0X_device_read_strobe  vl53l0x_api_core.o
    0x08009cae   0x08009cae   0x00000028   Code   RO         2214    i.VL53L0X_encode_timeout  vl53l0x_api_core.o
    0x08009cd6   0x08009cd6   0x0000000e   Code   RO         2215    i.VL53L0X_encode_vcsel_period  vl53l0x_api_core.o
    0x08009ce4   0x08009ce4   0x0000054a   Code   RO         2216    i.VL53L0X_get_info_from_device  vl53l0x_api_core.o
    0x0800a22e   0x0800a22e   0x000000ee   Code   RO         2217    i.VL53L0X_get_measurement_timing_budget_micro_seconds  vl53l0x_api_core.o
    0x0800a31c   0x0800a31c   0x00000056   Code   RO         2048    i.VL53L0X_get_offset_calibration_data_micro_meter  vl53l0x_api_calibration.o
    0x0800a372   0x0800a372   0x00000234   Code   RO         2218    i.VL53L0X_get_pal_range_status  vl53l0x_api_core.o
    0x0800a5a6   0x0800a5a6   0x00000028   Code   RO         2219    i.VL53L0X_get_total_signal_rate  vl53l0x_api_core.o
    0x0800a5ce   0x0800a5ce   0x0000003a   Code   RO         2220    i.VL53L0X_get_total_xtalk_rate  vl53l0x_api_core.o
    0x0800a608   0x0800a608   0x00000046   Code   RO         2221    i.VL53L0X_get_vcsel_pulse_period  vl53l0x_api_core.o
    0x0800a64e   0x0800a64e   0x0000002c   Code   RO         2222    i.VL53L0X_isqrt     vl53l0x_api_core.o
    0x0800a67a   0x0800a67a   0x000000ea   Code   RO         2223    i.VL53L0X_load_tuning_settings  vl53l0x_api_core.o
    0x0800a764   0x0800a764   0x00000040   Code   RO         2224    i.VL53L0X_measurement_poll_for_completion  vl53l0x_api_core.o
    0x0800a7a4   0x0800a7a4   0x0000007c   Code   RO         2052    i.VL53L0X_perform_phase_calibration  vl53l0x_api_calibration.o
    0x0800a820   0x0800a820   0x0000004c   Code   RO         2053    i.VL53L0X_perform_ref_calibration  vl53l0x_api_calibration.o
    0x0800a86c   0x0800a86c   0x00000292   Code   RO         2054    i.VL53L0X_perform_ref_spad_management  vl53l0x_api_calibration.o
    0x0800aafe   0x0800aafe   0x00000040   Code   RO         2055    i.VL53L0X_perform_single_ref_calibration  vl53l0x_api_calibration.o
    0x0800ab3e   0x0800ab3e   0x0000007e   Code   RO         2056    i.VL53L0X_perform_vhv_calibration  vl53l0x_api_calibration.o
    0x0800abbc   0x0800abbc   0x000000b0   Code   RO         2058    i.VL53L0X_ref_calibration_io  vl53l0x_api_calibration.o
    0x0800ac6c   0x0800ac6c   0x00000128   Code   RO         2227    i.VL53L0X_set_measurement_timing_budget_micro_seconds  vl53l0x_api_core.o
    0x0800ad94   0x0800ad94   0x000000c2   Code   RO         2061    i.VL53L0X_set_reference_spads  vl53l0x_api_calibration.o
    0x0800ae56   0x0800ae56   0x000002fe   Code   RO         2228    i.VL53L0X_set_vcsel_pulse_period  vl53l0x_api_core.o
    0x0800b154   0x0800b154   0x0000002e   Code   RO         2490    i._I2CRead          vl53l0x_platform.o
    0x0800b182   0x0800b182   0x0000002a   Code   RO         2491    i._I2CWrite         vl53l0x_platform.o
    0x0800b1ac   0x0800b1ac   0x00000010   Code   RO         4131    i.__NVIC_GetPriorityGrouping  stm32f4xx_hal_cortex.o
    0x0800b1bc   0x0800b1bc   0x00000028   Code   RO         4132    i.__NVIC_SetPriority  stm32f4xx_hal_cortex.o
    0x0800b1e4   0x0800b1e4   0x00000004   PAD
    0x0800b1e8   0x0800b1e8   0x000000f8   Code   RO         6043    i.__hardfp___mathlib_tofloat  m_wm.l(narrow.o)
    0x0800b2e0   0x0800b2e0   0x000000d0   Code   RO         6152    i.__hardfp_ldexp    m_wm.l(ldexp.o)
    0x0800b3b0   0x0800b3b0   0x00000020   Code   RO         6191    i.__mathlib_dbl_overflow  m_wm.l(dunder.o)
    0x0800b3d0   0x0800b3d0   0x00000020   Code   RO         6193    i.__mathlib_dbl_underflow  m_wm.l(dunder.o)
    0x0800b3f0   0x0800b3f0   0x00000012   Code   RO         6044    i.__mathlib_narrow  m_wm.l(narrow.o)
    0x0800b402   0x0800b402   0x00000014   Code   RO         6154    i.__support_ldexp   m_wm.l(ldexp.o)
    0x0800b416   0x0800b416   0x0000000e   Code   RO         5959    i._is_digit         c_w.l(scanf_fp.o)
    0x0800b424   0x0800b424   0x000001a8   Code   RO         2672    i.calculateShortestPathDistances  solver.o
    0x0800b5cc   0x0800b5cc   0x000000ac   Code   RO         2063    i.enable_ref_spads  vl53l0x_api_calibration.o
    0x0800b678   0x0800b678   0x00000032   Code   RO         2064    i.enable_spad_bit   vl53l0x_api_calibration.o
    0x0800b6aa   0x0800b6aa   0x00000018   Code   RO         2673    i.fastRunSolver     solver.o
    0x0800b6c2   0x0800b6c2   0x00000002   PAD
    0x0800b6c4   0x0800b6c4   0x000000a4   Code   RO         2674    i.fastRunWithVariableVelocity  solver.o
    0x0800b768   0x0800b768   0x000004d0   Code   RO         2675    i.floodFill         solver.o
    0x0800bc38   0x0800bc38   0x0000008c   Code   RO         6127    i.frexp             m_wm.l(frexp.o)
    0x0800bcc4   0x0800bcc4   0x00000080   Code   RO         2676    i.getReachingCenter  solver.o
    0x0800bd44   0x0800bd44   0x00000068   Code   RO         2065    i.get_next_good_spad  vl53l0x_api_calibration.o
    0x0800bdac   0x0800bdac   0x00000018   Code   RO         2066    i.get_ref_spad_map  vl53l0x_api_calibration.o
    0x0800bdc4   0x0800bdc4   0x00000122   Code   RO         2229    i.get_sequence_step_timeout  vl53l0x_api_core.o
    0x0800bee6   0x0800bee6   0x00000002   PAD
    0x0800bee8   0x0800bee8   0x00000038   Code   RO         1152    i.handle            aml_mpusensor.o
    0x0800bf20   0x0800bf20   0x00000074   Code   RO         2677    i.initialize        solver.o
    0x0800bf94   0x0800bf94   0x0000006c   Code   RO         2678    i.isWallInDirection  solver.o
    0x0800c000   0x0800c000   0x00000018   Code   RO         2067    i.is_aperture       vl53l0x_api_calibration.o
    0x0800c018   0x0800c018   0x00000128   Code   RO           43    i.main              main.o
    0x0800c140   0x0800c140   0x00000160   Code   RO         2679    i.markCenterWall    solver.o
    0x0800c2a0   0x0800c2a0   0x00000018   Code   RO         2680    i.moveForwardWithVariableVelocity  solver.o
    0x0800c2b8   0x0800c2b8   0x0000006e   Code   RO         2068    i.perform_ref_signal_measurement  vl53l0x_api_calibration.o
    0x0800c326   0x0800c326   0x00000002   PAD
    0x0800c328   0x0800c328   0x00000014   Code   RO         2614    i.queue_is_empty    queue.o
    0x0800c33c   0x0800c33c   0x00000048   Code   RO         2615    i.queue_pop         queue.o
    0x0800c384   0x0800c384   0x0000004c   Code   RO         2616    i.queue_push        queue.o
    0x0800c3d0   0x0800c3d0   0x00000028   Code   RO         2617    i.queue_reset       queue.o
    0x0800c3f8   0x0800c3f8   0x00000054   Code   RO         2681    i.resetDistances    solver.o
    0x0800c44c   0x0800c44c   0x0000003c   Code   RO         2682    i.resetWallMaze     solver.o
    0x0800c488   0x0800c488   0x00000068   Code   RO         2683    i.searchCenterToStart  solver.o
    0x0800c4f0   0x0800c4f0   0x00000040   Code   RO         2684    i.searchRun         solver.o
    0x0800c530   0x0800c530   0x00000048   Code   RO         1518    i.sequence_step_enabled  vl53l0x_api.o
    0x0800c578   0x0800c578   0x00000018   Code   RO         2685    i.setPosition       solver.o
    0x0800c590   0x0800c590   0x0000000c   Code   RO         2686    i.setPriorityHeading  solver.o
    0x0800c59c   0x0800c59c   0x00000018   Code   RO         2069    i.set_ref_spad_map  vl53l0x_api_calibration.o
    0x0800c5b4   0x0800c5b4   0x0000013a   Code   RO         2230    i.set_sequence_step_timeout  vl53l0x_api_core.o
    0x0800c6ee   0x0800c6ee   0x00000020   Code   RO         2687    i.solver            solver.o
    0x0800c70e   0x0800c70e   0x00000028   Code   RO         2688    i.squareToCoord     solver.o
    0x0800c736   0x0800c736   0x00000002   PAD
    0x0800c738   0x0800c738   0x00000164   Code   RO         2689    i.updateDistances   solver.o
    0x0800c89c   0x0800c89c   0x00000088   Code   RO         2690    i.updateHeading     solver.o
    0x0800c924   0x0800c924   0x00000224   Code   RO         2691    i.updateMaze        solver.o
    0x0800cb48   0x0800cb48   0x0000005c   Code   RO         2692    i.updatePosition    solver.o
    0x0800cba4   0x0800cba4   0x0000000a   Code   RO         2693    i.xyToSquare        solver.o
    0x0800cbae   0x0800cbae   0x00000002   PAD
    0x0800cbb0   0x0800cbb0   0x0000002c   Code   RO         6029    locale$$code        c_w.l(lc_numeric_c.o)
    0x0800cbdc   0x0800cbdc   0x0000002c   Code   RO         6140    locale$$code        c_w.l(lc_ctype_c.o)
    0x0800cc08   0x0800cc08   0x00000018   Code   RO         5916    x$fpl$basic         fz_wm.l(basic.o)
    0x0800cc20   0x0800cc20   0x00000062   Code   RO         6123    x$fpl$d2f           fz_wm.l(d2f.o)
    0x0800cc82   0x0800cc82   0x00000002   PAD
    0x0800cc84   0x0800cc84   0x00000150   Code   RO         5918    x$fpl$dadd          fz_wm.l(daddsub_clz.o)
    0x0800cdd4   0x0800cdd4   0x00000010   Code   RO         6220    x$fpl$dcheck1       fz_wm.l(dcheck1.o)
    0x0800cde4   0x0800cde4   0x00000018   Code   RO         5965    x$fpl$dcmpinf       fz_wm.l(dcmpi.o)
    0x0800cdfc   0x0800cdfc   0x000002b0   Code   RO         5925    x$fpl$ddiv          fz_wm.l(ddiv.o)
    0x0800d0ac   0x0800d0ac   0x00000078   Code   RO         5928    x$fpl$deqf          fz_wm.l(deqf.o)
    0x0800d124   0x0800d124   0x0000005e   Code   RO         5930    x$fpl$dfix          fz_wm.l(dfix.o)
    0x0800d182   0x0800d182   0x0000002e   Code   RO         5939    x$fpl$dflt          fz_wm.l(dflt_clz.o)
    0x0800d1b0   0x0800d1b0   0x00000026   Code   RO         5938    x$fpl$dfltu         fz_wm.l(dflt_clz.o)
    0x0800d1d6   0x0800d1d6   0x00000002   PAD
    0x0800d1d8   0x0800d1d8   0x00000078   Code   RO         5944    x$fpl$dleqf         fz_wm.l(dleqf.o)
    0x0800d250   0x0800d250   0x00000154   Code   RO         5946    x$fpl$dmul          fz_wm.l(dmul.o)
    0x0800d3a4   0x0800d3a4   0x0000009c   Code   RO         5967    x$fpl$dnaninf       fz_wm.l(dnaninf.o)
    0x0800d440   0x0800d440   0x0000000c   Code   RO         5969    x$fpl$dretinf       fz_wm.l(dretinf.o)
    0x0800d44c   0x0800d44c   0x0000006c   Code   RO         5948    x$fpl$drleqf        fz_wm.l(drleqf.o)
    0x0800d4b8   0x0800d4b8   0x00000016   Code   RO         5919    x$fpl$drsb          fz_wm.l(daddsub_clz.o)
    0x0800d4ce   0x0800d4ce   0x00000002   PAD
    0x0800d4d0   0x0800d4d0   0x000001d4   Code   RO         5920    x$fpl$dsub          fz_wm.l(daddsub_clz.o)
    0x0800d6a4   0x0800d6a4   0x0000000a   Code   RO         6148    x$fpl$fpinit        fz_wm.l(fpinit.o)
    0x0800d6ae   0x0800d6ae   0x0000000a   Code   RO         6150    x$fpl$fretinf       fz_wm.l(fretinf.o)
    0x0800d6b8   0x0800d6b8   0x00000006   Code   RO         6035    x$fpl$ieeestatus    fz_wm.l(istatus.o)
    0x0800d6be   0x0800d6be   0x00000064   Code   RO         6254    x$fpl$retnan        fz_wm.l(retnan.o)
    0x0800d722   0x0800d722   0x0000005c   Code   RO         6185    x$fpl$scalbn        fz_wm.l(scalbn.o)
    0x0800d77e   0x0800d77e   0x00000004   Code   RO         5950    x$fpl$scanf1        fz_wm.l(scanf1.o)
    0x0800d782   0x0800d782   0x00000008   Code   RO         6037    x$fpl$scanf2        fz_wm.l(scanf2.o)
    0x0800d78a   0x0800d78a   0x00000030   Code   RO         6256    x$fpl$trapveneer    fz_wm.l(trapv.o)
    0x0800d7ba   0x0800d7ba   0x00000000   Code   RO         5971    x$fpl$usenofp       fz_wm.l(usenofp.o)
    0x0800d7ba   0x0800d7ba   0x00000008   Data   RO         3848    .constdata          stm32f4xx_hal_dma.o
    0x0800d7c2   0x0800d7c2   0x00000018   Data   RO         5864    .constdata          system_stm32f4xx.o
    0x0800d7da   0x0800d7da   0x00000002   PAD
    0x0800d7dc   0x0800d7dc   0x00000094   Data   RO         6004    .constdata          c_w.l(bigflt0.o)
    0x0800d870   0x0800d870   0x00000020   Data   RO         6258    Region$$Table       anon$$obj.o
    0x0800d890   0x0800d890   0x00000008   Data   RO         6031    c$$dinf             fz_wm.l(fpconst.o)
    0x0800d898   0x0800d898   0x00000008   Data   RO         6034    c$$dmax             fz_wm.l(fpconst.o)
    0x0800d8a0   0x0800d8a0   0x0000001c   Data   RO         6028    locale$$data        c_w.l(lc_numeric_c.o)
    0x0800d8bc   0x0800d8bc   0x00000110   Data   RO         6139    locale$$data        c_w.l(lc_ctype_c.o)


    Execution Region RW_IRAM1 (Exec base: 0x20000000, Load base: 0x0800d9cc, Size: 0x00003d48, Max: 0x0001c000, ABSOLUTE, COMPRESSED[0x00000380])

    Exec Addr    Load Addr    Size         Type   Attr      Idx    E Section Name        Object

    0x20000000   COMPRESSED   0x00000024   Data   RW           45    .data               main.o
    0x20000024   COMPRESSED   0x00000013   Data   RW          604    .data               aml_debugdevice.o
    0x20000037   COMPRESSED   0x00000001   PAD
    0x20000038   COMPRESSED   0x0000000a   Data   RW          728    .data               aml_keyboard.o
    0x20000042   COMPRESSED   0x00000002   PAD
    0x20000044   COMPRESSED   0x0000000f   Data   RW          776    .data               aml_lasersensor.o
    0x20000053   COMPRESSED   0x00000005   PAD
    0x20000058   COMPRESSED   0x00000359   Data   RW          895    .data               aml_motorcontrol.o
    0x200003b1   COMPRESSED   0x00000007   PAD
    0x200003b8   COMPRESSED   0x00000021   Data   RW         1154    .data               aml_mpusensor.o
    0x200003d9   COMPRESSED   0x00000007   PAD
    0x200003e0   COMPRESSED   0x00000020   Data   RW         1210    .data               aml_remote.o
    0x20000400   COMPRESSED   0x000002a9   Data   RW         1519    .data               vl53l0x_api.o
    0x200006a9   COMPRESSED   0x00000003   PAD
    0x200006ac   COMPRESSED   0x00000010   Data   RW         2070    .data               vl53l0x_api_calibration.o
    0x200006bc   COMPRESSED   0x0000040f   Data   RW         2695    .data               solver.o
    0x20000acb   COMPRESSED   0x00000001   PAD
    0x20000acc   COMPRESSED   0x00000009   Data   RW         4280    .data               stm32f4xx_hal.o
    0x20000ad5   COMPRESSED   0x00000003   PAD
    0x20000ad8   COMPRESSED   0x00000004   Data   RW         5865    .data               system_stm32f4xx.o
    0x20000adc        -       0x0000036c   Zero   RW           44    .bss                main.o
    0x20000e48        -       0x00000c10   Zero   RW          775    .bss                aml_lasersensor.o
    0x20001a58        -       0x000003f0   Zero   RW          894    .bss                aml_motorcontrol.o
    0x20001e48        -       0x00000024   Zero   RW         1153    .bss                aml_mpusensor.o
    0x20001e6c        -       0x00000030   Zero   RW         1209    .bss                aml_remote.o
    0x20001e9c        -       0x00000040   Zero   RW         2492    .bss                vl53l0x_platform.o
    0x20001edc        -       0x0000040c   Zero   RW         2619    .bss                queue.o
    0x200022e8        -       0x00001400   Zero   RW         2694    .bss                solver.o
    0x200036e8        -       0x00000060   Zero   RW         6052    .bss                c_w.l(libspace.o)
    0x20003748        -       0x00000200   Zero   RW            2    HEAP                startup_stm32f407xx.o
    0x20003948        -       0x00000400   Zero   RW            1    STACK               startup_stm32f407xx.o


    Execution Region RW_IRAM2 (Exec base: 0x2001c000, Load base: 0x0800dd4c, Size: 0x00000000, Max: 0x00004000, ABSOLUTE)

    **** No section assigned to this execution region ****


==============================================================================

Image component sizes


      Code (inc. data)   RO Data    RW Data    ZI Data      Debug   Object Name

       148         30          0         19          0       3504   aml_debugdevice.o
        92         32          0          0          0       2886   aml_encoder.o
       100         14          0         10          0       1487   aml_keyboard.o
      1496        110          0         15       3088       6811   aml_lasersensor.o
      5598        706          0        857       1008      22388   aml_motorcontrol.o
       628        130          0         33         36       4132   aml_mpusensor.o
       876         18          0          0          0       1434   aml_pid.o
       144         54          0         32         48       2149   aml_remote.o
       158          6          0          0          0       1886   kalmanfilter.o
      2896        188          0         36        876     736267   main.o
      1510         50          0          0          0       6306   pid.o
       208         18          0          0       1036       3224   queue.o
      4134        164          0       1039       5120      17426   solver.o
        64         26        392          0       1536        924   startup_stm32f407xx.o
       212         36          0          9          0      10025   stm32f4xx_hal.o
       304         22          0          0          0      34999   stm32f4xx_hal_cortex.o
      1396         16          8          0          0       6999   stm32f4xx_hal_dma.o
       540         50          0          0          0       3063   stm32f4xx_hal_gpio.o
      2800         48          0          0          0      12374   stm32f4xx_hal_i2c.o
      1144         92          0          0          0       5471   stm32f4xx_hal_msp.o
      1820         84          0          0          0       6168   stm32f4xx_hal_rcc.o
      3014        172          0          0          0      21927   stm32f4xx_hal_tim.o
       184         30          0          0          0       2805   stm32f4xx_hal_tim_ex.o
      2238         22          0          0          0      15852   stm32f4xx_hal_uart.o
       164         26          0          0          0       9559   stm32f4xx_it.o
        20          6         24          4          0       1367   system_stm32f4xx.o
      3840         64          0        681          0      34516   vl53l0x_api.o
      2012          6          0         16          0      16607   vl53l0x_api_calibration.o
      5702         18          0          0          0      29955   vl53l0x_api_core.o
       616         24          0          0         64       9915   vl53l0x_platform.o

    ----------------------------------------------------------------------
     44108       2266        458       2780      12812    1032426   Object Totals
         0          0         32          0          0          0   (incl. Generated)
        50          4          2         29          0          0   (incl. Padding)

    ----------------------------------------------------------------------

      Code (inc. data)   RO Data    RW Data    ZI Data      Debug   Library Member Name

        60          8          0          0          0         84   __0sscanf.o
        90          0          0          0          0          0   __dczerorl2.o
         8          0          0          0          0         68   __main.o
         0          0          0          0          0          0   __rtentry.o
        12          0          0          0          0          0   __rtentry2.o
         6          0          0          0          0          0   __rtentry4.o
        52          8          0          0          0          0   __scatter.o
        28          0          0          0          0          0   __scatter_zi.o
        28          0          0          0          0         68   _chval.o
        22          0          0          0          0        100   _rserrno.o
       884          6          0          0          0        100   _scanf.o
        64          0          0          0          0         84   _sgetc.o
       228          4        148          0          0         96   bigflt0.o
      1924        136          0          0          0        756   btod.o
        18          0          0          0          0         80   exit.o
         6          0          0          0          0        152   heapauxi.o
         0          0          0          0          0          0   indicate_semi.o
        18          0          0          0          0         76   isspace.o
        44         10        272          0          0         76   lc_ctype_c.o
        44         10         28          0          0         76   lc_numeric_c.o
         2          0          0          0          0          0   libinit.o
        34          0          0          0          0          0   libinit2.o
         2          0          0          0          0          0   libshutdown.o
         2          0          0          0          0          0   libshutdown2.o
         8          4          0          0         96         68   libspace.o
        38          0          0          0          0         68   llshl.o
       238          0          0          0          0        100   lludivv7m.o
        16          4          0          0          0         76   rt_ctype_table.o
         8          4          0          0          0         68   rt_errno_addr_intlibspace.o
         8          4          0          0          0         68   rt_locale_intlibspace.o
        68          0          0          0          0         68   rt_memclr.o
        78          0          0          0          0         80   rt_memclr_w.o
       138          0          0          0          0         68   rt_memcpy_v6.o
       100          0          0          0          0         80   rt_memcpy_w.o
         2          0          0          0          0          0   rtexit.o
        10          0          0          0          0          0   rtexit2.o
        44          8          0          0          0         84   scanf_char.o
      1286         16          0          0          0        236   scanf_fp.o
       800         14          0          0          0        100   scanf_hexfp.o
       308         16          0          0          0        100   scanf_infnan.o
       128          0          0          0          0         68   strcmpv7m.o
        72          0          0          0          0         80   strcpy.o
        12          4          0          0          0         68   sys_exit.o
        74          0          0          0          0         80   sys_stackheap_outer.o
         2          0          0          0          0         68   use_no_semi.o
        24          0          0          0          0        164   basic.o
        98          4          0          0          0        140   d2f.o
       826         16          0          0          0        492   daddsub_clz.o
        16          4          0          0          0        116   dcheck1.o
        24          0          0          0          0        116   dcmpi.o
       688        140          0          0          0        256   ddiv.o
       120          4          0          0          0        140   deqf.o
        94          4          0          0          0        140   dfix.o
        84          0          0          0          0        232   dflt_clz.o
       120          4          0          0          0        140   dleqf.o
       340         12          0          0          0        152   dmul.o
       156          4          0          0          0        140   dnaninf.o
        12          0          0          0          0        116   dretinf.o
       108          0          0          0          0        128   drleqf.o
         0          0         16          0          0          0   fpconst.o
        10          0          0          0          0        116   fpinit.o
        10          0          0          0          0        116   fretinf.o
         6          0          0          0          0        116   istatus.o
       100          0          0          0          0        116   retnan.o
        92          0          0          0          0        116   scalbn.o
         4          0          0          0          0        116   scanf1.o
         8          0          0          0          0        132   scanf2.o
        48          0          0          0          0        116   trapv.o
         0          0          0          0          0          0   usenofp.o
        64         16          0          0          0        248   dunder.o
       140         22          0          0          0        132   frexp.o
       228          8          0          0          0        308   ldexp.o
       266         16          0          0          0        308   narrow.o

    ----------------------------------------------------------------------
     10726        512        464          0         96       7856   Library Totals
        26          2          0          0          0          0   (incl. Padding)

    ----------------------------------------------------------------------

      Code (inc. data)   RO Data    RW Data    ZI Data      Debug   Library Name

      7014        256        448          0         96       3444   c_w.l
      2988        192         16          0          0       3416   fz_wm.l
       698         62          0          0          0        996   m_wm.l

    ----------------------------------------------------------------------
     10726        512        464          0         96       7856   Library Totals

    ----------------------------------------------------------------------

==============================================================================


      Code (inc. data)   RO Data    RW Data    ZI Data      Debug   

     54834       2778        922       2780      12908    1005710   Grand Totals
     54834       2778        922        896      12908    1005710   ELF Image Totals (compressed)
     54834       2778        922        896          0          0   ROM Totals

==============================================================================

    Total RO  Size (Code + RO Data)                55756 (  54.45kB)
    Total RW  Size (RW Data + ZI Data)             15688 (  15.32kB)
    Total ROM Size (Code + RO Data + RW Data)      56652 (  55.32kB)

==============================================================================

