<html>
<body>
<pre>
<h1>µVision Build Log</h1>
<h2>Tool Versions:</h2>
IDE-Version: µVision V5.31.0.0
Copyright (C) 2020 ARM Ltd and ARM Germany GmbH. All rights reserved.
License Information: a anmh1205@gmail.com, b, LIC=D0D7S-L3MWT-456T5-G2U2M-B9KMA-Y4GD2
 
Tool Versions:
Toolchain:       MDK-ARM Plus  Version: 5.31.0.0
Toolchain Path:  C:\Keil_v5\ARM\ARMCC\Bin
C Compiler:      Armcc.exe V5.06 update 6 (build 750)
Assembler:       Armasm.exe V5.06 update 6 (build 750)
Linker/Locator:  ArmLink.exe V5.06 update 6 (build 750)
Library Manager: ArmAr.exe V5.06 update 6 (build 750)
Hex Converter:   FromElf.exe V5.06 update 6 (build 750)
CPU DLL:         SARMCM3.DLL V5.31.0.0
Dialog DLL:      DCM.DLL V1.17.3.0
Target DLL:      STLink\ST-LINKIII-KEIL_SWO.dll V3.0.7.0
Dialog DLL:      TCM.DLL V1.46.0.0
 
<h2>Project:</h2>
E:\1. Phenikaa University\AML\0. Project\7. MicroMouse_2024\1. MicroMouse Code\2. MicroMouse - STM32F407VGT6\PCB_V1\MDK-ARM\PCB_V1.uvprojx
Project File Date:  01/09/2025

<h2>Output:</h2>
*** Using Compiler 'V5.06 update 6 (build 750)', folder: 'C:\Keil_v5\ARM\ARMCC\Bin'
Build target 'PCB_V1'
compiling main.c...
../Core/Inc/main.h(58): warning:  #1295-D: Deprecated declaration Move - give arg types
  void Move();
../Core/Inc/KalmanFilter.h(25): warning:  #1-D: last line of file ends without a newline
  #endif
../Core/Inc/AML_Remote.h(17): warning:  #1-D: last line of file ends without a newline
  #endif // AML_REMOTE_H
../Core/Inc/AML_Parameter.h(62): warning:  #1-D: last line of file ends without a newline
  #endif // AML_Parameter_H
../Core/Inc/AML_LaserSensor.h(29): warning:  #1295-D: Deprecated declaration AML_LaserSensor_IsLeftWall - give arg types
  uint8_t AML_LaserSensor_IsLeftWall();
../Core/Inc/AML_LaserSensor.h(30): warning:  #1295-D: Deprecated declaration AML_LaserSensor_IsFrontWall - give arg types
  uint8_t AML_LaserSensor_IsFrontWall();
../Core/Inc/AML_LaserSensor.h(31): warning:  #1295-D: Deprecated declaration AML_LaserSensor_IsRightWall - give arg types
  uint8_t AML_LaserSensor_IsRightWall();
../Core/Inc/AML_LaserSensor.h(33): warning:  #1-D: last line of file ends without a newline
  #endif
../Core/Inc/AML_Encoder.h(13): warning:  #1-D: last line of file ends without a newline
  #endif // AML_ENCODER_H
../Core/Inc/AML_PID.h(38): warning:  #1-D: last line of file ends without a newline
  #endif // AML_PID_H
../Core/Inc/AML_MotorControl.h(62): warning:  #1-D: last line of file ends without a newline
  #endif // AML_MOTORCONTROL_H
../Core/Inc/AML_DebugDevice.h(29): warning:  #1295-D: Deprecated declaration AML_DebugDevice_ToggleAllLED - give arg types
  void AML_DebugDevice_ToggleAllLED();
../Core/Inc/AML_Remote.h(17): warning:  #1-D: last line of file ends without a newline
  #endif // AML_REMOTE_H
../Core/Inc/AML_Keyboard.h(18): warning:  #1-D: last line of file ends without a newline
  #endif // AML_KEYBOARD_H
../Core/Inc/solver.h(57): warning:  #1-D: last line of file ends without a newline
  #endif
../Core/Src/main.c(131): warning:  #1295-D: Deprecated declaration ShortestPath - give arg types
  void ShortestPath();
../Core/Src/main.c(132): warning:  #1295-D: Deprecated declaration RunMode - give arg types
  void RunMode();
../Core/Src/main.c(134): warning:  #1295-D: Deprecated declaration RunNewAlgorithm - give arg types
  void RunNewAlgorithm();
../Core/Src/main.c(766): warning:  #188-D: enumerated type mixed with another type
        AML_DebugDevice_TurnOnLED(i);
../Core/Src/main.c(790): warning:  #188-D: enumerated type mixed with another type
    AML_DebugDevice_TurnOnLED(0);
../Core/Src/main.c(808): warning:  #188-D: enumerated type mixed with another type
    AML_DebugDevice_TurnOnLED(1);
../Core/Src/main.c(948): warning:  #188-D: enumerated type mixed with another type
      AML_DebugDevice_TurnOnLED(ReadButton);
../Core/Src/main.c(950): warning:  #188-D: enumerated type mixed with another type
      AML_DebugDevice_TurnOffLED(ReadButton);
../Core/Src/main.c(1037): warning:  #188-D: enumerated type mixed with another type
      AML_DebugDevice_TurnOnLED(ReadButton);
../Core/Src/main.c(1039): warning:  #188-D: enumerated type mixed with another type
      AML_DebugDevice_TurnOffLED(ReadButton);
../Core/Src/main.c(1045): warning:  #188-D: enumerated type mixed with another type
      AML_DebugDevice_TurnOnLED(ReadButton);
../Core/Src/main.c(1047): warning:  #188-D: enumerated type mixed with another type
      AML_DebugDevice_TurnOffLED(ReadButton);
../Core/Src/main.c(1053): warning:  #188-D: enumerated type mixed with another type
      AML_DebugDevice_TurnOnLED(ReadButton);
../Core/Src/main.c(1055): warning:  #188-D: enumerated type mixed with another type
      AML_DebugDevice_TurnOffLED(ReadButton);
../Core/Src/main.c(1061): warning:  #188-D: enumerated type mixed with another type
      AML_DebugDevice_TurnOnLED(ReadButton);
../Core/Src/main.c(1063): warning:  #188-D: enumerated type mixed with another type
      AML_DebugDevice_TurnOffLED(ReadButton);
../Core/Src/main.c(1069): warning:  #188-D: enumerated type mixed with another type
      AML_DebugDevice_TurnOnLED(ReadButton);
../Core/Src/main.c(1071): warning:  #188-D: enumerated type mixed with another type
      AML_DebugDevice_TurnOffLED(ReadButton);
../Core/Src/main.c: 33 warnings, 0 errors
compiling solver.c...
../Core/Inc/solver.h(57): warning:  #1-D: last line of file ends without a newline
  #endif
../Core/Inc/queue.h(9): warning:  #1295-D: Deprecated declaration queue_create - give arg types
  queue queue_create();
../Core/Inc/queue.h(31): warning:  #1-D: last line of file ends without a newline
  #endif
../Core/Inc/AML_Parameter.h(62): warning:  #1-D: last line of file ends without a newline
  #endif // AML_Parameter_H
../Core/Inc/main.h(58): warning:  #1295-D: Deprecated declaration Move - give arg types
  void Move();
../Core/Inc/KalmanFilter.h(25): warning:  #1-D: last line of file ends without a newline
  #endif
../Core/Inc/AML_MotorControl.h(62): warning:  #1-D: last line of file ends without a newline
  #endif // AML_MOTORCONTROL_H
../Core/Inc/AML_DebugDevice.h(29): warning:  #1295-D: Deprecated declaration AML_DebugDevice_ToggleAllLED - give arg types
  void AML_DebugDevice_ToggleAllLED();
../Core/Inc/AML_Remote.h(17): warning:  #1-D: last line of file ends without a newline
  #endif // AML_REMOTE_H
../Core/Inc/AML_LaserSensor.h(29): warning:  #1295-D: Deprecated declaration AML_LaserSensor_IsLeftWall - give arg types
  uint8_t AML_LaserSensor_IsLeftWall();
../Core/Inc/AML_LaserSensor.h(30): warning:  #1295-D: Deprecated declaration AML_LaserSensor_IsFrontWall - give arg types
  uint8_t AML_LaserSensor_IsFrontWall();
../Core/Inc/AML_LaserSensor.h(31): warning:  #1295-D: Deprecated declaration AML_LaserSensor_IsRightWall - give arg types
  uint8_t AML_LaserSensor_IsRightWall();
../Core/Inc/AML_LaserSensor.h(33): warning:  #1-D: last line of file ends without a newline
  #endif
../Core/Inc/AML_Encoder.h(13): warning:  #1-D: last line of file ends without a newline
  #endif // AML_ENCODER_H
../Core/Inc/AML_PID.h(38): warning:  #1-D: last line of file ends without a newline
  #endif // AML_PID_H
../Core/Inc/AML_MotorControl.h(62): warning:  #1-D: last line of file ends without a newline
  #endif // AML_MOTORCONTROL_H
..\Core\Src\solver.c(43): warning:  #1295-D: Deprecated declaration initialize - give arg types
  void initialize();
..\Core\Src\solver.c(44): warning:  #1295-D: Deprecated declaration updateMaze - give arg types
  void updateMaze();
..\Core\Src\solver.c(47): warning:  #1295-D: Deprecated declaration updateDistances - give arg types
  void updateDistances();
..\Core\Src\solver.c(48): warning:  #1295-D: Deprecated declaration resetDistances - give arg types
  void resetDistances();
..\Core\Src\solver.c(53): warning:  #1295-D: Deprecated declaration solver - give arg types
  Action solver();
..\Core\Src\solver.c(54): warning:  #1295-D: Deprecated declaration fastRunSolver - give arg types
  Action fastRunSolver();
..\Core\Src\solver.c(55): warning:  #1295-D: Deprecated declaration floodFill - give arg types
  Action floodFill();
..\Core\Src\solver.c(58): warning:  #1295-D: Deprecated declaration fastRunWithVariableVelocity - give arg types
  void fastRunWithVariableVelocity();
..\Core\Src\solver.c(59): warning:  #1295-D: Deprecated declaration getReachingCenter - give arg types
  int getReachingCenter();
..\Core\Src\solver.c(219): warning:  #188-D: enumerated type mixed with another type
      heading = direction;
..\Core\Src\solver.c: 26 warnings, 0 errors
linking...
Program Size: Code=45034 RO-data=922 RW-data=2212 ZI-data=8036  
FromELF: creating hex file...
"PCB_V1\PCB_V1.axf" - 0 Error(s), 59 Warning(s).

<h2>Software Packages used:</h2>

Package Vendor: ARM
                http://www.keil.com/pack/ARM.CMSIS.5.7.0.pack
                ARM.CMSIS.5.7.0
                CMSIS (Cortex Microcontroller Software Interface Standard)
   * Component: CORE Version: 5.4.0

Package Vendor: Keil
                https://www.keil.com/pack/Keil.STM32F4xx_DFP.2.17.0.pack
                Keil.STM32F4xx_DFP.2.17.0
                STMicroelectronics STM32F4 Series Device Support, Drivers and Examples

<h2>Collection of Component include folders:</h2>
  .\RTE\_PCB_V1
  D:\ARM\CMSIS\5.7.0\CMSIS\Core\Include
  D:\Keil\STM32F4xx_DFP\2.17.0\Drivers\CMSIS\Device\ST\STM32F4xx\Include

<h2>Collection of Component Files used:</h2>

   * Component: ARM::CMSIS:CORE:5.4.0
Build Time Elapsed:  00:00:07
</pre>
</body>
</html>
