Component: ARM Compiler 5.06 update 6 (build 750) Tool: armlink [4d35ed]

==============================================================================

Section Cross References

    startup_stm32f407xx.o(STACK) refers (Special) to heapauxi.o(.text) for __use_two_region_memory
    startup_stm32f407xx.o(HEAP) refers (Special) to heapauxi.o(.text) for __use_two_region_memory
    startup_stm32f407xx.o(RESET) refers (Special) to heapauxi.o(.text) for __use_two_region_memory
    startup_stm32f407xx.o(RESET) refers to startup_stm32f407xx.o(STACK) for __initial_sp
    startup_stm32f407xx.o(RESET) refers to startup_stm32f407xx.o(.text) for Reset_Handler
    startup_stm32f407xx.o(RESET) refers to stm32f4xx_it.o(i.NMI_Handler) for NMI_Handler
    startup_stm32f407xx.o(RESET) refers to stm32f4xx_it.o(i.HardFault_Handler) for HardFault_Handler
    startup_stm32f407xx.o(RESET) refers to stm32f4xx_it.o(i.MemManage_Handler) for MemManage_Handler
    startup_stm32f407xx.o(RESET) refers to stm32f4xx_it.o(i.BusFault_Handler) for BusFault_Handler
    startup_stm32f407xx.o(RESET) refers to stm32f4xx_it.o(i.UsageFault_Handler) for UsageFault_Handler
    startup_stm32f407xx.o(RESET) refers to stm32f4xx_it.o(i.SVC_Handler) for SVC_Handler
    startup_stm32f407xx.o(RESET) refers to stm32f4xx_it.o(i.DebugMon_Handler) for DebugMon_Handler
    startup_stm32f407xx.o(RESET) refers to stm32f4xx_it.o(i.PendSV_Handler) for PendSV_Handler
    startup_stm32f407xx.o(RESET) refers to stm32f4xx_it.o(i.SysTick_Handler) for SysTick_Handler
    startup_stm32f407xx.o(RESET) refers to stm32f4xx_it.o(i.EXTI1_IRQHandler) for EXTI1_IRQHandler
    startup_stm32f407xx.o(RESET) refers to stm32f4xx_it.o(i.EXTI2_IRQHandler) for EXTI2_IRQHandler
    startup_stm32f407xx.o(RESET) refers to stm32f4xx_it.o(i.EXTI3_IRQHandler) for EXTI3_IRQHandler
    startup_stm32f407xx.o(RESET) refers to stm32f4xx_it.o(i.EXTI4_IRQHandler) for EXTI4_IRQHandler
    startup_stm32f407xx.o(RESET) refers to stm32f4xx_it.o(i.DMA1_Stream1_IRQHandler) for DMA1_Stream1_IRQHandler
    startup_stm32f407xx.o(RESET) refers to stm32f4xx_it.o(i.EXTI9_5_IRQHandler) for EXTI9_5_IRQHandler
    startup_stm32f407xx.o(RESET) refers to stm32f4xx_it.o(i.TIM1_BRK_TIM9_IRQHandler) for TIM1_BRK_TIM9_IRQHandler
    startup_stm32f407xx.o(RESET) refers to stm32f4xx_it.o(i.TIM1_UP_TIM10_IRQHandler) for TIM1_UP_TIM10_IRQHandler
    startup_stm32f407xx.o(.text) refers (Special) to heapauxi.o(.text) for __use_two_region_memory
    startup_stm32f407xx.o(.text) refers to system_stm32f4xx.o(i.SystemInit) for SystemInit
    startup_stm32f407xx.o(.text) refers to __main.o(!!!main) for __main
    startup_stm32f407xx.o(.text) refers to startup_stm32f407xx.o(HEAP) for Heap_Mem
    startup_stm32f407xx.o(.text) refers to startup_stm32f407xx.o(STACK) for Stack_Mem
    main.o(i.EncoderTest) refers to aml_motorcontrol.o(i.AML_MotorControl_TurnOnWallFollow) for AML_MotorControl_TurnOnWallFollow
    main.o(i.EncoderTest) refers to aml_encoder.o(i.AML_Encoder_GetLeftValue) for AML_Encoder_GetLeftValue
    main.o(i.EncoderTest) refers to aml_motorcontrol.o(i.AML_MotorControl_TurnOffWallFollow) for AML_MotorControl_TurnOffWallFollow
    main.o(i.EncoderTest) refers to aml_motorcontrol.o(i.AML_MotorControl_ShortBreak) for AML_MotorControl_ShortBreak
    main.o(i.EncoderTest) refers to aml_encoder.o(i.AML_Encoder_ResetLeftValue) for AML_Encoder_ResetLeftValue
    main.o(i.EncoderTest) refers to aml_debugdevice.o(i.AML_DebugDevice_BuzzerBeep) for AML_DebugDevice_BuzzerBeep
    main.o(i.EncoderTest) refers to stm32f4xx_hal.o(i.HAL_Delay) for HAL_Delay
    main.o(i.EncoderTest) refers to main.o(.data) for ReadButton
    main.o(i.MX_DMA_Init) refers to stm32f4xx_hal_cortex.o(i.HAL_NVIC_SetPriority) for HAL_NVIC_SetPriority
    main.o(i.MX_DMA_Init) refers to stm32f4xx_hal_cortex.o(i.HAL_NVIC_EnableIRQ) for HAL_NVIC_EnableIRQ
    main.o(i.MX_GPIO_Init) refers to rt_memclr_w.o(.text) for __aeabi_memclr4
    main.o(i.MX_GPIO_Init) refers to stm32f4xx_hal_gpio.o(i.HAL_GPIO_WritePin) for HAL_GPIO_WritePin
    main.o(i.MX_GPIO_Init) refers to stm32f4xx_hal_gpio.o(i.HAL_GPIO_Init) for HAL_GPIO_Init
    main.o(i.MX_GPIO_Init) refers to stm32f4xx_hal_cortex.o(i.HAL_NVIC_SetPriority) for HAL_NVIC_SetPriority
    main.o(i.MX_GPIO_Init) refers to stm32f4xx_hal_cortex.o(i.HAL_NVIC_EnableIRQ) for HAL_NVIC_EnableIRQ
    main.o(i.MX_I2C1_Init) refers to stm32f4xx_hal_i2c.o(i.HAL_I2C_Init) for HAL_I2C_Init
    main.o(i.MX_I2C1_Init) refers to main.o(i.Error_Handler) for Error_Handler
    main.o(i.MX_I2C1_Init) refers to main.o(.bss) for hi2c1
    main.o(i.MX_TIM10_Init) refers to stm32f4xx_hal_tim.o(i.HAL_TIM_Base_Init) for HAL_TIM_Base_Init
    main.o(i.MX_TIM10_Init) refers to main.o(i.Error_Handler) for Error_Handler
    main.o(i.MX_TIM10_Init) refers to main.o(.bss) for htim10
    main.o(i.MX_TIM1_Init) refers to rt_memclr_w.o(.text) for __aeabi_memclr4
[...]
    VL53L0X_calc_timeout_us                  0x08009d99   Thumb Code    54  vl53l0x_api_core.o(i.VL53L0X_calc_timeout_us)
    VL53L0X_decode_timeout                   0x08009dcf   Thumb Code    14  vl53l0x_api_core.o(i.VL53L0X_decode_timeout)
    VL53L0X_decode_vcsel_period              0x08009ddd   Thumb Code    12  vl53l0x_api_core.o(i.VL53L0X_decode_vcsel_period)
    VL53L0X_device_read_strobe               0x08009de9   Thumb Code    78  vl53l0x_api_core.o(i.VL53L0X_device_read_strobe)
    VL53L0X_encode_timeout                   0x08009e37   Thumb Code    40  vl53l0x_api_core.o(i.VL53L0X_encode_timeout)
    VL53L0X_encode_vcsel_period              0x08009e5f   Thumb Code    14  vl53l0x_api_core.o(i.VL53L0X_encode_vcsel_period)
    VL53L0X_get_info_from_device             0x08009e6d   Thumb Code  1354  vl53l0x_api_core.o(i.VL53L0X_get_info_from_device)
    VL53L0X_get_measurement_timing_budget_micro_seconds 0x0800a3b7   Thumb Code   238  vl53l0x_api_core.o(i.VL53L0X_get_measurement_timing_budget_micro_seconds)
    VL53L0X_get_offset_calibration_data_micro_meter 0x0800a4a5   Thumb Code    86  vl53l0x_api_calibration.o(i.VL53L0X_get_offset_calibration_data_micro_meter)
    VL53L0X_get_pal_range_status             0x0800a4fb   Thumb Code   564  vl53l0x_api_core.o(i.VL53L0X_get_pal_range_status)
    VL53L0X_get_total_signal_rate            0x0800a72f   Thumb Code    40  vl53l0x_api_core.o(i.VL53L0X_get_total_signal_rate)
    VL53L0X_get_total_xtalk_rate             0x0800a757   Thumb Code    58  vl53l0x_api_core.o(i.VL53L0X_get_total_xtalk_rate)
    VL53L0X_get_vcsel_pulse_period           0x0800a791   Thumb Code    70  vl53l0x_api_core.o(i.VL53L0X_get_vcsel_pulse_period)
    VL53L0X_isqrt                            0x0800a7d7   Thumb Code    44  vl53l0x_api_core.o(i.VL53L0X_isqrt)
    VL53L0X_load_tuning_settings             0x0800a803   Thumb Code   234  vl53l0x_api_core.o(i.VL53L0X_load_tuning_settings)
    VL53L0X_measurement_poll_for_completion  0x0800a8ed   Thumb Code    64  vl53l0x_api_core.o(i.VL53L0X_measurement_poll_for_completion)
    VL53L0X_perform_phase_calibration        0x0800a92d   Thumb Code   124  vl53l0x_api_calibration.o(i.VL53L0X_perform_phase_calibration)
    VL53L0X_perform_ref_calibration          0x0800a9a9   Thumb Code    76  vl53l0x_api_calibration.o(i.VL53L0X_perform_ref_calibration)
    VL53L0X_perform_ref_spad_management      0x0800a9f5   Thumb Code   658  vl53l0x_api_calibration.o(i.VL53L0X_perform_ref_spad_management)
    VL53L0X_perform_single_ref_calibration   0x0800ac87   Thumb Code    64  vl53l0x_api_calibration.o(i.VL53L0X_perform_single_ref_calibration)
    VL53L0X_perform_vhv_calibration          0x0800acc7   Thumb Code   126  vl53l0x_api_calibration.o(i.VL53L0X_perform_vhv_calibration)
    VL53L0X_ref_calibration_io               0x0800ad45   Thumb Code   176  vl53l0x_api_calibration.o(i.VL53L0X_ref_calibration_io)
    VL53L0X_set_measurement_timing_budget_micro_seconds 0x0800adf5   Thumb Code   296  vl53l0x_api_core.o(i.VL53L0X_set_measurement_timing_budget_micro_seconds)
    VL53L0X_set_reference_spads              0x0800af1d   Thumb Code   194  vl53l0x_api_calibration.o(i.VL53L0X_set_reference_spads)
    VL53L0X_set_vcsel_pulse_period           0x0800afdf   Thumb Code   766  vl53l0x_api_core.o(i.VL53L0X_set_vcsel_pulse_period)
    _I2CRead                                 0x0800b2dd   Thumb Code    46  vl53l0x_platform.o(i._I2CRead)
    _I2CWrite                                0x0800b30b   Thumb Code    42  vl53l0x_platform.o(i._I2CWrite)
    __hardfp___mathlib_tofloat               0x0800b371   Thumb Code   232  narrow.o(i.__hardfp___mathlib_tofloat)
    __hardfp_ldexp                           0x0800b469   Thumb Code   200  ldexp.o(i.__hardfp_ldexp)
    __mathlib_dbl_overflow                   0x0800b539   Thumb Code    24  dunder.o(i.__mathlib_dbl_overflow)
    __mathlib_dbl_underflow                  0x0800b559   Thumb Code    24  dunder.o(i.__mathlib_dbl_underflow)
    __mathlib_narrow                         0x0800b579   Thumb Code    18  narrow.o(i.__mathlib_narrow)
    __support_ldexp                          0x0800b58b   Thumb Code    20  ldexp.o(i.__support_ldexp)
    _is_digit                                0x0800b59f   Thumb Code    14  scanf_fp.o(i._is_digit)
    calculateShortestPathDistances           0x0800b5ad   Thumb Code   414  solver.o(i.calculateShortestPathDistances)
    enable_ref_spads                         0x0800b755   Thumb Code   172  vl53l0x_api_calibration.o(i.enable_ref_spads)
    enable_spad_bit                          0x0800b801   Thumb Code    50  vl53l0x_api_calibration.o(i.enable_spad_bit)
    fastRunSolver                            0x0800b833   Thumb Code    24  solver.o(i.fastRunSolver)
    fastRunWithVariableVelocity              0x0800b84d   Thumb Code   152  solver.o(i.fastRunWithVariableVelocity)
    floodFill                                0x0800b8f1   Thumb Code  1220  solver.o(i.floodFill)
    frexp                                    0x0800bdc1   Thumb Code   118  frexp.o(i.frexp)
    getReachingCenter                        0x0800be4d   Thumb Code   110  solver.o(i.getReachingCenter)
    get_next_good_spad                       0x0800becd   Thumb Code   104  vl53l0x_api_calibration.o(i.get_next_good_spad)
    get_ref_spad_map                         0x0800bf35   Thumb Code    24  vl53l0x_api_calibration.o(i.get_ref_spad_map)
    get_sequence_step_timeout                0x0800bf4d   Thumb Code   290  vl53l0x_api_core.o(i.get_sequence_step_timeout)
    handle                                   0x0800c071   Thumb Code    44  aml_mpusensor.o(i.handle)
    initialize                               0x0800c0a9   Thumb Code   108  solver.o(i.initialize)
    isWallInDirection                        0x0800c11d   Thumb Code   104  solver.o(i.isWallInDirection)
    is_aperture                              0x0800c189   Thumb Code    18  vl53l0x_api_calibration.o(i.is_aperture)
    main                                     0x0800c1a1   Thumb Code   274  main.o(i.main)
    markCenterWall                           0x0800c2c9   Thumb Code   338  solver.o(i.markCenterWall)
    moveForwardWithVariableVelocity          0x0800c429   Thumb Code    24  solver.o(i.moveForwardWithVariableVelocity)
    perform_ref_signal_measurement           0x0800c441   Thumb Code   110  vl53l0x_api_calibration.o(i.perform_ref_signal_measurement)
    queue_is_empty                           0x0800c4b1   Thumb Code    16  queue.o(i.queue_is_empty)
    queue_pop                                0x0800c4c5   Thumb Code    68  queue.o(i.queue_pop)
    queue_push                               0x0800c50d   Thumb Code    70  queue.o(i.queue_push)
    queue_reset                              0x0800c559   Thumb Code    36  queue.o(i.queue_reset)
    resetDistances                           0x0800c581   Thumb Code    74  solver.o(i.resetDistances)
    resetWallMaze                            0x0800c5d5   Thumb Code    56  solver.o(i.resetWallMaze)
    searchCenterToStart                      0x0800c611   Thumb Code   100  solver.o(i.searchCenterToStart)
    searchRun                                0x0800c679   Thumb Code    64  solver.o(i.searchRun)
    sequence_step_enabled                    0x0800c6b9   Thumb Code    72  vl53l0x_api.o(i.sequence_step_enabled)
    setPosition                              0x0800c701   Thumb Code    14  solver.o(i.setPosition)
    setPriorityHeading                       0x0800c719   Thumb Code     6  solver.o(i.setPriorityHeading)
    set_ref_spad_map                         0x0800c725   Thumb Code    24  vl53l0x_api_calibration.o(i.set_ref_spad_map)
    set_sequence_step_timeout                0x0800c73d   Thumb Code   314  vl53l0x_api_core.o(i.set_sequence_step_timeout)
    solver                                   0x0800c877   Thumb Code    32  solver.o(i.solver)
    squareToCoord                            0x0800c897   Thumb Code    40  solver.o(i.squareToCoord)
    updateDistances                          0x0800c8c1   Thumb Code   350  solver.o(i.updateDistances)
    updateHeading                            0x0800ca25   Thumb Code   132  solver.o(i.updateHeading)
    updateMaze                               0x0800caad   Thumb Code   536  solver.o(i.updateMaze)
    updatePosition                           0x0800ccd1   Thumb Code    82  solver.o(i.updatePosition)
    xyToSquare                               0x0800cd2d   Thumb Code    10  solver.o(i.xyToSquare)
    _get_lc_numeric                          0x0800cd39   Thumb Code    44  lc_numeric_c.o(locale$$code)
    _get_lc_ctype                            0x0800cd65   Thumb Code    44  lc_ctype_c.o(locale$$code)
    __aeabi_dneg                             0x0800cd91   Thumb Code     0  basic.o(x$fpl$basic)
    _dneg                                    0x0800cd91   Thumb Code     6  basic.o(x$fpl$basic)
    __aeabi_fneg                             0x0800cd97   Thumb Code     0  basic.o(x$fpl$basic)
    _fneg                                    0x0800cd97   Thumb Code     6  basic.o(x$fpl$basic)
    _dabs                                    0x0800cd9d   Thumb Code     6  basic.o(x$fpl$basic)
    _fabs                                    0x0800cda3   Thumb Code     6  basic.o(x$fpl$basic)
    __aeabi_d2f                              0x0800cda9   Thumb Code     0  d2f.o(x$fpl$d2f)
    _d2f                                     0x0800cda9   Thumb Code    98  d2f.o(x$fpl$d2f)
    __aeabi_dadd                             0x0800ce0d   Thumb Code     0  daddsub_clz.o(x$fpl$dadd)
    _dadd                                    0x0800ce0d   Thumb Code   332  daddsub_clz.o(x$fpl$dadd)
    __fpl_dcheck_NaN1                        0x0800cf5d   Thumb Code    10  dcheck1.o(x$fpl$dcheck1)
    __fpl_dcmp_Inf                           0x0800cf6d   Thumb Code    24  dcmpi.o(x$fpl$dcmpinf)
    __aeabi_ddiv                             0x0800cf85   Thumb Code     0  ddiv.o(x$fpl$ddiv)
    _ddiv                                    0x0800cf85   Thumb Code   552  ddiv.o(x$fpl$ddiv)
    __aeabi_cdcmpeq                          0x0800d235   Thumb Code     0  deqf.o(x$fpl$deqf)
    _dcmpeq                                  0x0800d235   Thumb Code   120  deqf.o(x$fpl$deqf)
    __aeabi_d2iz                             0x0800d2ad   Thumb Code     0  dfix.o(x$fpl$dfix)
    _dfix                                    0x0800d2ad   Thumb Code    94  dfix.o(x$fpl$dfix)
    __aeabi_d2uiz                            0x0800d30d   Thumb Code     0  dfixu.o(x$fpl$dfixu)
    _dfixu                                   0x0800d30d   Thumb Code    90  dfixu.o(x$fpl$dfixu)
    __aeabi_i2d                              0x0800d367   Thumb Code     0  dflt_clz.o(x$fpl$dflt)
    _dflt                                    0x0800d367   Thumb Code    46  dflt_clz.o(x$fpl$dflt)
    __aeabi_ui2d                             0x0800d395   Thumb Code     0  dflt_clz.o(x$fpl$dfltu)
    _dfltu                                   0x0800d395   Thumb Code    38  dflt_clz.o(x$fpl$dfltu)
    __aeabi_cdcmple                          0x0800d3bd   Thumb Code     0  dleqf.o(x$fpl$dleqf)
    _dcmple                                  0x0800d3bd   Thumb Code   120  dleqf.o(x$fpl$dleqf)
    __fpl_dcmple_InfNaN                      0x0800d41f   Thumb Code     0  dleqf.o(x$fpl$dleqf)
    __aeabi_dmul                             0x0800d435   Thumb Code     0  dmul.o(x$fpl$dmul)
    _dmul                                    0x0800d435   Thumb Code   332  dmul.o(x$fpl$dmul)
    __fpl_dnaninf                            0x0800d589   Thumb Code   156  dnaninf.o(x$fpl$dnaninf)
    __fpl_dretinf                            0x0800d625   Thumb Code    12  dretinf.o(x$fpl$dretinf)
    __aeabi_cdrcmple                         0x0800d631   Thumb Code     0  drleqf.o(x$fpl$drleqf)
    _drcmple                                 0x0800d631   Thumb Code   108  drleqf.o(x$fpl$drleqf)
    __aeabi_drsub                            0x0800d69d   Thumb Code     0  daddsub_clz.o(x$fpl$drsb)
    _drsb                                    0x0800d69d   Thumb Code    22  daddsub_clz.o(x$fpl$drsb)
    __aeabi_dsub                             0x0800d6b5   Thumb Code     0  daddsub_clz.o(x$fpl$dsub)
    _dsub                                    0x0800d6b5   Thumb Code   464  daddsub_clz.o(x$fpl$dsub)
    _fp_init                                 0x0800d889   Thumb Code    10  fpinit.o(x$fpl$fpinit)
    __fplib_config_fpu_vfp                   0x0800d891   Thumb Code     0  fpinit.o(x$fpl$fpinit)
    __fplib_config_pureend_doubles           0x0800d891   Thumb Code     0  fpinit.o(x$fpl$fpinit)
    __fpl_fretinf                            0x0800d893   Thumb Code    10  fretinf.o(x$fpl$fretinf)
    __ieee_status                            0x0800d89d   Thumb Code     6  istatus.o(x$fpl$ieeestatus)
    __fpl_return_NaN                         0x0800d8a3   Thumb Code   100  retnan.o(x$fpl$retnan)
    __ARM_scalbn                             0x0800d907   Thumb Code    92  scalbn.o(x$fpl$scalbn)
    _scanf_real                              0x0800d963   Thumb Code     4  scanf1.o(x$fpl$scanf1)
    _scanf_hex_real                          0x0800d967   Thumb Code     4  scanf2.o(x$fpl$scanf2)
    _scanf_infnan                            0x0800d96b   Thumb Code     4  scanf2.o(x$fpl$scanf2)
    __fpl_cmpreturn                          0x0800d96f   Thumb Code    48  trapv.o(x$fpl$trapveneer)
    __I$use$fp                               0x0800d99e   Number         0  usenofp.o(x$fpl$usenofp)
    AHBPrescTable                            0x0800d9a6   Data          16  system_stm32f4xx.o(.constdata)
    APBPrescTable                            0x0800d9b6   Data           8  system_stm32f4xx.o(.constdata)
    Region$$Table$$Base                      0x0800da54   Number         0  anon$$obj.o(Region$$Table)
    Region$$Table$$Limit                     0x0800da74   Number         0  anon$$obj.o(Region$$Table)
    __aeabi_HUGE_VAL                         0x0800da74   Data           0  fpconst.o(c$$dinf)
    __aeabi_HUGE_VALL                        0x0800da74   Data           0  fpconst.o(c$$dinf)
    __aeabi_INFINITY                         0x0800da74   Data           0  fpconst.o(c$$dinf)
    __dInf                                   0x0800da74   Data           0  fpconst.o(c$$dinf)
    __huge_val                               0x0800da74   Data           0  fpconst.o(c$$dinf)
    __dbl_max                                0x0800da7c   Data           0  fpconst.o(c$$dmax)
    __ctype                                  0x0800daad   Data           0  lc_ctype_c.o(locale$$data)
    ButtonPressed                            0x20000000   Data           1  main.o(.data)
    checkWorking                             0x20000001   Data           3  main.o(.data)
    ReadButton                               0x20000004   Data           1  main.o(.data)
    RemarkAfterTurnMode                      0x20000005   Data           1  main.o(.data)
    RemarkWallMode                           0x20000006   Data           1  main.o(.data)
    RemarkAfterBackwardMode                  0x20000007   Data           1  main.o(.data)
    CalibBeforeTurn                          0x20000008   Data           1  main.o(.data)
    CalibAfterTurn                           0x20000009   Data           1  main.o(.data)
    testAngle                                0x20000010   Data           8  main.o(.data)
    LeftSpeed                                0x20000018   Data           8  main.o(.data)
    RightSpeed                               0x20000020   Data           8  main.o(.data)
    delay                                    0x20000028   Data           4  main.o(.data)
    Led                                      0x2000002c   Data          16  aml_debugdevice.o(.data)
    LedIndex                                 0x2000003c   Data           1  aml_debugdevice.o(.data)
    LedIndexFlag                             0x2000003d   Data           1  aml_debugdevice.o(.data)
    MidIndex                                 0x2000003e   Data           1  aml_debugdevice.o(.data)
    Button                                   0x20000040   Data          10  aml_keyboard.o(.data)
    LaserSensorAddress                       0x2000004c   Data           5  aml_lasersensor.o(.data)
    refSpadCount                             0x20000054   Data           4  aml_lasersensor.o(.data)
    isApertureSpads                          0x20000058   Data           1  aml_lasersensor.o(.data)
    VhvSettings                              0x20000059   Data           1  aml_lasersensor.o(.data)
    PhaseCal                                 0x2000005a   Data           1  aml_lasersensor.o(.data)
    MouseSpeed                               0x20000060   Data           4  aml_motorcontrol.o(.data)
    FinishFlag                               0x20000064   Data           1  aml_motorcontrol.o(.data)
    TurnFlag                                 0x20000065   Data           1  aml_motorcontrol.o(.data)
    PreviousBL                               0x20000066   Data           2  aml_motorcontrol.o(.data)
    PreviousBR                               0x20000068   Data           2  aml_motorcontrol.o(.data)
    SetpointAngle                            0x20000070   Data           8  aml_motorcontrol.o(.data)
    TempSetpoint                             0x20000078   Data           8  aml_motorcontrol.o(.data)
    direction                                0x20000080   Data           1  aml_motorcontrol.o(.data)
    Input_Left                               0x20000088   Data           8  aml_motorcontrol.o(.data)
    Output_Left                              0x20000090   Data           8  aml_motorcontrol.o(.data)
    Setpoint_Left                            0x20000098   Data           8  aml_motorcontrol.o(.data)
    Input_Right                              0x200000a0   Data           8  aml_motorcontrol.o(.data)
    Output_Right                             0x200000a8   Data           8  aml_motorcontrol.o(.data)
    Setpoint_Right                           0x200000b0   Data           8  aml_motorcontrol.o(.data)
    Speed_Kp_Left                            0x200000b8   Data           8  aml_motorcontrol.o(.data)
    Speed_Ki_Left                            0x200000c0   Data           8  aml_motorcontrol.o(.data)
    Speed_Kd_Left                            0x200000c8   Data           8  aml_motorcontrol.o(.data)
    PreviouseLeftEncoderValue                0x200000d0   Data           8  aml_motorcontrol.o(.data)
    Speed_Kp_Right                           0x200000d8   Data           8  aml_motorcontrol.o(.data)
    Speed_Ki_Right                           0x200000e0   Data           8  aml_motorcontrol.o(.data)
    Speed_Kd_Right                           0x200000e8   Data           8  aml_motorcontrol.o(.data)
    PreviouseRightEncoderValue               0x200000f0   Data           8  aml_motorcontrol.o(.data)
    Position_Kp                              0x200000f8   Data           8  aml_motorcontrol.o(.data)
    Position_Ki                              0x20000100   Data           8  aml_motorcontrol.o(.data)
    Position_Kd                              0x20000108   Data           8  aml_motorcontrol.o(.data)
    SetpointDistance                         0x20000110   Data           8  aml_motorcontrol.o(.data)
    LeftWallDistance                         0x20000118   Data           8  aml_motorcontrol.o(.data)
    LeftWallFollow_Kp                        0x20000120   Data           8  aml_motorcontrol.o(.data)
    LeftWallFollow_Ki                        0x20000128   Data           8  aml_motorcontrol.o(.data)
    LeftWallFollow_Kd                        0x20000130   Data           8  aml_motorcontrol.o(.data)
    RightWallDistance                        0x20000138   Data           8  aml_motorcontrol.o(.data)
    RightWallFollow_Kp                       0x20000140   Data           8  aml_motorcontrol.o(.data)
    RightWallFollow_Ki                       0x20000148   Data           8  aml_motorcontrol.o(.data)
    RightWallFollow_Kd                       0x20000150   Data           8  aml_motorcontrol.o(.data)
    Input_MPUFollow                          0x20000158   Data           8  aml_motorcontrol.o(.data)
    Output_MPUFollow                         0x20000160   Data           8  aml_motorcontrol.o(.data)
    Setpoint_MPUFollow                       0x20000168   Data           8  aml_motorcontrol.o(.data)
    MPUFollow_Kp                             0x20000170   Data           8  aml_motorcontrol.o(.data)
    MPUFollow_Ki                             0x20000178   Data           8  aml_motorcontrol.o(.data)
    MPUFollow_Kd                             0x20000180   Data           8  aml_motorcontrol.o(.data)
    MinRotateSpeed                           0x20000188   Data           8  aml_motorcontrol.o(.data)
    MaxRotateSpeed                           0x20000190   Data           8  aml_motorcontrol.o(.data)
    TurnLeftAngle                            0x20000198   Data           8  aml_motorcontrol.o(.data)
    TurnRightAngle                           0x200001a0   Data           8  aml_motorcontrol.o(.data)
    BackwardLeftAngle                        0x200001a8   Data           8  aml_motorcontrol.o(.data)
    BackwardRightAngle                       0x200001b0   Data           8  aml_motorcontrol.o(.data)
    Input_TurnLeft                           0x200001b8   Data           8  aml_motorcontrol.o(.data)
    Output_TurnLeft                          0x200001c0   Data           8  aml_motorcontrol.o(.data)
    Setpoint_TurnLeft                        0x200001c8   Data           8  aml_motorcontrol.o(.data)
    TurnLeft_Kp                              0x200001d0   Data           8  aml_motorcontrol.o(.data)
    TurnLeft_Ki                              0x200001d8   Data           8  aml_motorcontrol.o(.data)
    TurnLeft_Kd                              0x200001e0   Data           8  aml_motorcontrol.o(.data)
    Input_TurnRight                          0x200001e8   Data           8  aml_motorcontrol.o(.data)
    Output_TurnRight                         0x200001f0   Data           8  aml_motorcontrol.o(.data)
    Setpoint_TurnRight                       0x200001f8   Data           8  aml_motorcontrol.o(.data)
    TurnRight_Kp                             0x20000200   Data           8  aml_motorcontrol.o(.data)
    TurnRight_Ki                             0x20000208   Data           8  aml_motorcontrol.o(.data)
    TurnRight_Kd                             0x20000210   Data           8  aml_motorcontrol.o(.data)
    AML_PID_TurnLeft                         0x20000218   Data         128  aml_motorcontrol.o(.data)
    AML_PID_TurnRight                        0x20000298   Data         128  aml_motorcontrol.o(.data)
    PID_LeftMotor                            0x20000318   Data         128  aml_motorcontrol.o(.data)
    MinLeftWallDistance                      0x20000398   Data           4  aml_motorcontrol.o(.data)
    MaxLeftWallDistance                      0x2000039c   Data           2  aml_motorcontrol.o(.data)
    MinRightWallDistance                     0x200003a0   Data           4  aml_motorcontrol.o(.data)
    MaxRightWallDistance                     0x200003a4   Data           2  aml_motorcontrol.o(.data)
    MinFrontWallDistance                     0x200003a6   Data           2  aml_motorcontrol.o(.data)
    OutputMin                                0x200003a8   Data           8  aml_motorcontrol.o(.data)
    OutputMax                                0x200003b0   Data           8  aml_motorcontrol.o(.data)
    ResetMPUFlag                             0x200003b8   Data           1  aml_motorcontrol.o(.data)
    ResetCommand                             0x200003c0   Data           3  aml_mpusensor.o(.data)
    buffer                                   0x200003c3   Data           1  aml_mpusensor.o(.data)
    Angle                                    0x200003c8   Data           8  aml_mpusensor.o(.data)
    PreviousAngle                            0x200003d0   Data           8  aml_mpusensor.o(.data)
    SaveAngle                                0x200003d8   Data           8  aml_mpusensor.o(.data)
    error                                    0x200003e0   Data           1  aml_mpusensor.o(.data)
    RemoteBuffer                             0x200003e8   Data           1  aml_remote.o(.data)
    RemoteIndex                              0x200003e9   Data           1  aml_remote.o(.data)
    ErrorString                              0x200003ea   Data           2  aml_remote.o(.data)
    SuccessString                            0x200003ec   Data           2  aml_remote.o(.data)
    ki                                       0x200003f0   Data           8  aml_remote.o(.data)
    kp                                       0x200003f8   Data           8  aml_remote.o(.data)
    kd                                       0x20000400   Data           8  aml_remote.o(.data)
    DefaultTuningSettings                    0x20000408   Data         243  vl53l0x_api.o(.data)
    InterruptThresholdSettings               0x200004fb   Data         438  vl53l0x_api.o(.data)
    refArrayQuadrants                        0x200006b4   Data          16  vl53l0x_api_calibration.o(.data)
    distances                                0x200006c4   Data        1024  solver.o(.data)
    priorityHeading                          0x20000ac4   Data           4  solver.o(.data)
    position                                 0x20000ac8   Data           8  solver.o(.data)
    heading                                  0x20000ad0   Data           1  solver.o(.data)
    reached_center                           0x20000ad1   Data           1  solver.o(.data)
    change_index                             0x20000ad2   Data           1  solver.o(.data)
    uwTick                                   0x20000ad4   Data           4  stm32f4xx_hal.o(.data)
    uwTickPrio                               0x20000ad8   Data           4  stm32f4xx_hal.o(.data)
    uwTickFreq                               0x20000adc   Data           1  stm32f4xx_hal.o(.data)
    SystemCoreClock                          0x20000ae0   Data           4  system_stm32f4xx.o(.data)
    hi2c1                                    0x20000ae4   Data          84  main.o(.bss)
    htim1                                    0x20000b38   Data          72  main.o(.bss)
    htim2                                    0x20000b80   Data          72  main.o(.bss)
    htim4                                    0x20000bc8   Data          72  main.o(.bss)
    htim9                                    0x20000c10   Data          72  main.o(.bss)
    htim10                                   0x20000c58   Data          72  main.o(.bss)
    huart3                                   0x20000ca0   Data          68  main.o(.bss)
    huart6                                   0x20000ce4   Data          68  main.o(.bss)
    hdma_usart3_rx                           0x20000d28   Data          96  main.o(.bss)
    debug                                    0x20000d88   Data         200  main.o(.bss)
    KalmanFilter                             0x20000e50   Data         120  aml_lasersensor.o(.bss)
    SensorValue                              0x20000ec8   Data         196  aml_lasersensor.o(.bss)
    Dev_Val                                  0x20000f8c   Data        2744  aml_lasersensor.o(.bss)
    Laser                                    0x20001a44   Data          28  aml_lasersensor.o(.bss)
    PID_SpeedLeft                            0x20001a60   Data         112  aml_motorcontrol.o(.bss)
    PID_SpeedRight                           0x20001ad0   Data         112  aml_motorcontrol.o(.bss)
    PID_PositionLeft                         0x20001b40   Data         112  aml_motorcontrol.o(.bss)
    PID_PositionRight                        0x20001bb0   Data         112  aml_motorcontrol.o(.bss)
    PID_LeftWallFollow                       0x20001c20   Data         112  aml_motorcontrol.o(.bss)
    PID_RightWallFollow                      0x20001c90   Data         112  aml_motorcontrol.o(.bss)
    PID_MPUFollow                            0x20001d00   Data         112  aml_motorcontrol.o(.bss)
    PID_TurnLeft                             0x20001d70   Data         112  aml_motorcontrol.o(.bss)
    PID_TurnRight                            0x20001de0   Data         112  aml_motorcontrol.o(.bss)
    MPUData                                  0x20001e50   Data          36  aml_mpusensor.o(.bss)
    RemoteData                               0x20001e74   Data          48  aml_remote.o(.bss)
    _I2CBuffer                               0x20001ea4   Data          64  vl53l0x_platform.o(.bss)
    squares_queue                            0x20001ee4   Data        1036  queue.o(.bss)
    visited                                  0x200022f0   Data        1024  solver.o(.bss)
    wall_maze                                0x200026f0   Data        4096  solver.o(.bss)
    __libspace_start                         0x200036f0   Data          96  libspace.o(.bss)
    __temporary_stack_top$libspace           0x20003750   Data           0  libspace.o(.bss)



==============================================================================

Memory Map of the image

  Image Entry point : 0x08000189

  Load Region LR_IROM1 (Base: 0x08000000, Size: 0x0000e694, Max: 0x00080000, ABSOLUTE, COMPRESSED[0x0000df34])

    Execution Region ER_IROM1 (Exec base: 0x08000000, Load base: 0x08000000, Size: 0x0000dbb0, Max: 0x00080000, ABSOLUTE)

    Exec Addr    Load Addr    Size         Type   Attr      Idx    E Section Name        Object

    0x08000000   0x08000000   0x00000188   Data   RO            3    RESET               startup_stm32f407xx.o
    0x08000188   0x08000188   0x00000008   Code   RO         5926  * !!!main             c_w.l(__main.o)
    0x08000190   0x08000190   0x00000034   Code   RO         6274    !!!scatter          c_w.l(__scatter.o)
    0x080001c4   0x080001c4   0x0000005a   Code   RO         6272    !!dczerorl2         c_w.l(__dczerorl2.o)
    0x0800021e   0x0800021e   0x00000002   PAD
    0x08000220   0x08000220   0x0000001c   Code   RO         6276    !!handler_zi        c_w.l(__scatter_zi.o)
    0x0800023c   0x0800023c   0x00000002   Code   RO         6089    .ARM.Collect$$libinit$$00000000  c_w.l(libinit.o)
    0x0800023e   0x0800023e   0x00000004   Code   RO         6090    .ARM.Collect$$libinit$$00000001  c_w.l(libinit2.o)
    0x08000242   0x08000242   0x00000000   Code   RO         6093    .ARM.Collect$$libinit$$00000004  c_w.l(libinit2.o)
    0x08000242   0x08000242   0x00000000   Code   RO         6096    .ARM.Collect$$libinit$$0000000A  c_w.l(libinit2.o)
    0x08000242   0x08000242   0x00000000   Code   RO         6098    .ARM.Collect$$libinit$$0000000C  c_w.l(libinit2.o)
    0x08000242   0x08000242   0x00000000   Code   RO         6100    .ARM.Collect$$libinit$$0000000E  c_w.l(libinit2.o)
    0x08000242   0x08000242   0x00000006   Code   RO         6101    .ARM.Collect$$libinit$$0000000F  c_w.l(libinit2.o)
    0x08000248   0x08000248   0x00000000   Code   RO         6103    .ARM.Collect$$libinit$$00000011  c_w.l(libinit2.o)
    0x08000248   0x08000248   0x0000000c   Code   RO         6104    .ARM.Collect$$libinit$$00000012  c_w.l(libinit2.o)
    0x08000254   0x08000254   0x00000000   Code   RO         6105    .ARM.Collect$$libinit$$00000013  c_w.l(libinit2.o)
    0x08000254   0x08000254   0x00000000   Code   RO         6107    .ARM.Collect$$libinit$$00000015  c_w.l(libinit2.o)
    0x08000254   0x08000254   0x0000000a   Code   RO         6108    .ARM.Collect$$libinit$$00000016  c_w.l(libinit2.o)
    0x0800025e   0x0800025e   0x00000000   Code   RO         6109    .ARM.Collect$$libinit$$00000017  c_w.l(libinit2.o)
    0x0800025e   0x0800025e   0x00000000   Code   RO         6111    .ARM.Collect$$libinit$$00000019  c_w.l(libinit2.o)
    0x0800025e   0x0800025e   0x00000000   Code   RO         6113    .ARM.Collect$$libinit$$0000001B  c_w.l(libinit2.o)
    0x0800025e   0x0800025e   0x00000000   Code   RO         6115    .ARM.Collect$$libinit$$0000001D  c_w.l(libinit2.o)
    0x0800025e   0x0800025e   0x00000000   Code   RO         6117    .ARM.Collect$$libinit$$0000001F  c_w.l(libinit2.o)
    0x0800025e   0x0800025e   0x00000000   Code   RO         6119    .ARM.Collect$$libinit$$00000021  c_w.l(libinit2.o)
    0x0800025e   0x0800025e   0x00000000   Code   RO         6121    .ARM.Collect$$libinit$$00000023  c_w.l(libinit2.o)
    0x0800025e   0x0800025e   0x00000000   Code   RO         6123    .ARM.Collect$$libinit$$00000025  c_w.l(libinit2.o)
    0x0800025e   0x0800025e   0x00000000   Code   RO         6127    .ARM.Collect$$libinit$$0000002C  c_w.l(libinit2.o)
    0x0800025e   0x0800025e   0x00000000   Code   RO         6129    .ARM.Collect$$libinit$$0000002E  c_w.l(libinit2.o)
    0x0800025e   0x0800025e   0x00000000   Code   RO         6131    .ARM.Collect$$libinit$$00000030  c_w.l(libinit2.o)
    0x0800025e   0x0800025e   0x00000000   Code   RO         6133    .ARM.Collect$$libinit$$00000032  c_w.l(libinit2.o)
    0x0800025e   0x0800025e   0x00000002   Code   RO         6134    .ARM.Collect$$libinit$$00000033  c_w.l(libinit2.o)
    0x08000260   0x08000260   0x00000002   Code   RO         6231    .ARM.Collect$$libshutdown$$00000000  c_w.l(libshutdown.o)
    0x08000262   0x08000262   0x00000000   Code   RO         6251    .ARM.Collect$$libshutdown$$00000002  c_w.l(libshutdown2.o)
    0x08000262   0x08000262   0x00000000   Code   RO         6253    .ARM.Collect$$libshutdown$$00000004  c_w.l(libshutdown2.o)
    0x08000262   0x08000262   0x00000000   Code   RO         6256    .ARM.Collect$$libshutdown$$00000007  c_w.l(libshutdown2.o)
    0x08000262   0x08000262   0x00000000   Code   RO         6259    .ARM.Collect$$libshutdown$$0000000A  c_w.l(libshutdown2.o)
    0x08000262   0x08000262   0x00000000   Code   RO         6261    .ARM.Collect$$libshutdown$$0000000C  c_w.l(libshutdown2.o)
    0x08000262   0x08000262   0x00000000   Code   RO         6264    .ARM.Collect$$libshutdown$$0000000F  c_w.l(libshutdown2.o)
    0x08000262   0x08000262   0x00000002   Code   RO         6265    .ARM.Collect$$libshutdown$$00000010  c_w.l(libshutdown2.o)
    0x08000264   0x08000264   0x00000000   Code   RO         5964    .ARM.Collect$$rtentry$$00000000  c_w.l(__rtentry.o)
    0x08000264   0x08000264   0x00000000   Code   RO         5985    .ARM.Collect$$rtentry$$00000002  c_w.l(__rtentry2.o)
    0x08000264   0x08000264   0x00000006   Code   RO         5997    .ARM.Collect$$rtentry$$00000004  c_w.l(__rtentry4.o)
    0x0800026a   0x0800026a   0x00000000   Code   RO         5987    .ARM.Collect$$rtentry$$00000009  c_w.l(__rtentry2.o)
    0x0800026a   0x0800026a   0x00000004   Code   RO         5988    .ARM.Collect$$rtentry$$0000000A  c_w.l(__rtentry2.o)
    0x0800026e   0x0800026e   0x00000000   Code   RO         5990    .ARM.Collect$$rtentry$$0000000C  c_w.l(__rtentry2.o)
    0x0800026e   0x0800026e   0x00000008   Code   RO         5991    .ARM.Collect$$rtentry$$0000000D  c_w.l(__rtentry2.o)
    0x08000276   0x08000276   0x00000002   Code   RO         6143    .ARM.Collect$$rtexit$$00000000  c_w.l(rtexit.o)
    0x08000278   0x08000278   0x00000000   Code   RO         6183    .ARM.Collect$$rtexit$$00000002  c_w.l(rtexit2.o)
    0x08000278   0x08000278   0x00000004   Code   RO         6184    .ARM.Collect$$rtexit$$00000003  c_w.l(rtexit2.o)
    0x0800027c   0x0800027c   0x00000006   Code   RO         6185    .ARM.Collect$$rtexit$$00000004  c_w.l(rtexit2.o)
    0x08000282   0x08000282   0x00000002   PAD
    0x08000284   0x08000284   0x00000040   Code   RO            4    .text               startup_stm32f407xx.o
    0x080002c4   0x080002c4   0x000000ee   Code   RO         5910    .text               c_w.l(lludivv7m.o)
    0x080003b2   0x080003b2   0x00000002   PAD
    0x080003b4   0x080003b4   0x0000003c   Code   RO         5912    .text               c_w.l(__0sscanf.o)
    0x080003f0   0x080003f0   0x00000048   Code   RO         5914    .text               c_w.l(strcpy.o)
    0x08000438   0x08000438   0x0000008a   Code   RO         5916    .text               c_w.l(rt_memcpy_v6.o)
    0x080004c2   0x080004c2   0x00000064   Code   RO         5918    .text               c_w.l(rt_memcpy_w.o)
    0x08000526   0x08000526   0x00000044   Code   RO         5920    .text               c_w.l(rt_memclr.o)
    0x0800056a   0x0800056a   0x0000004e   Code   RO         5922    .text               c_w.l(rt_memclr_w.o)
    0x080005b8   0x080005b8   0x00000006   Code   RO         5924    .text               c_w.l(heapauxi.o)
    0x080005be   0x080005be   0x00000002   PAD
    0x080005c0   0x080005c0   0x000004f8   Code   RO         5969    .text               c_w.l(scanf_fp.o)
    0x08000ab8   0x08000ab8   0x0000002c   Code   RO         5973    .text               c_w.l(scanf_char.o)
    0x08000ae4   0x08000ae4   0x00000040   Code   RO         5975    .text               c_w.l(_sgetc.o)
    0x08000b24   0x08000b24   0x00000008   Code   RO         6004    .text               c_w.l(rt_locale_intlibspace.o)
    0x08000b2c   0x08000b2c   0x00000008   Code   RO         6009    .text               c_w.l(rt_errno_addr_intlibspace.o)
    0x08000b34   0x08000b34   0x00000012   Code   RO         6011    .text               c_w.l(isspace.o)
    0x08000b46   0x08000b46   0x00000002   PAD
    0x08000b48   0x08000b48   0x00000374   Code   RO         6013    .text               c_w.l(_scanf.o)
    0x08000ebc   0x08000ebc   0x000000e4   Code   RO         6015    .text               c_w.l(bigflt0.o)
    0x08000fa0   0x08000fa0   0x00000008   Code   RO         6063    .text               c_w.l(libspace.o)
    0x08000fa8   0x08000fa8   0x0000004a   Code   RO         6066    .text               c_w.l(sys_stackheap_outer.o)
    0x08000ff2   0x08000ff2   0x00000002   PAD
    0x08000ff4   0x08000ff4   0x00000010   Code   RO         6068    .text               c_w.l(rt_ctype_table.o)
    0x08001004   0x08001004   0x00000016   Code   RO         6070    .text               c_w.l(_rserrno.o)
    0x0800101a   0x0800101a   0x00000002   PAD
    0x0800101c   0x0800101c   0x00000320   Code   RO         6072    .text               c_w.l(scanf_hexfp.o)
    0x0800133c   0x0800133c   0x00000134   Code   RO         6074    .text               c_w.l(scanf_infnan.o)
    0x08001470   0x08001470   0x00000012   Code   RO         6076    .text               c_w.l(exit.o)
    0x08001482   0x08001482   0x00000002   PAD
    0x08001484   0x08001484   0x00000080   Code   RO         6082    .text               c_w.l(strcmpv7m.o)
    0x08001504   0x08001504   0x00000026   Code   RO         6147    .text               c_w.l(llshl.o)
    0x0800152a   0x0800152a   0x0000001c   Code   RO         6149    .text               c_w.l(_chval.o)
    0x08001546   0x08001546   0x00000002   PAD
    0x08001548   0x08001548   0x0000000c   Code   RO         6180    .text               c_w.l(sys_exit.o)
    0x08001554   0x08001554   0x00000002   Code   RO         6218    .text               c_w.l(use_no_semi.o)
    0x08001556   0x08001556   0x00000000   Code   RO         6220    .text               c_w.l(indicate_semi.o)
    0x08001556   0x08001556   0x00000338   Code   RO         6028    CL$$btod_div_common  c_w.l(btod.o)
    0x0800188e   0x0800188e   0x00000002   PAD
    0x08001890   0x08001890   0x00000084   Code   RO         6026    CL$$btod_e2d        c_w.l(btod.o)
    0x08001914   0x08001914   0x000000dc   Code   RO         6025    CL$$btod_e2e        c_w.l(btod.o)
    0x080019f0   0x080019f0   0x0000002a   Code   RO         6022    CL$$btod_ediv       c_w.l(btod.o)
    0x08001a1a   0x08001a1a   0x0000002a   Code   RO         6024    CL$$btod_edivd      c_w.l(btod.o)
    0x08001a44   0x08001a44   0x0000002a   Code   RO         6021    CL$$btod_emul       c_w.l(btod.o)
    0x08001a6e   0x08001a6e   0x0000002a   Code   RO         6023    CL$$btod_emuld      c_w.l(btod.o)
    0x08001a98   0x08001a98   0x00000244   Code   RO         6027    CL$$btod_mult_common  c_w.l(btod.o)
    0x08001cdc   0x08001cdc   0x00000044   Code   RO          854    i.ABS               aml_motorcontrol.o
    0x08001d20   0x08001d20   0x00000034   Code   RO          594    i.AML_DebugDevice_BuzzerBeep  aml_debugdevice.o
    0x08001d54   0x08001d54   0x00000028   Code   RO          596    i.AML_DebugDevice_SetAllLED  aml_debugdevice.o
    0x08001d7c   0x08001d7c   0x00000020   Code   RO          597    i.AML_DebugDevice_SetLED  aml_debugdevice.o
    0x08001d9c   0x08001d9c   0x00000014   Code   RO          598    i.AML_DebugDevice_SetOnlyOneLED  aml_debugdevice.o
    0x08001db0   0x08001db0   0x0000001c   Code   RO          602    i.AML_DebugDevice_TurnOffLED  aml_debugdevice.o
    0x08001dcc   0x08001dcc   0x0000001c   Code   RO          604    i.AML_DebugDevice_TurnOnLED  aml_debugdevice.o
    0x08001de8   0x08001de8   0x00000010   Code   RO          682    i.AML_Encoder_GetLeftValue  aml_encoder.o
    0x08001df8   0x08001df8   0x00000010   Code   RO          683    i.AML_Encoder_GetRightValue  aml_encoder.o
    0x08001e08   0x08001e08   0x00000010   Code   RO          684    i.AML_Encoder_ResetLeftValue  aml_encoder.o
    0x08001e18   0x08001e18   0x00000010   Code   RO          685    i.AML_Encoder_ResetRightValue  aml_encoder.o
    0x08001e28   0x08001e28   0x0000001c   Code   RO          686    i.AML_Encoder_Setup  aml_encoder.o
    0x08001e44   0x08001e44   0x000000d0   Code   RO          771    i.AML_LaserSensor_Init  aml_lasersensor.o
    0x08001f14   0x08001f14   0x00000014   Code   RO          772    i.AML_LaserSensor_IsFrontWall  aml_lasersensor.o
    0x08001f28   0x08001f28   0x00000014   Code   RO          773    i.AML_LaserSensor_IsLeftWall  aml_lasersensor.o
    0x08001f3c   0x08001f3c   0x00000014   Code   RO          774    i.AML_LaserSensor_IsRightWall  aml_lasersensor.o
    0x08001f50   0x08001f50   0x00000248   Code   RO          775    i.AML_LaserSensor_ReadAll  aml_lasersensor.o
    0x08002198   0x08002198   0x00000044   Code   RO          776    i.AML_LaserSensor_ReadSingleWithFillter  aml_lasersensor.o
    0x080021dc   0x080021dc   0x00000044   Code   RO          777    i.AML_LaserSensor_ReadSingleWithoutFillter  aml_lasersensor.o
    0x08002220   0x08002220   0x000001fc   Code   RO          778    i.AML_LaserSensor_Setup  aml_lasersensor.o
    0x0800241c   0x0800241c   0x00000028   Code   RO         1159    i.AML_MPUSensor_GetAngle  aml_mpusensor.o
    0x08002444   0x08002444   0x00000098   Code   RO         1160    i.AML_MPUSensor_ResetAngle  aml_mpusensor.o
    0x080024dc   0x080024dc   0x0000001c   Code   RO         1161    i.AML_MPUSensor_Setup  aml_mpusensor.o
    0x080024f8   0x080024f8   0x000000f8   Code   RO          855    i.AML_MotoControl_GoStraight5  aml_motorcontrol.o
    0x080025f0   0x080025f0   0x0000006c   Code   RO          858    i.AML_MotorControl_AdvanceTicks  aml_motorcontrol.o
    0x0800265c   0x0800265c   0x000000a0   Code   RO          865    i.AML_MotorControl_LeftPWM  aml_motorcontrol.o
    0x080026fc   0x080026fc   0x00000038   Code   RO          867    i.AML_MotorControl_LeftWallFollow  aml_motorcontrol.o
    0x08002734   0x08002734   0x00000074   Code   RO          868    i.AML_MotorControl_MPUFollow  aml_motorcontrol.o
    0x080027a8   0x080027a8   0x000000d8   Code   RO          869    i.AML_MotorControl_MoveForward  aml_motorcontrol.o
    0x08002880   0x08002880   0x00000074   Code   RO          872    i.AML_MotorControl_PIDSetMode  aml_motorcontrol.o
    0x080028f4   0x080028f4   0x000000e4   Code   RO          873    i.AML_MotorControl_PIDSetOutputLimits  aml_motorcontrol.o
    0x080029d8   0x080029d8   0x0000004c   Code   RO          874    i.AML_MotorControl_PIDSetSampleTime  aml_motorcontrol.o
    0x08002a24   0x08002a24   0x00000294   Code   RO          876    i.AML_MotorControl_PIDSetup  aml_motorcontrol.o
    0x08002cb8   0x08002cb8   0x000000a4   Code   RO          878    i.AML_MotorControl_RightPWM  aml_motorcontrol.o
    0x08002d5c   0x08002d5c   0x00000038   Code   RO          880    i.AML_MotorControl_RightWallFollow  aml_motorcontrol.o
    0x08002d94   0x08002d94   0x00000060   Code   RO          881    i.AML_MotorControl_SetCenterPosition  aml_motorcontrol.o
    0x08002df4   0x08002df4   0x0000000c   Code   RO          885    i.AML_MotorControl_SetMouseSpeed  aml_motorcontrol.o
    0x08002e00   0x08002e00   0x00000044   Code   RO          888    i.AML_MotorControl_Setup  aml_motorcontrol.o
    0x08002e44   0x08002e44   0x0000005a   Code   RO          889    i.AML_MotorControl_ShortBreak  aml_motorcontrol.o
    0x08002e9e   0x08002e9e   0x00000010   Code   RO          890    i.AML_MotorControl_Stop  aml_motorcontrol.o
    0x08002eae   0x08002eae   0x00000002   PAD
    0x08002eb0   0x08002eb0   0x000002a8   Code   RO          892    i.AML_MotorControl_TurnLeft180  aml_motorcontrol.o
    0x08003158   0x08003158   0x000003d4   Code   RO          893    i.AML_MotorControl_TurnLeft90  aml_motorcontrol.o
    0x0800352c   0x0800352c   0x00000010   Code   RO          894    i.AML_MotorControl_TurnOffWallFollow  aml_motorcontrol.o
    0x0800353c   0x0800353c   0x00000010   Code   RO          895    i.AML_MotorControl_TurnOnWallFollow  aml_motorcontrol.o
    0x0800354c   0x0800354c   0x0000029c   Code   RO          896    i.AML_MotorControl_TurnRight180  aml_motorcontrol.o
    0x080037e8   0x080037e8   0x000003d4   Code   RO          897    i.AML_MotorControl_TurnRight90  aml_motorcontrol.o
    0x08003bbc   0x08003bbc   0x0000036c   Code   RO         2585    i.AML_PID_Compute   aml_pid.o
    0x08003f28   0x08003f28   0x00000078   Code   RO         1218    i.AML_Remote_Handle  aml_remote.o
    0x08003fa0   0x08003fa0   0x00000018   Code   RO         1219    i.AML_Remote_Setup  aml_remote.o
    0x08003fb8   0x08003fb8   0x00000004   Code   RO          391    i.BusFault_Handler  stm32f4xx_it.o
    0x08003fbc   0x08003fbc   0x00000010   Code   RO          392    i.DMA1_Stream1_IRQHandler  stm32f4xx_it.o
    0x08003fcc   0x08003fcc   0x00000034   Code   RO         3845    i.DMA_CalcBaseAndBitshift  stm32f4xx_hal_dma.o
    0x08004000   0x08004000   0x000000aa   Code   RO         3846    i.DMA_CheckFifoParam  stm32f4xx_hal_dma.o
    0x080040aa   0x080040aa   0x0000002c   Code   RO         3847    i.DMA_SetConfig     stm32f4xx_hal_dma.o
    0x080040d6   0x080040d6   0x00000002   Code   RO          393    i.DebugMon_Handler  stm32f4xx_it.o
    0x080040d8   0x080040d8   0x0000000a   Code   RO          394    i.EXTI1_IRQHandler  stm32f4xx_it.o
    0x080040e2   0x080040e2   0x0000000a   Code   RO          395    i.EXTI2_IRQHandler  stm32f4xx_it.o
    0x080040ec   0x080040ec   0x0000000a   Code   RO          396    i.EXTI3_IRQHandler  stm32f4xx_it.o
    0x080040f6   0x080040f6   0x0000000a   Code   RO          397    i.EXTI4_IRQHandler  stm32f4xx_it.o
    0x08004100   0x08004100   0x0000000a   Code   RO          398    i.EXTI9_5_IRQHandler  stm32f4xx_it.o
    0x0800410a   0x0800410a   0x00000006   Code   RO           14    i.Error_Handler     main.o
    0x08004110   0x08004110   0x000000ac   Code   RO         3848    i.HAL_DMA_Abort     stm32f4xx_hal_dma.o
    0x080041bc   0x080041bc   0x00000240   Code   RO         3853    i.HAL_DMA_IRQHandler  stm32f4xx_hal_dma.o
    0x080043fc   0x080043fc   0x000000ec   Code   RO         3854    i.HAL_DMA_Init      stm32f4xx_hal_dma.o
    0x080044e8   0x080044e8   0x00000092   Code   RO         3858    i.HAL_DMA_Start_IT  stm32f4xx_hal_dma.o
    0x0800457a   0x0800457a   0x00000002   PAD
    0x0800457c   0x0800457c   0x00000028   Code   RO         4272    i.HAL_Delay         stm32f4xx_hal.o
    0x080045a4   0x080045a4   0x00000064   Code   RO          733    i.HAL_GPIO_EXTI_Callback  aml_keyboard.o
    0x08004608   0x08004608   0x0000001c   Code   RO         3740    i.HAL_GPIO_EXTI_IRQHandler  stm32f4xx_hal_gpio.o
    0x08004624   0x08004624   0x000001f4   Code   RO         3741    i.HAL_GPIO_Init     stm32f4xx_hal_gpio.o
    0x08004818   0x08004818   0x0000000c   Code   RO         3745    i.HAL_GPIO_WritePin  stm32f4xx_hal_gpio.o
    0x08004824   0x08004824   0x0000000c   Code   RO         4278    i.HAL_GetTick       stm32f4xx_hal.o
    0x08004830   0x08004830   0x000001d0   Code   RO         2862    i.HAL_I2C_Init      stm32f4xx_hal_i2c.o
    0x08004a00   0x08004a00   0x000002f8   Code   RO         2868    i.HAL_I2C_Master_Receive  stm32f4xx_hal_i2c.o
    0x08004cf8   0x08004cf8   0x00000170   Code   RO         2875    i.HAL_I2C_Master_Transmit  stm32f4xx_hal_i2c.o
    0x08004e68   0x08004e68   0x00000088   Code   RO          516    i.HAL_I2C_MspInit   stm32f4xx_hal_msp.o
    0x08004ef0   0x08004ef0   0x00000018   Code   RO         4284    i.HAL_IncTick       stm32f4xx_hal.o
    0x08004f08   0x08004f08   0x0000003c   Code   RO         4285    i.HAL_Init          stm32f4xx_hal.o
    0x08004f44   0x08004f44   0x0000004c   Code   RO         4286    i.HAL_InitTick      stm32f4xx_hal.o
    0x08004f90   0x08004f90   0x00000048   Code   RO          517    i.HAL_MspInit       stm32f4xx_hal_msp.o
    0x08004fd8   0x08004fd8   0x00000020   Code   RO         4130    i.HAL_NVIC_EnableIRQ  stm32f4xx_hal_cortex.o
    0x08004ff8   0x08004ff8   0x0000007c   Code   RO         4136    i.HAL_NVIC_SetPriority  stm32f4xx_hal_cortex.o
    0x08005074   0x08005074   0x00000028   Code   RO         4137    i.HAL_NVIC_SetPriorityGrouping  stm32f4xx_hal_cortex.o
    0x0800509c   0x0800509c   0x00000184   Code   RO         3342    i.HAL_RCC_ClockConfig  stm32f4xx_hal_rcc.o
    0x08005220   0x08005220   0x0000000c   Code   RO         3347    i.HAL_RCC_GetHCLKFreq  stm32f4xx_hal_rcc.o
    0x0800522c   0x0800522c   0x00000020   Code   RO         3349    i.HAL_RCC_GetPCLK1Freq  stm32f4xx_hal_rcc.o
    0x0800524c   0x0800524c   0x00000020   Code   RO         3350    i.HAL_RCC_GetPCLK2Freq  stm32f4xx_hal_rcc.o
    0x0800526c   0x0800526c   0x000000b0   Code   RO         3351    i.HAL_RCC_GetSysClockFreq  stm32f4xx_hal_rcc.o
    0x0800531c   0x0800531c   0x0000049c   Code   RO         3354    i.HAL_RCC_OscConfig  stm32f4xx_hal_rcc.o
    0x080057b8   0x080057b8   0x00000034   Code   RO         4141    i.HAL_SYSTICK_Config  stm32f4xx_hal_cortex.o
    0x080057ec   0x080057ec   0x00000002   Code   RO         5240    i.HAL_TIMEx_BreakCallback  stm32f4xx_hal_tim_ex.o
    0x080057ee   0x080057ee   0x00000002   Code   RO         5241    i.HAL_TIMEx_CommutCallback  stm32f4xx_hal_tim_ex.o
    0x080057f0   0x080057f0   0x000000b4   Code   RO         5259    i.HAL_TIMEx_MasterConfigSynchronization  stm32f4xx_hal_tim_ex.o
    0x080058a4   0x080058a4   0x00000066   Code   RO         4525    i.HAL_TIM_Base_Init  stm32f4xx_hal_tim.o
    0x0800590a   0x0800590a   0x00000002   PAD
    0x0800590c   0x0800590c   0x000000b4   Code   RO          519    i.HAL_TIM_Base_MspInit  stm32f4xx_hal_msp.o
    0x080059c0   0x080059c0   0x0000009c   Code   RO         4528    i.HAL_TIM_Base_Start  stm32f4xx_hal_tim.o
    0x08005a5c   0x08005a5c   0x000000a8   Code   RO         4530    i.HAL_TIM_Base_Start_IT  stm32f4xx_hal_tim.o
    0x08005b04   0x08005b04   0x0000003e   Code   RO         4533    i.HAL_TIM_Base_Stop_IT  stm32f4xx_hal_tim.o
    0x08005b42   0x08005b42   0x0000010c   Code   RO         4534    i.HAL_TIM_ConfigClockSource  stm32f4xx_hal_tim.o
    0x08005c4e   0x08005c4e   0x000000c8   Code   RO         4546    i.HAL_TIM_Encoder_Init  stm32f4xx_hal_tim.o
    0x08005d16   0x08005d16   0x00000002   PAD
    0x08005d18   0x08005d18   0x00000158   Code   RO          521    i.HAL_TIM_Encoder_MspInit  stm32f4xx_hal_msp.o
    0x08005e70   0x08005e70   0x000000cc   Code   RO         4549    i.HAL_TIM_Encoder_Start  stm32f4xx_hal_tim.o
    0x08005f3c   0x08005f3c   0x00000002   Code   RO         4559    i.HAL_TIM_IC_CaptureCallback  stm32f4xx_hal_tim.o
    0x08005f3e   0x08005f3e   0x00000196   Code   RO         4573    i.HAL_TIM_IRQHandler  stm32f4xx_hal_tim.o
    0x080060d4   0x080060d4   0x0000005c   Code   RO          522    i.HAL_TIM_MspPostInit  stm32f4xx_hal_msp.o
    0x08006130   0x08006130   0x00000002   Code   RO         4576    i.HAL_TIM_OC_DelayElapsedCallback  stm32f4xx_hal_tim.o
    0x08006132   0x08006132   0x00000104   Code   RO         4597    i.HAL_TIM_PWM_ConfigChannel  stm32f4xx_hal_tim.o
    0x08006236   0x08006236   0x00000066   Code   RO         4600    i.HAL_TIM_PWM_Init  stm32f4xx_hal_tim.o
    0x0800629c   0x0800629c   0x00000002   Code   RO         4602    i.HAL_TIM_PWM_MspInit  stm32f4xx_hal_tim.o
    0x0800629e   0x0800629e   0x00000002   Code   RO         4603    i.HAL_TIM_PWM_PulseFinishedCallback  stm32f4xx_hal_tim.o
    0x080062a0   0x080062a0   0x0000010c   Code   RO         4605    i.HAL_TIM_PWM_Start  stm32f4xx_hal_tim.o
    0x080063ac   0x080063ac   0x0000002c   Code   RO          899    i.HAL_TIM_PeriodElapsedCallback  aml_motorcontrol.o
    0x080063d8   0x080063d8   0x00000002   Code   RO         4616    i.HAL_TIM_TriggerCallback  stm32f4xx_hal_tim.o
    0x080063da   0x080063da   0x00000002   Code   RO         5518    i.HAL_UARTEx_RxEventCallback  stm32f4xx_hal_uart.o
    0x080063dc   0x080063dc   0x0000008a   Code   RO         5530    i.HAL_UART_DMAStop  stm32f4xx_hal_uart.o
    0x08006466   0x08006466   0x00000002   Code   RO         5532    i.HAL_UART_ErrorCallback  stm32f4xx_hal_uart.o
    0x08006468   0x08006468   0x00000072   Code   RO         5536    i.HAL_UART_Init     stm32f4xx_hal_uart.o
    0x080064da   0x080064da   0x00000002   PAD
    0x080064dc   0x080064dc   0x00000140   Code   RO          524    i.HAL_UART_MspInit  stm32f4xx_hal_msp.o
    0x0800661c   0x0800661c   0x000000dc   Code   RO         5539    i.HAL_UART_Receive  stm32f4xx_hal_uart.o
    0x080066f8   0x080066f8   0x00000042   Code   RO         5540    i.HAL_UART_Receive_DMA  stm32f4xx_hal_uart.o
    0x0800673a   0x0800673a   0x00000042   Code   RO         5541    i.HAL_UART_Receive_IT  stm32f4xx_hal_uart.o
    0x0800677c   0x0800677c   0x00000160   Code   RO         1162    i.HAL_UART_RxCpltCallback  aml_mpusensor.o
    0x080068dc   0x080068dc   0x00000002   Code   RO         5543    i.HAL_UART_RxHalfCpltCallback  stm32f4xx_hal_uart.o
    0x080068de   0x080068de   0x000000d2   Code   RO         5544    i.HAL_UART_Transmit  stm32f4xx_hal_uart.o
    0x080069b0   0x080069b0   0x00000014   Code   RO          399    i.HardFault_Handler  stm32f4xx_it.o
    0x080069c4   0x080069c4   0x0000003e   Code   RO         2905    i.I2C_IsAcknowledgeFailed  stm32f4xx_hal_i2c.o
    0x08006a02   0x08006a02   0x00000002   PAD
    0x08006a04   0x08006a04   0x00000138   Code   RO         2908    i.I2C_MasterRequestRead  stm32f4xx_hal_i2c.o
    0x08006b3c   0x08006b3c   0x000000c0   Code   RO         2909    i.I2C_MasterRequestWrite  stm32f4xx_hal_i2c.o
    0x08006bfc   0x08006bfc   0x0000005c   Code   RO         2925    i.I2C_WaitOnBTFFlagUntilTimeout  stm32f4xx_hal_i2c.o
    0x08006c58   0x08006c58   0x00000086   Code   RO         2926    i.I2C_WaitOnFlagUntilTimeout  stm32f4xx_hal_i2c.o
    0x08006cde   0x08006cde   0x000000c4   Code   RO         2927    i.I2C_WaitOnMasterAddressFlagUntilTimeout  stm32f4xx_hal_i2c.o
    0x08006da2   0x08006da2   0x00000080   Code   RO         2928    i.I2C_WaitOnRXNEFlagUntilTimeout  stm32f4xx_hal_i2c.o
    0x08006e22   0x08006e22   0x0000005c   Code   RO         2931    i.I2C_WaitOnTXEFlagUntilTimeout  stm32f4xx_hal_i2c.o
    0x08006e7e   0x08006e7e   0x00000002   PAD
    0x08006e80   0x08006e80   0x00000038   Code   RO           15    i.MX_DMA_Init       main.o
    0x08006eb8   0x08006eb8   0x000001cc   Code   RO           16    i.MX_GPIO_Init      main.o
    0x08007084   0x08007084   0x00000040   Code   RO           17    i.MX_I2C1_Init      main.o
    0x080070c4   0x080070c4   0x00000034   Code   RO           18    i.MX_TIM10_Init     main.o
    0x080070f8   0x080070f8   0x00000084   Code   RO           19    i.MX_TIM1_Init      main.o
    0x0800717c   0x0800717c   0x000000b0   Code   RO           20    i.MX_TIM2_Init      main.o
    0x0800722c   0x0800722c   0x00000080   Code   RO           21    i.MX_TIM4_Init      main.o
    0x080072ac   0x080072ac   0x00000050   Code   RO           22    i.MX_TIM9_Init      main.o
    0x080072fc   0x080072fc   0x00000038   Code   RO           23    i.MX_USART3_UART_Init  main.o
    0x08007334   0x08007334   0x00000038   Code   RO           24    i.MX_USART6_UART_Init  main.o
    0x0800736c   0x0800736c   0x00000004   Code   RO          400    i.MemManage_Handler  stm32f4xx_it.o
    0x08007370   0x08007370   0x00000004   Code   RO          401    i.NMI_Handler       stm32f4xx_it.o
    0x08007374   0x08007374   0x00000094   Code   RO         1318    i.PID               pid.o
    0x08007408   0x08007408   0x00000208   Code   RO         1320    i.PID_Compute       pid.o
    0x08007610   0x08007610   0x00000078   Code   RO         1326    i.PID_Init          pid.o
    0x08007688   0x08007688   0x0000007c   Code   RO         1327    i.PID_SetControllerDirection  pid.o
    0x08007704   0x08007704   0x00000022   Code   RO         1328    i.PID_SetMode       pid.o
    0x08007726   0x08007726   0x00000104   Code   RO         1329    i.PID_SetOutputLimits  pid.o
    0x0800782a   0x0800782a   0x00000002   PAD
    0x0800782c   0x0800782c   0x00000130   Code   RO         1332    i.PID_SetTunings2   pid.o
    0x0800795c   0x0800795c   0x00000002   Code   RO          402    i.PendSV_Handler    stm32f4xx_it.o
    0x0800795e   0x0800795e   0x00000002   PAD
    0x08007960   0x08007960   0x0000010c   Code   RO           25    i.RemarkMode        main.o
    0x08007a6c   0x08007a6c   0x0000005c   Code   RO           28    i.RunNewAlgorithm   main.o
    0x08007ac8   0x08007ac8   0x00000002   Code   RO          403    i.SVC_Handler       stm32f4xx_it.o
    0x08007aca   0x08007aca   0x00000002   PAD
    0x08007acc   0x08007acc   0x00000094   Code   RO           29    i.SetTicks          main.o
    0x08007b60   0x08007b60   0x0000002c   Code   RO         1256    i.SimpleKalmanFilter_Init  kalmanfilter.o
    0x08007b8c   0x08007b8c   0x00000072   Code   RO         1262    i.SimpleKalmanFilter_updateEstimate  kalmanfilter.o
    0x08007bfe   0x08007bfe   0x00000008   Code   RO          404    i.SysTick_Handler   stm32f4xx_it.o
    0x08007c06   0x08007c06   0x00000002   PAD
    0x08007c08   0x08007c08   0x000000b0   Code   RO           31    i.SystemClock_Config  main.o
    0x08007cb8   0x08007cb8   0x00000014   Code   RO         5875    i.SystemInit        system_stm32f4xx.o
    0x08007ccc   0x08007ccc   0x00000010   Code   RO           32    i.SystemTest        main.o
    0x08007cdc   0x08007cdc   0x00000018   Code   RO          405    i.TIM1_BRK_TIM9_IRQHandler  stm32f4xx_it.o
    0x08007cf4   0x08007cf4   0x00000018   Code   RO          406    i.TIM1_UP_TIM10_IRQHandler  stm32f4xx_it.o
    0x08007d0c   0x08007d0c   0x000000d8   Code   RO         4618    i.TIM_Base_SetConfig  stm32f4xx_hal_tim.o
    0x08007de4   0x08007de4   0x00000022   Code   RO         4619    i.TIM_CCxChannelCmd  stm32f4xx_hal_tim.o
    0x08007e06   0x08007e06   0x00000016   Code   RO         4629    i.TIM_ETR_SetConfig  stm32f4xx_hal_tim.o
    0x08007e1c   0x08007e1c   0x00000012   Code   RO         4630    i.TIM_ITRx_SetConfig  stm32f4xx_hal_tim.o
    0x08007e2e   0x08007e2e   0x00000002   PAD
    0x08007e30   0x08007e30   0x00000070   Code   RO         4631    i.TIM_OC1_SetConfig  stm32f4xx_hal_tim.o
    0x08007ea0   0x08007ea0   0x0000007c   Code   RO         4632    i.TIM_OC2_SetConfig  stm32f4xx_hal_tim.o
    0x08007f1c   0x08007f1c   0x00000078   Code   RO         4633    i.TIM_OC3_SetConfig  stm32f4xx_hal_tim.o
    0x08007f94   0x08007f94   0x00000054   Code   RO         4634    i.TIM_OC4_SetConfig  stm32f4xx_hal_tim.o
    0x08007fe8   0x08007fe8   0x00000026   Code   RO         4636    i.TIM_TI1_ConfigInputStage  stm32f4xx_hal_tim.o
    0x0800800e   0x0800800e   0x00000028   Code   RO         4638    i.TIM_TI2_ConfigInputStage  stm32f4xx_hal_tim.o
    0x08008036   0x08008036   0x00000040   Code   RO           33    i.TestLaser         main.o
    0x08008076   0x08008076   0x00000002   PAD
    0x08008078   0x08008078   0x0000007c   Code   RO           34    i.TestMPU           main.o
    0x080080f4   0x080080f4   0x00000018   Code   RO           35    i.TestMPUFollow     main.o
    0x0800810c   0x0800810c   0x00000058   Code   RO           36    i.TestMode          main.o
    0x08008164   0x08008164   0x000000da   Code   RO           37    i.TestMotor         main.o
    0x0800823e   0x0800823e   0x00000002   PAD
    0x08008240   0x08008240   0x00000050   Code   RO           38    i.TestTurning       main.o
    0x08008290   0x08008290   0x0000000c   Code   RO           39    i.TurnOffRemarkAfterTurn  main.o
    0x0800829c   0x0800829c   0x0000000c   Code   RO           40    i.TurnOffRemarkWall  main.o
    0x080082a8   0x080082a8   0x0000000c   Code   RO           41    i.TurnOnRemarkAfterTurn  main.o
    0x080082b4   0x080082b4   0x00000050   Code   RO         5550    i.UART_DMAError     stm32f4xx_hal_uart.o
    0x08008304   0x08008304   0x000000b0   Code   RO         5551    i.UART_DMAReceiveCplt  stm32f4xx_hal_uart.o
    0x080083b4   0x080083b4   0x00000020   Code   RO         5553    i.UART_DMARxHalfCplt  stm32f4xx_hal_uart.o
    0x080083d4   0x080083d4   0x0000006c   Code   RO         5559    i.UART_EndRxTransfer  stm32f4xx_hal_uart.o
    0x08008440   0x08008440   0x00000026   Code   RO         5561    i.UART_EndTxTransfer  stm32f4xx_hal_uart.o
    0x08008466   0x08008466   0x00000002   PAD
    0x08008468   0x08008468   0x0000022c   Code   RO         5563    i.UART_SetConfig    stm32f4xx_hal_uart.o
    0x08008694   0x08008694   0x000000d0   Code   RO         5564    i.UART_Start_Receive_DMA  stm32f4xx_hal_uart.o
    0x08008764   0x08008764   0x0000004a   Code   RO         5565    i.UART_Start_Receive_IT  stm32f4xx_hal_uart.o
    0x080087ae   0x080087ae   0x00000092   Code   RO         5567    i.UART_WaitOnFlagUntilTimeout  stm32f4xx_hal_uart.o
    0x08008840   0x08008840   0x00000004   Code   RO          407    i.UsageFault_Handler  stm32f4xx_it.o
    0x08008844   0x08008844   0x00000084   Code   RO         1432    i.VL53L0X_CheckAndLoadInterruptSettings  vl53l0x_api.o
    0x080088c8   0x080088c8   0x00000052   Code   RO         1433    i.VL53L0X_ClearInterruptMask  vl53l0x_api.o
    0x0800891a   0x0800891a   0x00000002   PAD
    0x0800891c   0x0800891c   0x00000144   Code   RO         1434    i.VL53L0X_DataInit  vl53l0x_api.o
    0x08008a60   0x08008a60   0x0000000a   Code   RO         1439    i.VL53L0X_GetDeviceMode  vl53l0x_api.o
    0x08008a6a   0x08008a6a   0x000000a0   Code   RO         1440    i.VL53L0X_GetDeviceParameters  vl53l0x_api.o
    0x08008b0a   0x08008b0a   0x00000022   Code   RO         1442    i.VL53L0X_GetFractionEnable  vl53l0x_api.o
    0x08008b2c   0x08008b2c   0x0000003e   Code   RO         1446    i.VL53L0X_GetInterMeasurementPeriodMilliSeconds  vl53l0x_api.o
    0x08008b6a   0x08008b6a   0x00000030   Code   RO         1447    i.VL53L0X_GetInterruptMaskStatus  vl53l0x_api.o
    0x08008b9a   0x08008b9a   0x00000042   Code   RO         1448    i.VL53L0X_GetInterruptThresholds  vl53l0x_api.o
    0x08008bdc   0x08008bdc   0x0000001c   Code   RO         1450    i.VL53L0X_GetLimitCheckEnable  vl53l0x_api.o
    0x08008bf8   0x08008bf8   0x000000b6   Code   RO         1453    i.VL53L0X_GetLimitCheckValue  vl53l0x_api.o
    0x08008cae   0x08008cae   0x00000056   Code   RO         1456    i.VL53L0X_GetMeasurementDataReady  vl53l0x_api.o
    0x08008d04   0x08008d04   0x00000016   Code   RO         1458    i.VL53L0X_GetMeasurementTimingBudgetMicroSeconds  vl53l0x_api.o
    0x08008d1a   0x08008d1a   0x00000016   Code   RO         1462    i.VL53L0X_GetOffsetCalibrationDataMicroMeter  vl53l0x_api.o
    0x08008d30   0x08008d30   0x0000016e   Code   RO         1470    i.VL53L0X_GetRangingMeasurementData  vl53l0x_api.o
    0x08008e9e   0x08008e9e   0x00000076   Code   RO         1474    i.VL53L0X_GetSequenceStepEnables  vl53l0x_api.o
    0x08008f14   0x08008f14   0x00000052   Code   RO         1475    i.VL53L0X_GetSequenceStepTimeout  vl53l0x_api.o
    0x08008f66   0x08008f66   0x0000001e   Code   RO         1483    i.VL53L0X_GetVcselPulsePeriod  vl53l0x_api.o
    0x08008f84   0x08008f84   0x0000003e   Code   RO         1485    i.VL53L0X_GetWrapAroundCheckEnable  vl53l0x_api.o
    0x08008fc2   0x08008fc2   0x0000000c   Code   RO         1486    i.VL53L0X_GetXTalkCompensationEnable  vl53l0x_api.o
    0x08008fce   0x08008fce   0x00000038   Code   RO         1487    i.VL53L0X_GetXTalkCompensationRateMegaCps  vl53l0x_api.o
    0x08009006   0x08009006   0x00000020   Code   RO         1489    i.VL53L0X_PerformRefCalibration  vl53l0x_api.o
    0x08009026   0x08009026   0x0000001e   Code   RO         1490    i.VL53L0X_PerformRefSpadManagement  vl53l0x_api.o
    0x08009044   0x08009044   0x0000003c   Code   RO         1492    i.VL53L0X_PerformSingleMeasurement  vl53l0x_api.o
    0x08009080   0x08009080   0x00000038   Code   RO         1493    i.VL53L0X_PerformSingleRangingMeasurement  vl53l0x_api.o
    0x080090b8   0x080090b8   0x00000010   Code   RO         2492    i.VL53L0X_PollingDelay  vl53l0x_platform.o
    0x080090c8   0x080090c8   0x00000034   Code   RO         2493    i.VL53L0X_RdByte    vl53l0x_platform.o
    0x080090fc   0x080090fc   0x00000058   Code   RO         2494    i.VL53L0X_RdDWord   vl53l0x_platform.o
    0x08009154   0x08009154   0x00000048   Code   RO         2495    i.VL53L0X_RdWord    vl53l0x_platform.o
    0x0800919c   0x0800919c   0x0000003e   Code   RO         2496    i.VL53L0X_ReadMulti  vl53l0x_platform.o
    0x080091da   0x080091da   0x00000024   Code   RO         1497    i.VL53L0X_SetDeviceAddress  vl53l0x_api.o
    0x080091fe   0x080091fe   0x00000032   Code   RO         1498    i.VL53L0X_SetDeviceMode  vl53l0x_api.o
    0x08009230   0x08009230   0x00000166   Code   RO         1501    i.VL53L0X_SetGpioConfig  vl53l0x_api.o
    0x08009396   0x08009396   0x000000c2   Code   RO         1506    i.VL53L0X_SetLimitCheckEnable  vl53l0x_api.o
    0x08009458   0x08009458   0x00000076   Code   RO         1507    i.VL53L0X_SetLimitCheckValue  vl53l0x_api.o
    0x080094ce   0x080094ce   0x00000016   Code   RO         1509    i.VL53L0X_SetMeasurementTimingBudgetMicroSeconds  vl53l0x_api.o
    0x080094e4   0x080094e4   0x000000c4   Code   RO         1516    i.VL53L0X_SetSequenceStepEnable  vl53l0x_api.o
    0x080095a8   0x080095a8   0x0000001e   Code   RO         1521    i.VL53L0X_SetVcselPulsePeriod  vl53l0x_api.o
    0x080095c6   0x080095c6   0x000000b2   Code   RO         1525    i.VL53L0X_StartMeasurement  vl53l0x_api.o
    0x08009678   0x08009678   0x000001a0   Code   RO         1526    i.VL53L0X_StaticInit  vl53l0x_api.o
    0x08009818   0x08009818   0x0000003e   Code   RO         2497    i.VL53L0X_UpdateByte  vl53l0x_platform.o
    0x08009856   0x08009856   0x00000008   Code   RO         1528    i.VL53L0X_WaitDeviceBooted  vl53l0x_api.o
    0x0800985e   0x0800985e   0x00000002   PAD
    0x08009860   0x08009860   0x00000034   Code   RO         2498    i.VL53L0X_WrByte    vl53l0x_platform.o
    0x08009894   0x08009894   0x00000038   Code   RO         2500    i.VL53L0X_WrWord    vl53l0x_platform.o
    0x080098cc   0x080098cc   0x00000044   Code   RO         2501    i.VL53L0X_WriteMulti  vl53l0x_platform.o
    0x08009910   0x08009910   0x0000018c   Code   RO         2218    i.VL53L0X_calc_dmax  vl53l0x_api_core.o
    0x08009a9c   0x08009a9c   0x00000016   Code   RO         2219    i.VL53L0X_calc_macro_period_ps  vl53l0x_api_core.o
    0x08009ab2   0x08009ab2   0x00000002   PAD
    0x08009ab4   0x08009ab4   0x000002b0   Code   RO         2220    i.VL53L0X_calc_sigma_estimate  vl53l0x_api_core.o
    0x08009d64   0x08009d64   0x00000034   Code   RO         2221    i.VL53L0X_calc_timeout_mclks  vl53l0x_api_core.o
    0x08009d98   0x08009d98   0x00000036   Code   RO         2222    i.VL53L0X_calc_timeout_us  vl53l0x_api_core.o
    0x08009dce   0x08009dce   0x0000000e   Code   RO         2223    i.VL53L0X_decode_timeout  vl53l0x_api_core.o
    0x08009ddc   0x08009ddc   0x0000000c   Code   RO         2224    i.VL53L0X_decode_vcsel_period  vl53l0x_api_core.o
    0x08009de8   0x08009de8   0x0000004e   Code   RO         2225    i.VL53L0X_device_read_strobe  vl53l0x_api_core.o
    0x08009e36   0x08009e36   0x00000028   Code   RO         2226    i.VL53L0X_encode_timeout  vl53l0x_api_core.o
    0x08009e5e   0x08009e5e   0x0000000e   Code   RO         2227    i.VL53L0X_encode_vcsel_period  vl53l0x_api_core.o
    0x08009e6c   0x08009e6c   0x0000054a   Code   RO         2228    i.VL53L0X_get_info_from_device  vl53l0x_api_core.o
    0x0800a3b6   0x0800a3b6   0x000000ee   Code   RO         2229    i.VL53L0X_get_measurement_timing_budget_micro_seconds  vl53l0x_api_core.o
    0x0800a4a4   0x0800a4a4   0x00000056   Code   RO         2060    i.VL53L0X_get_offset_calibration_data_micro_meter  vl53l0x_api_calibration.o
    0x0800a4fa   0x0800a4fa   0x00000234   Code   RO         2230    i.VL53L0X_get_pal_range_status  vl53l0x_api_core.o
    0x0800a72e   0x0800a72e   0x00000028   Code   RO         2231    i.VL53L0X_get_total_signal_rate  vl53l0x_api_core.o
    0x0800a756   0x0800a756   0x0000003a   Code   RO         2232    i.VL53L0X_get_total_xtalk_rate  vl53l0x_api_core.o
    0x0800a790   0x0800a790   0x00000046   Code   RO         2233    i.VL53L0X_get_vcsel_pulse_period  vl53l0x_api_core.o
    0x0800a7d6   0x0800a7d6   0x0000002c   Code   RO         2234    i.VL53L0X_isqrt     vl53l0x_api_core.o
    0x0800a802   0x0800a802   0x000000ea   Code   RO         2235    i.VL53L0X_load_tuning_settings  vl53l0x_api_core.o
    0x0800a8ec   0x0800a8ec   0x00000040   Code   RO         2236    i.VL53L0X_measurement_poll_for_completion  vl53l0x_api_core.o
    0x0800a92c   0x0800a92c   0x0000007c   Code   RO         2064    i.VL53L0X_perform_phase_calibration  vl53l0x_api_calibration.o
    0x0800a9a8   0x0800a9a8   0x0000004c   Code   RO         2065    i.VL53L0X_perform_ref_calibration  vl53l0x_api_calibration.o
    0x0800a9f4   0x0800a9f4   0x00000292   Code   RO         2066    i.VL53L0X_perform_ref_spad_management  vl53l0x_api_calibration.o
    0x0800ac86   0x0800ac86   0x00000040   Code   RO         2067    i.VL53L0X_perform_single_ref_calibration  vl53l0x_api_calibration.o
    0x0800acc6   0x0800acc6   0x0000007e   Code   RO         2068    i.VL53L0X_perform_vhv_calibration  vl53l0x_api_calibration.o
    0x0800ad44   0x0800ad44   0x000000b0   Code   RO         2070    i.VL53L0X_ref_calibration_io  vl53l0x_api_calibration.o
    0x0800adf4   0x0800adf4   0x00000128   Code   RO         2239    i.VL53L0X_set_measurement_timing_budget_micro_seconds  vl53l0x_api_core.o
    0x0800af1c   0x0800af1c   0x000000c2   Code   RO         2073    i.VL53L0X_set_reference_spads  vl53l0x_api_calibration.o
    0x0800afde   0x0800afde   0x000002fe   Code   RO         2240    i.VL53L0X_set_vcsel_pulse_period  vl53l0x_api_core.o
    0x0800b2dc   0x0800b2dc   0x0000002e   Code   RO         2502    i._I2CRead          vl53l0x_platform.o
    0x0800b30a   0x0800b30a   0x0000002a   Code   RO         2503    i._I2CWrite         vl53l0x_platform.o
    0x0800b334   0x0800b334   0x00000010   Code   RO         4143    i.__NVIC_GetPriorityGrouping  stm32f4xx_hal_cortex.o
    0x0800b344   0x0800b344   0x00000028   Code   RO         4144    i.__NVIC_SetPriority  stm32f4xx_hal_cortex.o
    0x0800b36c   0x0800b36c   0x00000004   PAD
    0x0800b370   0x0800b370   0x000000f8   Code   RO         6055    i.__hardfp___mathlib_tofloat  m_wm.l(narrow.o)
    0x0800b468   0x0800b468   0x000000d0   Code   RO         6164    i.__hardfp_ldexp    m_wm.l(ldexp.o)
    0x0800b538   0x0800b538   0x00000020   Code   RO         6203    i.__mathlib_dbl_overflow  m_wm.l(dunder.o)
    0x0800b558   0x0800b558   0x00000020   Code   RO         6205    i.__mathlib_dbl_underflow  m_wm.l(dunder.o)
    0x0800b578   0x0800b578   0x00000012   Code   RO         6056    i.__mathlib_narrow  m_wm.l(narrow.o)
    0x0800b58a   0x0800b58a   0x00000014   Code   RO         6166    i.__support_ldexp   m_wm.l(ldexp.o)
    0x0800b59e   0x0800b59e   0x0000000e   Code   RO         5971    i._is_digit         c_w.l(scanf_fp.o)
    0x0800b5ac   0x0800b5ac   0x000001a8   Code   RO         2684    i.calculateShortestPathDistances  solver.o
    0x0800b754   0x0800b754   0x000000ac   Code   RO         2075    i.enable_ref_spads  vl53l0x_api_calibration.o
    0x0800b800   0x0800b800   0x00000032   Code   RO         2076    i.enable_spad_bit   vl53l0x_api_calibration.o
    0x0800b832   0x0800b832   0x00000018   Code   RO         2685    i.fastRunSolver     solver.o
    0x0800b84a   0x0800b84a   0x00000002   PAD
    0x0800b84c   0x0800b84c   0x000000a4   Code   RO         2686    i.fastRunWithVariableVelocity  solver.o
    0x0800b8f0   0x0800b8f0   0x000004d0   Code   RO         2687    i.floodFill         solver.o
    0x0800bdc0   0x0800bdc0   0x0000008c   Code   RO         6139    i.frexp             m_wm.l(frexp.o)
    0x0800be4c   0x0800be4c   0x00000080   Code   RO         2688    i.getReachingCenter  solver.o
    0x0800becc   0x0800becc   0x00000068   Code   RO         2077    i.get_next_good_spad  vl53l0x_api_calibration.o
    0x0800bf34   0x0800bf34   0x00000018   Code   RO         2078    i.get_ref_spad_map  vl53l0x_api_calibration.o
    0x0800bf4c   0x0800bf4c   0x00000122   Code   RO         2241    i.get_sequence_step_timeout  vl53l0x_api_core.o
    0x0800c06e   0x0800c06e   0x00000002   PAD
    0x0800c070   0x0800c070   0x00000038   Code   RO         1164    i.handle            aml_mpusensor.o
    0x0800c0a8   0x0800c0a8   0x00000074   Code   RO         2689    i.initialize        solver.o
    0x0800c11c   0x0800c11c   0x0000006c   Code   RO         2690    i.isWallInDirection  solver.o
    0x0800c188   0x0800c188   0x00000018   Code   RO         2079    i.is_aperture       vl53l0x_api_calibration.o
    0x0800c1a0   0x0800c1a0   0x00000128   Code   RO           43    i.main              main.o
    0x0800c2c8   0x0800c2c8   0x00000160   Code   RO         2691    i.markCenterWall    solver.o
    0x0800c428   0x0800c428   0x00000018   Code   RO         2692    i.moveForwardWithVariableVelocity  solver.o
    0x0800c440   0x0800c440   0x0000006e   Code   RO         2080    i.perform_ref_signal_measurement  vl53l0x_api_calibration.o
    0x0800c4ae   0x0800c4ae   0x00000002   PAD
    0x0800c4b0   0x0800c4b0   0x00000014   Code   RO         2626    i.queue_is_empty    queue.o
    0x0800c4c4   0x0800c4c4   0x00000048   Code   RO         2627    i.queue_pop         queue.o
    0x0800c50c   0x0800c50c   0x0000004c   Code   RO         2628    i.queue_push        queue.o
    0x0800c558   0x0800c558   0x00000028   Code   RO         2629    i.queue_reset       queue.o
    0x0800c580   0x0800c580   0x00000054   Code   RO         2693    i.resetDistances    solver.o
    0x0800c5d4   0x0800c5d4   0x0000003c   Code   RO         2694    i.resetWallMaze     solver.o
    0x0800c610   0x0800c610   0x00000068   Code   RO         2695    i.searchCenterToStart  solver.o
    0x0800c678   0x0800c678   0x00000040   Code   RO         2696    i.searchRun         solver.o
    0x0800c6b8   0x0800c6b8   0x00000048   Code   RO         1530    i.sequence_step_enabled  vl53l0x_api.o
    0x0800c700   0x0800c700   0x00000018   Code   RO         2697    i.setPosition       solver.o
    0x0800c718   0x0800c718   0x0000000c   Code   RO         2698    i.setPriorityHeading  solver.o
    0x0800c724   0x0800c724   0x00000018   Code   RO         2081    i.set_ref_spad_map  vl53l0x_api_calibration.o
    0x0800c73c   0x0800c73c   0x0000013a   Code   RO         2242    i.set_sequence_step_timeout  vl53l0x_api_core.o
    0x0800c876   0x0800c876   0x00000020   Code   RO         2699    i.solver            solver.o
    0x0800c896   0x0800c896   0x00000028   Code   RO         2700    i.squareToCoord     solver.o
    0x0800c8be   0x0800c8be   0x00000002   PAD
    0x0800c8c0   0x0800c8c0   0x00000164   Code   RO         2701    i.updateDistances   solver.o
    0x0800ca24   0x0800ca24   0x00000088   Code   RO         2702    i.updateHeading     solver.o
    0x0800caac   0x0800caac   0x00000224   Code   RO         2703    i.updateMaze        solver.o
    0x0800ccd0   0x0800ccd0   0x0000005c   Code   RO         2704    i.updatePosition    solver.o
    0x0800cd2c   0x0800cd2c   0x0000000a   Code   RO         2705    i.xyToSquare        solver.o
    0x0800cd36   0x0800cd36   0x00000002   PAD
    0x0800cd38   0x0800cd38   0x0000002c   Code   RO         6041    locale$$code        c_w.l(lc_numeric_c.o)
    0x0800cd64   0x0800cd64   0x0000002c   Code   RO         6152    locale$$code        c_w.l(lc_ctype_c.o)
    0x0800cd90   0x0800cd90   0x00000018   Code   RO         5928    x$fpl$basic         fz_wm.l(basic.o)
    0x0800cda8   0x0800cda8   0x00000062   Code   RO         6135    x$fpl$d2f           fz_wm.l(d2f.o)
    0x0800ce0a   0x0800ce0a   0x00000002   PAD
    0x0800ce0c   0x0800ce0c   0x00000150   Code   RO         5930    x$fpl$dadd          fz_wm.l(daddsub_clz.o)
    0x0800cf5c   0x0800cf5c   0x00000010   Code   RO         6232    x$fpl$dcheck1       fz_wm.l(dcheck1.o)
    0x0800cf6c   0x0800cf6c   0x00000018   Code   RO         5977    x$fpl$dcmpinf       fz_wm.l(dcmpi.o)
    0x0800cf84   0x0800cf84   0x000002b0   Code   RO         5937    x$fpl$ddiv          fz_wm.l(ddiv.o)
    0x0800d234   0x0800d234   0x00000078   Code   RO         5940    x$fpl$deqf          fz_wm.l(deqf.o)
    0x0800d2ac   0x0800d2ac   0x0000005e   Code   RO         5942    x$fpl$dfix          fz_wm.l(dfix.o)
    0x0800d30a   0x0800d30a   0x00000002   PAD
    0x0800d30c   0x0800d30c   0x0000005a   Code   RO         5946    x$fpl$dfixu         fz_wm.l(dfixu.o)
    0x0800d366   0x0800d366   0x0000002e   Code   RO         5951    x$fpl$dflt          fz_wm.l(dflt_clz.o)
    0x0800d394   0x0800d394   0x00000026   Code   RO         5950    x$fpl$dfltu         fz_wm.l(dflt_clz.o)
    0x0800d3ba   0x0800d3ba   0x00000002   PAD
    0x0800d3bc   0x0800d3bc   0x00000078   Code   RO         5956    x$fpl$dleqf         fz_wm.l(dleqf.o)
    0x0800d434   0x0800d434   0x00000154   Code   RO         5958    x$fpl$dmul          fz_wm.l(dmul.o)
    0x0800d588   0x0800d588   0x0000009c   Code   RO         5979    x$fpl$dnaninf       fz_wm.l(dnaninf.o)
    0x0800d624   0x0800d624   0x0000000c   Code   RO         5981    x$fpl$dretinf       fz_wm.l(dretinf.o)
    0x0800d630   0x0800d630   0x0000006c   Code   RO         5960    x$fpl$drleqf        fz_wm.l(drleqf.o)
    0x0800d69c   0x0800d69c   0x00000016   Code   RO         5931    x$fpl$drsb          fz_wm.l(daddsub_clz.o)
    0x0800d6b2   0x0800d6b2   0x00000002   PAD
    0x0800d6b4   0x0800d6b4   0x000001d4   Code   RO         5932    x$fpl$dsub          fz_wm.l(daddsub_clz.o)
    0x0800d888   0x0800d888   0x0000000a   Code   RO         6160    x$fpl$fpinit        fz_wm.l(fpinit.o)
    0x0800d892   0x0800d892   0x0000000a   Code   RO         6162    x$fpl$fretinf       fz_wm.l(fretinf.o)
    0x0800d89c   0x0800d89c   0x00000006   Code   RO         6047    x$fpl$ieeestatus    fz_wm.l(istatus.o)
    0x0800d8a2   0x0800d8a2   0x00000064   Code   RO         6266    x$fpl$retnan        fz_wm.l(retnan.o)
    0x0800d906   0x0800d906   0x0000005c   Code   RO         6197    x$fpl$scalbn        fz_wm.l(scalbn.o)
    0x0800d962   0x0800d962   0x00000004   Code   RO         5962    x$fpl$scanf1        fz_wm.l(scanf1.o)
    0x0800d966   0x0800d966   0x00000008   Code   RO         6049    x$fpl$scanf2        fz_wm.l(scanf2.o)
    0x0800d96e   0x0800d96e   0x00000030   Code   RO         6268    x$fpl$trapveneer    fz_wm.l(trapv.o)
    0x0800d99e   0x0800d99e   0x00000000   Code   RO         5983    x$fpl$usenofp       fz_wm.l(usenofp.o)
    0x0800d99e   0x0800d99e   0x00000008   Data   RO         3860    .constdata          stm32f4xx_hal_dma.o
    0x0800d9a6   0x0800d9a6   0x00000018   Data   RO         5876    .constdata          system_stm32f4xx.o
    0x0800d9be   0x0800d9be   0x00000002   PAD
    0x0800d9c0   0x0800d9c0   0x00000094   Data   RO         6016    .constdata          c_w.l(bigflt0.o)
    0x0800da54   0x0800da54   0x00000020   Data   RO         6270    Region$$Table       anon$$obj.o
    0x0800da74   0x0800da74   0x00000008   Data   RO         6043    c$$dinf             fz_wm.l(fpconst.o)
    0x0800da7c   0x0800da7c   0x00000008   Data   RO         6046    c$$dmax             fz_wm.l(fpconst.o)
    0x0800da84   0x0800da84   0x0000001c   Data   RO         6040    locale$$data        c_w.l(lc_numeric_c.o)
    0x0800daa0   0x0800daa0   0x00000110   Data   RO         6151    locale$$data        c_w.l(lc_ctype_c.o)


    Execution Region RW_IRAM1 (Exec base: 0x20000000, Load base: 0x0800dbb0, Size: 0x00003d50, Max: 0x0001c000, ABSOLUTE, COMPRESSED[0x00000384])

    Exec Addr    Load Addr    Size         Type   Attr      Idx    E Section Name        Object

    0x20000000   COMPRESSED   0x0000002c   Data   RW           45    .data               main.o
    0x2000002c   COMPRESSED   0x00000013   Data   RW          605    .data               aml_debugdevice.o
    0x2000003f   COMPRESSED   0x00000001   PAD
    0x20000040   COMPRESSED   0x0000000a   Data   RW          734    .data               aml_keyboard.o
    0x2000004a   COMPRESSED   0x00000002   PAD
    0x2000004c   COMPRESSED   0x0000000f   Data   RW          782    .data               aml_lasersensor.o
    0x2000005b   COMPRESSED   0x00000005   PAD
    0x20000060   COMPRESSED   0x00000359   Data   RW          902    .data               aml_motorcontrol.o
    0x200003b9   COMPRESSED   0x00000007   PAD
    0x200003c0   COMPRESSED   0x00000021   Data   RW         1166    .data               aml_mpusensor.o
    0x200003e1   COMPRESSED   0x00000007   PAD
    0x200003e8   COMPRESSED   0x00000020   Data   RW         1222    .data               aml_remote.o
    0x20000408   COMPRESSED   0x000002a9   Data   RW         1531    .data               vl53l0x_api.o
    0x200006b1   COMPRESSED   0x00000003   PAD
    0x200006b4   COMPRESSED   0x00000010   Data   RW         2082    .data               vl53l0x_api_calibration.o
    0x200006c4   COMPRESSED   0x0000040f   Data   RW         2707    .data               solver.o
    0x20000ad3   COMPRESSED   0x00000001   PAD
    0x20000ad4   COMPRESSED   0x00000009   Data   RW         4292    .data               stm32f4xx_hal.o
    0x20000add   COMPRESSED   0x00000003   PAD
    0x20000ae0   COMPRESSED   0x00000004   Data   RW         5877    .data               system_stm32f4xx.o
    0x20000ae4        -       0x0000036c   Zero   RW           44    .bss                main.o
    0x20000e50        -       0x00000c10   Zero   RW          781    .bss                aml_lasersensor.o
    0x20001a60        -       0x000003f0   Zero   RW          901    .bss                aml_motorcontrol.o
    0x20001e50        -       0x00000024   Zero   RW         1165    .bss                aml_mpusensor.o
    0x20001e74        -       0x00000030   Zero   RW         1221    .bss                aml_remote.o
    0x20001ea4        -       0x00000040   Zero   RW         2504    .bss                vl53l0x_platform.o
    0x20001ee4        -       0x0000040c   Zero   RW         2631    .bss                queue.o
    0x200022f0        -       0x00001400   Zero   RW         2706    .bss                solver.o
    0x200036f0        -       0x00000060   Zero   RW         6064    .bss                c_w.l(libspace.o)
    0x20003750        -       0x00000200   Zero   RW            2    HEAP                startup_stm32f407xx.o
    0x20003950        -       0x00000400   Zero   RW            1    STACK               startup_stm32f407xx.o


    Execution Region RW_IRAM2 (Exec base: 0x2001c000, Load base: 0x0800df34, Size: 0x00000000, Max: 0x00004000, ABSOLUTE)

    **** No section assigned to this execution region ****


==============================================================================

Image component sizes


      Code (inc. data)   RO Data    RW Data    ZI Data      Debug   Object Name

       200         40          0         19          0       4845   aml_debugdevice.o
        92         32          0          0          0       2886   aml_encoder.o
       100         14          0         10          0       1487   aml_keyboard.o
      1496        110          0         15       3088       6811   aml_lasersensor.o
      5938        772          0        857       1008      24071   aml_motorcontrol.o
       628        130          0         33         36       4132   aml_mpusensor.o
       876         18          0          0          0       1434   aml_pid.o
       144         54          0         32         48       2149   aml_remote.o
       158          6          0          0          0       1886   kalmanfilter.o
      2896        188          0         44        876     736366   main.o
      1510         50          0          0          0       6306   pid.o
       208         18          0          0       1036       3224   queue.o
      4134        164          0       1039       5120      17426   solver.o
        64         26        392          0       1536        924   startup_stm32f407xx.o
       212         36          0          9          0      10025   stm32f4xx_hal.o
       304         22          0          0          0      34999   stm32f4xx_hal_cortex.o
      1396         16          8          0          0       6999   stm32f4xx_hal_dma.o
       540         50          0          0          0       3063   stm32f4xx_hal_gpio.o
      2800         48          0          0          0      12374   stm32f4xx_hal_i2c.o
      1144         92          0          0          0       5471   stm32f4xx_hal_msp.o
      1820         84          0          0          0       6168   stm32f4xx_hal_rcc.o
      3014        172          0          0          0      21927   stm32f4xx_hal_tim.o
       184         30          0          0          0       2805   stm32f4xx_hal_tim_ex.o
      2238         22          0          0          0      15852   stm32f4xx_hal_uart.o
       164         26          0          0          0       9559   stm32f4xx_it.o
        20          6         24          4          0       1367   system_stm32f4xx.o
      3840         64          0        681          0      34516   vl53l0x_api.o
      2012          6          0         16          0      16607   vl53l0x_api_calibration.o
      5702         18          0          0          0      29955   vl53l0x_api_core.o
       616         24          0          0         64       9915   vl53l0x_platform.o

    ----------------------------------------------------------------------
     44500       2342        458       2788      12812    1035549   Object Totals
         0          0         32          0          0          0   (incl. Generated)
        50          4          2         29          0          0   (incl. Padding)

    ----------------------------------------------------------------------

      Code (inc. data)   RO Data    RW Data    ZI Data      Debug   Library Member Name

        60          8          0          0          0         84   __0sscanf.o
        90          0          0          0          0          0   __dczerorl2.o
         8          0          0          0          0         68   __main.o
         0          0          0          0          0          0   __rtentry.o
        12          0          0          0          0          0   __rtentry2.o
         6          0          0          0          0          0   __rtentry4.o
        52          8          0          0          0          0   __scatter.o
        28          0          0          0          0          0   __scatter_zi.o
        28          0          0          0          0         68   _chval.o
        22          0          0          0          0        100   _rserrno.o
       884          6          0          0          0        100   _scanf.o
        64          0          0          0          0         84   _sgetc.o
       228          4        148          0          0         96   bigflt0.o
      1924        136          0          0          0        756   btod.o
        18          0          0          0          0         80   exit.o
         6          0          0          0          0        152   heapauxi.o
         0          0          0          0          0          0   indicate_semi.o
        18          0          0          0          0         76   isspace.o
        44         10        272          0          0         76   lc_ctype_c.o
        44         10         28          0          0         76   lc_numeric_c.o
         2          0          0          0          0          0   libinit.o
        34          0          0          0          0          0   libinit2.o
         2          0          0          0          0          0   libshutdown.o
         2          0          0          0          0          0   libshutdown2.o
         8          4          0          0         96         68   libspace.o
        38          0          0          0          0         68   llshl.o
       238          0          0          0          0        100   lludivv7m.o
        16          4          0          0          0         76   rt_ctype_table.o
         8          4          0          0          0         68   rt_errno_addr_intlibspace.o
         8          4          0          0          0         68   rt_locale_intlibspace.o
        68          0          0          0          0         68   rt_memclr.o
        78          0          0          0          0         80   rt_memclr_w.o
       138          0          0          0          0         68   rt_memcpy_v6.o
       100          0          0          0          0         80   rt_memcpy_w.o
         2          0          0          0          0          0   rtexit.o
        10          0          0          0          0          0   rtexit2.o
        44          8          0          0          0         84   scanf_char.o
      1286         16          0          0          0        236   scanf_fp.o
       800         14          0          0          0        100   scanf_hexfp.o
       308         16          0          0          0        100   scanf_infnan.o
       128          0          0          0          0         68   strcmpv7m.o
        72          0          0          0          0         80   strcpy.o
        12          4          0          0          0         68   sys_exit.o
        74          0          0          0          0         80   sys_stackheap_outer.o
         2          0          0          0          0         68   use_no_semi.o
        24          0          0          0          0        164   basic.o
        98          4          0          0          0        140   d2f.o
       826         16          0          0          0        492   daddsub_clz.o
        16          4          0          0          0        116   dcheck1.o
        24          0          0          0          0        116   dcmpi.o
       688        140          0          0          0        256   ddiv.o
       120          4          0          0          0        140   deqf.o
        94          4          0          0          0        140   dfix.o
        90          4          0          0          0        140   dfixu.o
        84          0          0          0          0        232   dflt_clz.o
       120          4          0          0          0        140   dleqf.o
       340         12          0          0          0        152   dmul.o
       156          4          0          0          0        140   dnaninf.o
        12          0          0          0          0        116   dretinf.o
       108          0          0          0          0        128   drleqf.o
         0          0         16          0          0          0   fpconst.o
        10          0          0          0          0        116   fpinit.o
        10          0          0          0          0        116   fretinf.o
         6          0          0          0          0        116   istatus.o
       100          0          0          0          0        116   retnan.o
        92          0          0          0          0        116   scalbn.o
         4          0          0          0          0        116   scanf1.o
         8          0          0          0          0        132   scanf2.o
        48          0          0          0          0        116   trapv.o
         0          0          0          0          0          0   usenofp.o
        64         16          0          0          0        248   dunder.o
       140         22          0          0          0        132   frexp.o
       228          8          0          0          0        308   ldexp.o
       266         16          0          0          0        308   narrow.o

    ----------------------------------------------------------------------
     10818        516        464          0         96       7996   Library Totals
        28          2          0          0          0          0   (incl. Padding)

    ----------------------------------------------------------------------

      Code (inc. data)   RO Data    RW Data    ZI Data      Debug   Library Name

      7014        256        448          0         96       3444   c_w.l
      3078        196         16          0          0       3556   fz_wm.l
       698         62          0          0          0        996   m_wm.l

    ----------------------------------------------------------------------
     10818        516        464          0         96       7996   Library Totals

    ----------------------------------------------------------------------

==============================================================================


      Code (inc. data)   RO Data    RW Data    ZI Data      Debug   

     55318       2858        922       2788      12908    1008473   Grand Totals
     55318       2858        922        900      12908    1008473   ELF Image Totals (compressed)
     55318       2858        922        900          0          0   ROM Totals

==============================================================================

    Total RO  Size (Code + RO Data)                56240 (  54.92kB)
    Total RW  Size (RW Data + ZI Data)             15696 (  15.33kB)
    Total ROM Size (Code + RO Data + RW Data)      57140 (  55.80kB)

==============================================================================

